<?xml version="1.0" encoding="ISO-8859-1" ?>
<link_info>
   <banner>TI ARM Linker PC v20.2.7.LTS</banner>
   <copyright>Copyright (c) 1996-2018 Texas Instruments Incorporated</copyright>
   <link_time>0x6732aad4</link_time>
   <link_errors>0x0</link_errors>
   <output_file>Lab5.out</output_file>
   <entry_point>
      <name>_c_int00_noargs</name>
      <address>0x9341</address>
   </entry_point>
   <input_file_list>
      <input_file id="fl-2">
         <path>.\</path>
         <kind>object</kind>
         <file>main.obj</file>
         <name>main.obj</name>
      </input_file>
      <input_file id="fl-3">
         <path>.\</path>
         <kind>object</kind>
         <file>threads.obj</file>
         <name>threads.obj</name>
      </input_file>
      <input_file id="fl-4">
         <path>.\</path>
         <kind>object</kind>
         <file>tm4c123gh6pm_startup_ccs.obj</file>
         <name>tm4c123gh6pm_startup_ccs.obj</name>
      </input_file>
      <input_file id="fl-5">
         <path>.\G8RTOS\src\</path>
         <kind>object</kind>
         <file>G8RTOS_CriticalSection.obj</file>
         <name>G8RTOS_CriticalSection.obj</name>
      </input_file>
      <input_file id="fl-6">
         <path>.\G8RTOS\src\</path>
         <kind>object</kind>
         <file>G8RTOS_IPC.obj</file>
         <name>G8RTOS_IPC.obj</name>
      </input_file>
      <input_file id="fl-7">
         <path>.\G8RTOS\src\</path>
         <kind>object</kind>
         <file>G8RTOS_Scheduler.obj</file>
         <name>G8RTOS_Scheduler.obj</name>
      </input_file>
      <input_file id="fl-8">
         <path>.\G8RTOS\src\</path>
         <kind>object</kind>
         <file>G8RTOS_SchedulerASM.obj</file>
         <name>G8RTOS_SchedulerASM.obj</name>
      </input_file>
      <input_file id="fl-9">
         <path>.\G8RTOS\src\</path>
         <kind>object</kind>
         <file>G8RTOS_Semaphores.obj</file>
         <name>G8RTOS_Semaphores.obj</name>
      </input_file>
      <input_file id="fl-a">
         <path>.\MiscFunctions\LinAlg\src\</path>
         <kind>object</kind>
         <file>linalg.obj</file>
         <name>linalg.obj</name>
      </input_file>
      <input_file id="fl-b">
         <path>.\MiscFunctions\LinAlg\src\</path>
         <kind>object</kind>
         <file>quaternions.obj</file>
         <name>quaternions.obj</name>
      </input_file>
      <input_file id="fl-c">
         <path>.\MiscFunctions\LinAlg\src\</path>
         <kind>object</kind>
         <file>vect3d.obj</file>
         <name>vect3d.obj</name>
      </input_file>
      <input_file id="fl-d">
         <path>.\MiscFunctions\Shapes\src\</path>
         <kind>object</kind>
         <file>cube.obj</file>
         <name>cube.obj</name>
      </input_file>
      <input_file id="fl-e">
         <path>.\MiscFunctions\Signals\src\</path>
         <kind>object</kind>
         <file>goertzel.obj</file>
         <name>goertzel.obj</name>
      </input_file>
      <input_file id="fl-f">
         <path>.\MultimodDrivers\src\</path>
         <kind>object</kind>
         <file>multimod_BMI160.obj</file>
         <name>multimod_BMI160.obj</name>
      </input_file>
      <input_file id="fl-10">
         <path>.\MultimodDrivers\src\</path>
         <kind>object</kind>
         <file>multimod_LaunchpadButtons.obj</file>
         <name>multimod_LaunchpadButtons.obj</name>
      </input_file>
      <input_file id="fl-11">
         <path>.\MultimodDrivers\src\</path>
         <kind>object</kind>
         <file>multimod_LaunchpadLED.obj</file>
         <name>multimod_LaunchpadLED.obj</name>
      </input_file>
      <input_file id="fl-12">
         <path>.\MultimodDrivers\src\</path>
         <kind>object</kind>
         <file>multimod_OPT3001.obj</file>
         <name>multimod_OPT3001.obj</name>
      </input_file>
      <input_file id="fl-13">
         <path>.\MultimodDrivers\src\</path>
         <kind>object</kind>
         <file>multimod_PCA9555.obj</file>
         <name>multimod_PCA9555.obj</name>
      </input_file>
      <input_file id="fl-14">
         <path>.\MultimodDrivers\src\</path>
         <kind>object</kind>
         <file>multimod_PCA9956b.obj</file>
         <name>multimod_PCA9956b.obj</name>
      </input_file>
      <input_file id="fl-15">
         <path>.\MultimodDrivers\src\</path>
         <kind>object</kind>
         <file>multimod_ST7789.obj</file>
         <name>multimod_ST7789.obj</name>
      </input_file>
      <input_file id="fl-16">
         <path>.\MultimodDrivers\src\</path>
         <kind>object</kind>
         <file>multimod_buttons.obj</file>
         <name>multimod_buttons.obj</name>
      </input_file>
      <input_file id="fl-17">
         <path>.\MultimodDrivers\src\</path>
         <kind>object</kind>
         <file>multimod_dac.obj</file>
         <name>multimod_dac.obj</name>
      </input_file>
      <input_file id="fl-18">
         <path>.\MultimodDrivers\src\</path>
         <kind>object</kind>
         <file>multimod_i2c.obj</file>
         <name>multimod_i2c.obj</name>
      </input_file>
      <input_file id="fl-19">
         <path>.\MultimodDrivers\src\</path>
         <kind>object</kind>
         <file>multimod_joystick.obj</file>
         <name>multimod_joystick.obj</name>
      </input_file>
      <input_file id="fl-1a">
         <path>.\MultimodDrivers\src\</path>
         <kind>object</kind>
         <file>multimod_mic.obj</file>
         <name>multimod_mic.obj</name>
      </input_file>
      <input_file id="fl-1b">
         <path>.\MultimodDrivers\src\</path>
         <kind>object</kind>
         <file>multimod_spi.obj</file>
         <name>multimod_spi.obj</name>
      </input_file>
      <input_file id="fl-1c">
         <path>.\MultimodDrivers\src\</path>
         <kind>object</kind>
         <file>multimod_uart.obj</file>
         <name>multimod_uart.obj</name>
      </input_file>
      <input_file id="fl-1d">
         <path>.\driverlib\</path>
         <kind>object</kind>
         <file>adc.obj</file>
         <name>adc.obj</name>
      </input_file>
      <input_file id="fl-1e">
         <path>.\driverlib\</path>
         <kind>object</kind>
         <file>aes.obj</file>
         <name>aes.obj</name>
      </input_file>
      <input_file id="fl-1f">
         <path>.\driverlib\</path>
         <kind>object</kind>
         <file>can.obj</file>
         <name>can.obj</name>
      </input_file>
      <input_file id="fl-20">
         <path>.\driverlib\</path>
         <kind>object</kind>
         <file>comp.obj</file>
         <name>comp.obj</name>
      </input_file>
      <input_file id="fl-21">
         <path>.\driverlib\</path>
         <kind>object</kind>
         <file>cpu.obj</file>
         <name>cpu.obj</name>
      </input_file>
      <input_file id="fl-22">
         <path>.\driverlib\</path>
         <kind>object</kind>
         <file>crc.obj</file>
         <name>crc.obj</name>
      </input_file>
      <input_file id="fl-23">
         <path>.\driverlib\</path>
         <kind>object</kind>
         <file>des.obj</file>
         <name>des.obj</name>
      </input_file>
      <input_file id="fl-24">
         <path>.\driverlib\</path>
         <kind>object</kind>
         <file>eeprom.obj</file>
         <name>eeprom.obj</name>
      </input_file>
      <input_file id="fl-25">
         <path>.\driverlib\</path>
         <kind>object</kind>
         <file>emac.obj</file>
         <name>emac.obj</name>
      </input_file>
      <input_file id="fl-26">
         <path>.\driverlib\</path>
         <kind>object</kind>
         <file>epi.obj</file>
         <name>epi.obj</name>
      </input_file>
      <input_file id="fl-27">
         <path>.\driverlib\</path>
         <kind>object</kind>
         <file>epi_workaround_ccs.obj</file>
         <name>epi_workaround_ccs.obj</name>
      </input_file>
      <input_file id="fl-28">
         <path>.\driverlib\</path>
         <kind>object</kind>
         <file>flash.obj</file>
         <name>flash.obj</name>
      </input_file>
      <input_file id="fl-29">
         <path>.\driverlib\</path>
         <kind>object</kind>
         <file>fpu.obj</file>
         <name>fpu.obj</name>
      </input_file>
      <input_file id="fl-2a">
         <path>.\driverlib\</path>
         <kind>object</kind>
         <file>gpio.obj</file>
         <name>gpio.obj</name>
      </input_file>
      <input_file id="fl-2b">
         <path>.\driverlib\</path>
         <kind>object</kind>
         <file>hibernate.obj</file>
         <name>hibernate.obj</name>
      </input_file>
      <input_file id="fl-2c">
         <path>.\driverlib\</path>
         <kind>object</kind>
         <file>i2c.obj</file>
         <name>i2c.obj</name>
      </input_file>
      <input_file id="fl-2d">
         <path>.\driverlib\</path>
         <kind>object</kind>
         <file>interrupt.obj</file>
         <name>interrupt.obj</name>
      </input_file>
      <input_file id="fl-2e">
         <path>.\driverlib\</path>
         <kind>object</kind>
         <file>lcd.obj</file>
         <name>lcd.obj</name>
      </input_file>
      <input_file id="fl-2f">
         <path>.\driverlib\</path>
         <kind>object</kind>
         <file>mpu.obj</file>
         <name>mpu.obj</name>
      </input_file>
      <input_file id="fl-30">
         <path>.\driverlib\</path>
         <kind>object</kind>
         <file>onewire.obj</file>
         <name>onewire.obj</name>
      </input_file>
      <input_file id="fl-31">
         <path>.\driverlib\</path>
         <kind>object</kind>
         <file>pwm.obj</file>
         <name>pwm.obj</name>
      </input_file>
      <input_file id="fl-32">
         <path>.\driverlib\</path>
         <kind>object</kind>
         <file>qei.obj</file>
         <name>qei.obj</name>
      </input_file>
      <input_file id="fl-33">
         <path>.\driverlib\</path>
         <kind>object</kind>
         <file>shamd5.obj</file>
         <name>shamd5.obj</name>
      </input_file>
      <input_file id="fl-34">
         <path>.\driverlib\</path>
         <kind>object</kind>
         <file>ssi.obj</file>
         <name>ssi.obj</name>
      </input_file>
      <input_file id="fl-35">
         <path>.\driverlib\</path>
         <kind>object</kind>
         <file>sw_crc.obj</file>
         <name>sw_crc.obj</name>
      </input_file>
      <input_file id="fl-36">
         <path>.\driverlib\</path>
         <kind>object</kind>
         <file>sysctl.obj</file>
         <name>sysctl.obj</name>
      </input_file>
      <input_file id="fl-37">
         <path>.\driverlib\</path>
         <kind>object</kind>
         <file>sysexc.obj</file>
         <name>sysexc.obj</name>
      </input_file>
      <input_file id="fl-38">
         <path>.\driverlib\</path>
         <kind>object</kind>
         <file>systick.obj</file>
         <name>systick.obj</name>
      </input_file>
      <input_file id="fl-39">
         <path>.\driverlib\</path>
         <kind>object</kind>
         <file>timer.obj</file>
         <name>timer.obj</name>
      </input_file>
      <input_file id="fl-3a">
         <path>.\driverlib\</path>
         <kind>object</kind>
         <file>uart.obj</file>
         <name>uart.obj</name>
      </input_file>
      <input_file id="fl-3b">
         <path>.\driverlib\</path>
         <kind>object</kind>
         <file>uartstdio.obj</file>
         <name>uartstdio.obj</name>
      </input_file>
      <input_file id="fl-3c">
         <path>.\driverlib\</path>
         <kind>object</kind>
         <file>udma.obj</file>
         <name>udma.obj</name>
      </input_file>
      <input_file id="fl-3d">
         <path>.\driverlib\</path>
         <kind>object</kind>
         <file>usb.obj</file>
         <name>usb.obj</name>
      </input_file>
      <input_file id="fl-3e">
         <path>.\driverlib\</path>
         <kind>object</kind>
         <file>watchdog.obj</file>
         <name>watchdog.obj</name>
      </input_file>
      <input_file id="fl-46">
         <kind>object</kind>
         <file>&lt;internal&gt;</file>
         <name>&lt;internal&gt;</name>
      </input_file>
      <input_file id="fl-fc">
         <path>C:\ti\ccs1280\ccs\tools\compiler\ti-cgt-arm_20.2.7.LTS\lib\</path>
         <kind>archive</kind>
         <file>rtsv7M4_T_le_v4SPD16_eabi.lib</file>
         <name>e_powf.c.obj</name>
      </input_file>
      <input_file id="fl-fd">
         <path>C:\ti\ccs1280\ccs\tools\compiler\ti-cgt-arm_20.2.7.LTS\lib\</path>
         <kind>archive</kind>
         <file>rtsv7M4_T_le_v4SPD16_eabi.lib</file>
         <name>e_sqrtf.c.obj</name>
      </input_file>
      <input_file id="fl-fe">
         <path>C:\ti\ccs1280\ccs\tools\compiler\ti-cgt-arm_20.2.7.LTS\lib\</path>
         <kind>archive</kind>
         <file>rtsv7M4_T_le_v4SPD16_eabi.lib</file>
         <name>s_lrint.c.obj</name>
      </input_file>
      <input_file id="fl-ff">
         <path>C:\ti\ccs1280\ccs\tools\compiler\ti-cgt-arm_20.2.7.LTS\lib\</path>
         <kind>archive</kind>
         <file>rtsv7M4_T_le_v4SPD16_eabi.lib</file>
         <name>s_scalbnf.c.obj</name>
      </input_file>
      <input_file id="fl-100">
         <path>C:\ti\ccs1280\ccs\tools\compiler\ti-cgt-arm_20.2.7.LTS\lib\</path>
         <kind>archive</kind>
         <file>rtsv7M4_T_le_v4SPD16_eabi.lib</file>
         <name>s_cexp.c.obj</name>
      </input_file>
      <input_file id="fl-101">
         <path>C:\ti\ccs1280\ccs\tools\compiler\ti-cgt-arm_20.2.7.LTS\lib\</path>
         <kind>archive</kind>
         <file>rtsv7M4_T_le_v4SPD16_eabi.lib</file>
         <name>e_exp.c.obj</name>
      </input_file>
      <input_file id="fl-102">
         <path>C:\ti\ccs1280\ccs\tools\compiler\ti-cgt-arm_20.2.7.LTS\lib\</path>
         <kind>archive</kind>
         <file>rtsv7M4_T_le_v4SPD16_eabi.lib</file>
         <name>e_sqrt.c.obj</name>
      </input_file>
      <input_file id="fl-103">
         <path>C:\ti\ccs1280\ccs\tools\compiler\ti-cgt-arm_20.2.7.LTS\lib\</path>
         <kind>archive</kind>
         <file>rtsv7M4_T_le_v4SPD16_eabi.lib</file>
         <name>s_cos.c.obj</name>
      </input_file>
      <input_file id="fl-104">
         <path>C:\ti\ccs1280\ccs\tools\compiler\ti-cgt-arm_20.2.7.LTS\lib\</path>
         <kind>archive</kind>
         <file>rtsv7M4_T_le_v4SPD16_eabi.lib</file>
         <name>s_rint.c.obj</name>
      </input_file>
      <input_file id="fl-105">
         <path>C:\ti\ccs1280\ccs\tools\compiler\ti-cgt-arm_20.2.7.LTS\lib\</path>
         <kind>archive</kind>
         <file>rtsv7M4_T_le_v4SPD16_eabi.lib</file>
         <name>s_sin.c.obj</name>
      </input_file>
      <input_file id="fl-106">
         <path>C:\ti\ccs1280\ccs\tools\compiler\ti-cgt-arm_20.2.7.LTS\lib\</path>
         <kind>archive</kind>
         <file>rtsv7M4_T_le_v4SPD16_eabi.lib</file>
         <name>c99_complex.c.obj</name>
      </input_file>
      <input_file id="fl-107">
         <path>C:\ti\ccs1280\ccs\tools\compiler\ti-cgt-arm_20.2.7.LTS\lib\</path>
         <kind>archive</kind>
         <file>rtsv7M4_T_le_v4SPD16_eabi.lib</file>
         <name>ti_fenv.c.obj</name>
      </input_file>
      <input_file id="fl-108">
         <path>C:\ti\ccs1280\ccs\tools\compiler\ti-cgt-arm_20.2.7.LTS\lib\</path>
         <kind>archive</kind>
         <file>rtsv7M4_T_le_v4SPD16_eabi.lib</file>
         <name>s_copysignf.c.obj</name>
      </input_file>
      <input_file id="fl-109">
         <path>C:\ti\ccs1280\ccs\tools\compiler\ti-cgt-arm_20.2.7.LTS\lib\</path>
         <kind>archive</kind>
         <file>rtsv7M4_T_le_v4SPD16_eabi.lib</file>
         <name>fd_add_t2.asm.obj</name>
      </input_file>
      <input_file id="fl-10a">
         <path>C:\ti\ccs1280\ccs\tools\compiler\ti-cgt-arm_20.2.7.LTS\lib\</path>
         <kind>archive</kind>
         <file>rtsv7M4_T_le_v4SPD16_eabi.lib</file>
         <name>fd_cmp_t2.asm.obj</name>
      </input_file>
      <input_file id="fl-10b">
         <path>C:\ti\ccs1280\ccs\tools\compiler\ti-cgt-arm_20.2.7.LTS\lib\</path>
         <kind>archive</kind>
         <file>rtsv7M4_T_le_v4SPD16_eabi.lib</file>
         <name>fd_div_t2.asm.obj</name>
      </input_file>
      <input_file id="fl-10c">
         <path>C:\ti\ccs1280\ccs\tools\compiler\ti-cgt-arm_20.2.7.LTS\lib\</path>
         <kind>archive</kind>
         <file>rtsv7M4_T_le_v4SPD16_eabi.lib</file>
         <name>fd_mul_t2.asm.obj</name>
      </input_file>
      <input_file id="fl-10d">
         <path>C:\ti\ccs1280\ccs\tools\compiler\ti-cgt-arm_20.2.7.LTS\lib\</path>
         <kind>archive</kind>
         <file>rtsv7M4_T_le_v4SPD16_eabi.lib</file>
         <name>fd_toi_t2.asm.obj</name>
      </input_file>
      <input_file id="fl-10e">
         <path>C:\ti\ccs1280\ccs\tools\compiler\ti-cgt-arm_20.2.7.LTS\lib\</path>
         <kind>archive</kind>
         <file>rtsv7M4_T_le_v4SPD16_eabi.lib</file>
         <name>fd_tos_t2.asm.obj</name>
      </input_file>
      <input_file id="fl-10f">
         <path>C:\ti\ccs1280\ccs\tools\compiler\ti-cgt-arm_20.2.7.LTS\lib\</path>
         <kind>archive</kind>
         <file>rtsv7M4_T_le_v4SPD16_eabi.lib</file>
         <name>fs_tod_t2.asm.obj</name>
      </input_file>
      <input_file id="fl-110">
         <path>C:\ti\ccs1280\ccs\tools\compiler\ti-cgt-arm_20.2.7.LTS\lib\</path>
         <kind>archive</kind>
         <file>rtsv7M4_T_le_v4SPD16_eabi.lib</file>
         <name>i_tofd_t2.asm.obj</name>
      </input_file>
      <input_file id="fl-111">
         <path>C:\ti\ccs1280\ccs\tools\compiler\ti-cgt-arm_20.2.7.LTS\lib\</path>
         <kind>archive</kind>
         <file>rtsv7M4_T_le_v4SPD16_eabi.lib</file>
         <name>memset_t2.asm.obj</name>
      </input_file>
      <input_file id="fl-112">
         <path>C:\ti\ccs1280\ccs\tools\compiler\ti-cgt-arm_20.2.7.LTS\lib\</path>
         <kind>archive</kind>
         <file>rtsv7M4_T_le_v4SPD16_eabi.lib</file>
         <name>u_divt2.asm.obj</name>
      </input_file>
      <input_file id="fl-113">
         <path>C:\ti\ccs1280\ccs\tools\compiler\ti-cgt-arm_20.2.7.LTS\lib\</path>
         <kind>archive</kind>
         <file>rtsv7M4_T_le_v4SPD16_eabi.lib</file>
         <name>copy_zero_init.c.obj</name>
      </input_file>
      <input_file id="fl-114">
         <path>C:\ti\ccs1280\ccs\tools\compiler\ti-cgt-arm_20.2.7.LTS\lib\</path>
         <kind>archive</kind>
         <file>rtsv7M4_T_le_v4SPD16_eabi.lib</file>
         <name>copy_decompress_none.c.obj</name>
      </input_file>
      <input_file id="fl-115">
         <path>C:\ti\ccs1280\ccs\tools\compiler\ti-cgt-arm_20.2.7.LTS\lib\</path>
         <kind>archive</kind>
         <file>rtsv7M4_T_le_v4SPD16_eabi.lib</file>
         <name>copy_decompress_lzss.c.obj</name>
      </input_file>
      <input_file id="fl-116">
         <path>C:\ti\ccs1280\ccs\tools\compiler\ti-cgt-arm_20.2.7.LTS\lib\</path>
         <kind>archive</kind>
         <file>rtsv7M4_T_le_v4SPD16_eabi.lib</file>
         <name>signal.c.obj</name>
      </input_file>
      <input_file id="fl-117">
         <path>C:\ti\ccs1280\ccs\tools\compiler\ti-cgt-arm_20.2.7.LTS\lib\</path>
         <kind>archive</kind>
         <file>rtsv7M4_T_le_v4SPD16_eabi.lib</file>
         <name>k_rem_pio2.c.obj</name>
      </input_file>
      <input_file id="fl-118">
         <path>C:\ti\ccs1280\ccs\tools\compiler\ti-cgt-arm_20.2.7.LTS\lib\</path>
         <kind>archive</kind>
         <file>rtsv7M4_T_le_v4SPD16_eabi.lib</file>
         <name>boot_cortex_m.c.obj</name>
      </input_file>
      <input_file id="fl-119">
         <path>C:\ti\ccs1280\ccs\tools\compiler\ti-cgt-arm_20.2.7.LTS\lib\</path>
         <kind>archive</kind>
         <file>rtsv7M4_T_le_v4SPD16_eabi.lib</file>
         <name>errno.c.obj</name>
      </input_file>
      <input_file id="fl-11a">
         <path>C:\ti\ccs1280\ccs\tools\compiler\ti-cgt-arm_20.2.7.LTS\lib\</path>
         <kind>archive</kind>
         <file>rtsv7M4_T_le_v4SPD16_eabi.lib</file>
         <name>k_exp.c.obj</name>
      </input_file>
      <input_file id="fl-11b">
         <path>C:\ti\ccs1280\ccs\tools\compiler\ti-cgt-arm_20.2.7.LTS\lib\</path>
         <kind>archive</kind>
         <file>rtsv7M4_T_le_v4SPD16_eabi.lib</file>
         <name>k_cos.c.obj</name>
      </input_file>
      <input_file id="fl-11c">
         <path>C:\ti\ccs1280\ccs\tools\compiler\ti-cgt-arm_20.2.7.LTS\lib\</path>
         <kind>archive</kind>
         <file>rtsv7M4_T_le_v4SPD16_eabi.lib</file>
         <name>k_sin.c.obj</name>
      </input_file>
      <input_file id="fl-11d">
         <path>C:\ti\ccs1280\ccs\tools\compiler\ti-cgt-arm_20.2.7.LTS\lib\</path>
         <kind>archive</kind>
         <file>rtsv7M4_T_le_v4SPD16_eabi.lib</file>
         <name>s_floor.c.obj</name>
      </input_file>
      <input_file id="fl-11e">
         <path>C:\ti\ccs1280\ccs\tools\compiler\ti-cgt-arm_20.2.7.LTS\lib\</path>
         <kind>archive</kind>
         <file>rtsv7M4_T_le_v4SPD16_eabi.lib</file>
         <name>s_scalbn.c.obj</name>
      </input_file>
      <input_file id="fl-11f">
         <path>C:\ti\ccs1280\ccs\tools\compiler\ti-cgt-arm_20.2.7.LTS\lib\</path>
         <kind>archive</kind>
         <file>rtsv7M4_T_le_v4SPD16_eabi.lib</file>
         <name>div0.asm.obj</name>
      </input_file>
      <input_file id="fl-120">
         <path>C:\ti\ccs1280\ccs\tools\compiler\ti-cgt-arm_20.2.7.LTS\lib\</path>
         <kind>archive</kind>
         <file>rtsv7M4_T_le_v4SPD16_eabi.lib</file>
         <name>memcpy_t2.asm.obj</name>
      </input_file>
      <input_file id="fl-121">
         <path>C:\ti\ccs1280\ccs\tools\compiler\ti-cgt-arm_20.2.7.LTS\lib\</path>
         <kind>archive</kind>
         <file>rtsv7M4_T_le_v4SPD16_eabi.lib</file>
         <name>autoinit.c.obj</name>
      </input_file>
      <input_file id="fl-122">
         <path>C:\ti\ccs1280\ccs\tools\compiler\ti-cgt-arm_20.2.7.LTS\lib\</path>
         <kind>archive</kind>
         <file>rtsv7M4_T_le_v4SPD16_eabi.lib</file>
         <name>pre_init.c.obj</name>
      </input_file>
      <input_file id="fl-123">
         <path>C:\ti\ccs1280\ccs\tools\compiler\ti-cgt-arm_20.2.7.LTS\lib\</path>
         <kind>archive</kind>
         <file>rtsv7M4_T_le_v4SPD16_eabi.lib</file>
         <name>cpy_tbl.c.obj</name>
      </input_file>
      <input_file id="fl-124">
         <path>C:\ti\ccs1280\ccs\tools\compiler\ti-cgt-arm_20.2.7.LTS\lib\</path>
         <kind>archive</kind>
         <file>rtsv7M4_T_le_v4SPD16_eabi.lib</file>
         <name>exit.c.obj</name>
      </input_file>
      <input_file id="fl-125">
         <path>C:\ti\ccs1280\ccs\tools\compiler\ti-cgt-arm_20.2.7.LTS\lib\</path>
         <kind>archive</kind>
         <file>rtsv7M4_T_le_v4SPD16_eabi.lib</file>
         <name>_lock.c.obj</name>
      </input_file>
      <input_file id="fl-126">
         <path>C:\ti\ccs1280\ccs\tools\compiler\ti-cgt-arm_20.2.7.LTS\lib\</path>
         <kind>archive</kind>
         <file>rtsv7M4_T_le_v4SPD16_eabi.lib</file>
         <name>args_main.c.obj</name>
      </input_file>
      <input_file id="fl-127">
         <path>C:\ti\ccs1280\ccs\tools\compiler\ti-cgt-arm_20.2.7.LTS\lib\</path>
         <kind>archive</kind>
         <file>rtsv7M4_T_le_v4SPD16_eabi.lib</file>
         <name>s_copysign.c.obj</name>
      </input_file>
   </input_file_list>
   <object_component_list>
      <object_component id="oc-12">
         <name>.intvecs</name>
         <load_address>0x0</load_address>
         <run_address>0x0</run_address>
         <size>0x26c</size>
         <input_file_ref idref="fl-4"/>
      </object_component>
      <object_component id="oc-f3">
         <name>.text</name>
         <load_address>0x26c</load_address>
         <run_address>0x26c</run_address>
         <size>0xf80</size>
         <input_file_ref idref="fl-36"/>
      </object_component>
      <object_component id="oc-16d">
         <name>.text</name>
         <load_address>0x11ec</load_address>
         <run_address>0x11ec</run_address>
         <size>0xc14</size>
         <input_file_ref idref="fl-2a"/>
      </object_component>
      <object_component id="oc-19c">
         <name>.text</name>
         <load_address>0x1e00</load_address>
         <run_address>0x1e00</run_address>
         <size>0x840</size>
         <input_file_ref idref="fl-1d"/>
      </object_component>
      <object_component id="oc-c9">
         <name>.text</name>
         <load_address>0x2640</load_address>
         <run_address>0x2640</run_address>
         <size>0x740</size>
         <input_file_ref idref="fl-15"/>
      </object_component>
      <object_component id="oc-3fb">
         <name>.text:__kernel_rem_pio2</name>
         <load_address>0x2d80</load_address>
         <run_address>0x2d80</run_address>
         <size>0x738</size>
         <input_file_ref idref="fl-117"/>
      </object_component>
      <object_component id="oc-1a9">
         <name>.text</name>
         <load_address>0x34b8</load_address>
         <run_address>0x34b8</run_address>
         <size>0x6f8</size>
         <input_file_ref idref="fl-2c"/>
      </object_component>
      <object_component id="oc-ff">
         <name>.text</name>
         <load_address>0x3bb0</load_address>
         <run_address>0x3bb0</run_address>
         <size>0x6ec</size>
         <input_file_ref idref="fl-7"/>
      </object_component>
      <object_component id="oc-1a2">
         <name>.text</name>
         <load_address>0x429c</load_address>
         <run_address>0x429c</run_address>
         <size>0x642</size>
         <input_file_ref idref="fl-39"/>
      </object_component>
      <object_component id="oc-339">
         <name>.text:_nop</name>
         <load_address>0x48de</load_address>
         <run_address>0x48de</run_address>
         <size>0x2</size>
         <input_file_ref idref="fl-125"/>
      </object_component>
      <object_component id="oc-18f">
         <name>.text</name>
         <load_address>0x48e0</load_address>
         <run_address>0x48e0</run_address>
         <size>0x62e</size>
         <input_file_ref idref="fl-3a"/>
      </object_component>
      <object_component id="oc-378">
         <name>.text</name>
         <load_address>0x4f0e</load_address>
         <run_address>0x4f0e</run_address>
         <size>0x2</size>
         <input_file_ref idref="fl-11f"/>
      </object_component>
      <object_component id="oc-3d8">
         <name>.text:sin</name>
         <load_address>0x4f10</load_address>
         <run_address>0x4f10</run_address>
         <size>0x5e0</size>
         <input_file_ref idref="fl-105"/>
      </object_component>
      <object_component id="oc-31b">
         <name>.text:cos</name>
         <load_address>0x54f0</load_address>
         <run_address>0x54f0</run_address>
         <size>0x5dc</size>
         <input_file_ref idref="fl-103"/>
      </object_component>
      <object_component id="oc-195">
         <name>.text</name>
         <load_address>0x5acc</load_address>
         <run_address>0x5acc</run_address>
         <size>0x4a8</size>
         <input_file_ref idref="fl-3b"/>
      </object_component>
      <object_component id="oc-117">
         <name>.text</name>
         <load_address>0x5f74</load_address>
         <run_address>0x5f74</run_address>
         <size>0x480</size>
         <input_file_ref idref="fl-3"/>
      </object_component>
      <object_component id="oc-f9">
         <name>.text</name>
         <load_address>0x63f4</load_address>
         <run_address>0x63f4</run_address>
         <size>0x3c0</size>
         <input_file_ref idref="fl-2d"/>
      </object_component>
      <object_component id="oc-1af">
         <name>.text</name>
         <load_address>0x67b4</load_address>
         <run_address>0x67b4</run_address>
         <size>0x362</size>
         <input_file_ref idref="fl-34"/>
      </object_component>
      <object_component id="oc-3d2">
         <name>.text:exp</name>
         <load_address>0x6b18</load_address>
         <run_address>0x6b18</run_address>
         <size>0x328</size>
         <input_file_ref idref="fl-101"/>
      </object_component>
      <object_component id="oc-21c">
         <name>.text</name>
         <load_address>0x6e40</load_address>
         <run_address>0x6e40</run_address>
         <size>0x2b0</size>
         <input_file_ref idref="fl-e"/>
      </object_component>
      <object_component id="oc-17b">
         <name>.text</name>
         <load_address>0x70f0</load_address>
         <run_address>0x70f0</run_address>
         <size>0x294</size>
         <input_file_ref idref="fl-18"/>
      </object_component>
      <object_component id="oc-10b">
         <name>.text</name>
         <load_address>0x7384</load_address>
         <run_address>0x7384</run_address>
         <size>0x1e0</size>
         <input_file_ref idref="fl-6"/>
      </object_component>
      <object_component id="oc-e1">
         <name>.text</name>
         <load_address>0x7564</load_address>
         <run_address>0x7564</run_address>
         <size>0x1c8</size>
         <input_file_ref idref="fl-17"/>
      </object_component>
      <object_component id="oc-2f3">
         <name>.text</name>
         <load_address>0x772c</load_address>
         <run_address>0x772c</run_address>
         <size>0x1b6</size>
         <input_file_ref idref="fl-109"/>
      </object_component>
      <object_component id="oc-30f">
         <name>.text:cexp</name>
         <load_address>0x78e4</load_address>
         <run_address>0x78e4</run_address>
         <size>0x1a0</size>
         <input_file_ref idref="fl-100"/>
      </object_component>
      <object_component id="oc-173">
         <name>.text</name>
         <load_address>0x7a84</load_address>
         <run_address>0x7a84</run_address>
         <size>0x18c</size>
         <input_file_ref idref="fl-1b"/>
      </object_component>
      <object_component id="oc-401">
         <name>.text:__kernel_sin</name>
         <load_address>0x7c10</load_address>
         <run_address>0x7c10</run_address>
         <size>0x174</size>
         <input_file_ref idref="fl-11c"/>
      </object_component>
      <object_component id="oc-3f0">
         <name>.text:__kernel_cos</name>
         <load_address>0x7d84</load_address>
         <run_address>0x7d84</run_address>
         <size>0x170</size>
         <input_file_ref idref="fl-11b"/>
      </object_component>
      <object_component id="oc-2f8">
         <name>.text:sqrt</name>
         <load_address>0x7ef4</load_address>
         <run_address>0x7ef4</run_address>
         <size>0x158</size>
         <input_file_ref idref="fl-102"/>
      </object_component>
      <object_component id="oc-181">
         <name>.text</name>
         <load_address>0x804c</load_address>
         <run_address>0x804c</run_address>
         <size>0x148</size>
         <input_file_ref idref="fl-13"/>
      </object_component>
      <object_component id="oc-cf">
         <name>.text</name>
         <load_address>0x8194</load_address>
         <run_address>0x8194</run_address>
         <size>0x140</size>
         <input_file_ref idref="fl-14"/>
      </object_component>
      <object_component id="oc-9b">
         <name>.text</name>
         <load_address>0x82d4</load_address>
         <run_address>0x82d4</run_address>
         <size>0x13c</size>
         <input_file_ref idref="fl-2"/>
      </object_component>
      <object_component id="oc-304">
         <name>.text</name>
         <load_address>0x8410</load_address>
         <run_address>0x8410</run_address>
         <size>0x136</size>
         <input_file_ref idref="fl-10b"/>
      </object_component>
      <object_component id="oc-45c">
         <name>.text:scalbn</name>
         <load_address>0x8548</load_address>
         <run_address>0x8548</run_address>
         <size>0x110</size>
         <input_file_ref idref="fl-11e"/>
      </object_component>
      <object_component id="oc-227">
         <name>.text</name>
         <load_address>0x8658</load_address>
         <run_address>0x8658</run_address>
         <size>0xfc</size>
         <input_file_ref idref="fl-10c"/>
      </object_component>
      <object_component id="oc-462">
         <name>.text:floor</name>
         <load_address>0x8754</load_address>
         <run_address>0x8754</run_address>
         <size>0xf8</size>
         <input_file_ref idref="fl-11d"/>
      </object_component>
      <object_component id="oc-ed">
         <name>.text</name>
         <load_address>0x884c</load_address>
         <run_address>0x884c</run_address>
         <size>0xf0</size>
         <input_file_ref idref="fl-19"/>
      </object_component>
      <object_component id="oc-3b1">
         <name>.text:rint</name>
         <load_address>0x893c</load_address>
         <run_address>0x893c</run_address>
         <size>0xf0</size>
         <input_file_ref idref="fl-104"/>
      </object_component>
      <object_component id="oc-3de">
         <name>.text:__ldexp_cexp</name>
         <load_address>0x8a2c</load_address>
         <run_address>0x8a2c</run_address>
         <size>0xcc</size>
         <input_file_ref idref="fl-11a"/>
      </object_component>
      <object_component id="oc-105">
         <name>.text</name>
         <load_address>0x8af8</load_address>
         <run_address>0x8af8</run_address>
         <size>0xb0</size>
         <input_file_ref idref="fl-9"/>
      </object_component>
      <object_component id="oc-db">
         <name>.text</name>
         <load_address>0x8ba8</load_address>
         <run_address>0x8ba8</run_address>
         <size>0xac</size>
         <input_file_ref idref="fl-1a"/>
      </object_component>
      <object_component id="oc-3b">
         <name>.text</name>
         <load_address>0x8c54</load_address>
         <run_address>0x8c54</run_address>
         <size>0x9c</size>
         <input_file_ref idref="fl-120"/>
      </object_component>
      <object_component id="oc-1e9">
         <name>.text</name>
         <load_address>0x8cf0</load_address>
         <run_address>0x8cf0</run_address>
         <size>0x88</size>
         <input_file_ref idref="fl-38"/>
      </object_component>
      <object_component id="oc-3f6">
         <name>.text:__aeabi_cdcmple</name>
         <load_address>0x8d78</load_address>
         <run_address>0x8d78</run_address>
         <size>0x86</size>
         <input_file_ref idref="fl-10a"/>
      </object_component>
      <object_component id="oc-43b">
         <name>.text:__aeabi_cdrcmple</name>
         <load_address>0x8dfe</load_address>
         <run_address>0x8dfe</run_address>
         <size>0x86</size>
         <input_file_ref idref="fl-10a"/>
      </object_component>
      <object_component id="oc-8f">
         <name>.text</name>
         <load_address>0x8e84</load_address>
         <run_address>0x8e84</run_address>
         <size>0x7a</size>
         <input_file_ref idref="fl-111"/>
      </object_component>
      <object_component id="oc-22c">
         <name>.text</name>
         <load_address>0x8efe</load_address>
         <run_address>0x8efe</run_address>
         <size>0x6e</size>
         <input_file_ref idref="fl-10e"/>
      </object_component>
      <object_component id="oc-2fe">
         <name>.text:lrint</name>
         <load_address>0x8f6c</load_address>
         <run_address>0x8f6c</run_address>
         <size>0x6c</size>
         <input_file_ref idref="fl-fe"/>
      </object_component>
      <object_component id="oc-15">
         <name>.text:decompress:lzss:__TI_decompress_lzss</name>
         <load_address>0x8fd8</load_address>
         <run_address>0x8fd8</run_address>
         <size>0x68</size>
         <input_file_ref idref="fl-115"/>
      </object_component>
      <object_component id="oc-1ef">
         <name>.text</name>
         <load_address>0x9040</load_address>
         <run_address>0x9040</run_address>
         <size>0x60</size>
         <input_file_ref idref="fl-8"/>
      </object_component>
      <object_component id="oc-d5">
         <name>.text</name>
         <load_address>0x90a0</load_address>
         <run_address>0x90a0</run_address>
         <size>0x54</size>
         <input_file_ref idref="fl-1c"/>
      </object_component>
      <object_component id="oc-e7">
         <name>.text</name>
         <load_address>0x90f4</load_address>
         <run_address>0x90f4</run_address>
         <size>0x4c</size>
         <input_file_ref idref="fl-16"/>
      </object_component>
      <object_component id="oc-3b7">
         <name>.text</name>
         <load_address>0x9140</load_address>
         <run_address>0x9140</run_address>
         <size>0x48</size>
         <input_file_ref idref="fl-10d"/>
      </object_component>
      <object_component id="oc-12a">
         <name>.text:__TI_auto_init_nobinit_nopinit:__TI_auto_init_nobinit_nopinit</name>
         <load_address>0x9188</load_address>
         <run_address>0x9188</run_address>
         <size>0x44</size>
         <input_file_ref idref="fl-121"/>
      </object_component>
      <object_component id="oc-446">
         <name>.text:__frexp_exp</name>
         <load_address>0x91cc</load_address>
         <run_address>0x91cc</run_address>
         <size>0x44</size>
         <input_file_ref idref="fl-11a"/>
      </object_component>
      <object_component id="oc-28c">
         <name>.text</name>
         <load_address>0x9210</load_address>
         <run_address>0x9210</run_address>
         <size>0x40</size>
         <input_file_ref idref="fl-112"/>
      </object_component>
      <object_component id="oc-1bc">
         <name>.text</name>
         <load_address>0x9250</load_address>
         <run_address>0x9250</run_address>
         <size>0x3e</size>
         <input_file_ref idref="fl-21"/>
      </object_component>
      <object_component id="oc-47e">
         <name>.text:signal</name>
         <load_address>0x9290</load_address>
         <run_address>0x9290</run_address>
         <size>0x3c</size>
         <input_file_ref idref="fl-116"/>
      </object_component>
      <object_component id="oc-315">
         <name>.text:__c99_complex_double_negate</name>
         <load_address>0x92cc</load_address>
         <run_address>0x92cc</run_address>
         <size>0x3a</size>
         <input_file_ref idref="fl-106"/>
      </object_component>
      <object_component id="oc-222">
         <name>.text</name>
         <load_address>0x9306</load_address>
         <run_address>0x9306</run_address>
         <size>0x38</size>
         <input_file_ref idref="fl-10f"/>
      </object_component>
      <object_component id="oc-59">
         <name>.text:_c_int00_noargs:_c_int00_noargs</name>
         <load_address>0x9340</load_address>
         <run_address>0x9340</run_address>
         <size>0x34</size>
         <input_file_ref idref="fl-118"/>
      </object_component>
      <object_component id="oc-42c">
         <name>.text:raise</name>
         <load_address>0x9374</load_address>
         <run_address>0x9374</run_address>
         <size>0x2e</size>
         <input_file_ref idref="fl-116"/>
      </object_component>
      <object_component id="oc-2ee">
         <name>.text</name>
         <load_address>0x93a2</load_address>
         <run_address>0x93a2</run_address>
         <size>0x2e</size>
         <input_file_ref idref="fl-110"/>
      </object_component>
      <object_component id="oc-309">
         <name>.text:__c99_idouble_to_cdouble</name>
         <load_address>0x93d0</load_address>
         <run_address>0x93d0</run_address>
         <size>0x28</size>
         <input_file_ref idref="fl-106"/>
      </object_component>
      <object_component id="oc-496">
         <name>.text:copysign</name>
         <load_address>0x93f8</load_address>
         <run_address>0x93f8</run_address>
         <size>0x1a</size>
         <input_file_ref idref="fl-127"/>
      </object_component>
      <object_component id="oc-1fe">
         <name>.text</name>
         <load_address>0x9412</load_address>
         <run_address>0x9412</run_address>
         <size>0xe</size>
         <input_file_ref idref="fl-5"/>
      </object_component>
      <object_component id="oc-1b">
         <name>.text:decompress:none:__TI_decompress_none</name>
         <load_address>0x9420</load_address>
         <run_address>0x9420</run_address>
         <size>0xe</size>
         <input_file_ref idref="fl-114"/>
      </object_component>
      <object_component id="oc-4d">
         <name>.text:decompress:ZI:__TI_zero_init</name>
         <load_address>0x942e</load_address>
         <run_address>0x942e</run_address>
         <size>0xc</size>
         <input_file_ref idref="fl-113"/>
      </object_component>
      <object_component id="oc-27">
         <name>.text</name>
         <load_address>0x943a</load_address>
         <run_address>0x943a</run_address>
         <size>0xc</size>
         <input_file_ref idref="fl-4"/>
      </object_component>
      <object_component id="oc-3a4">
         <name>.text:__aeabi_errno_addr</name>
         <load_address>0x9448</load_address>
         <run_address>0x9448</run_address>
         <size>0x8</size>
         <input_file_ref idref="fl-119"/>
      </object_component>
      <object_component id="oc-179">
         <name>.text:SysCtlDelay</name>
         <load_address>0x9450</load_address>
         <run_address>0x9450</run_address>
         <size>0x6</size>
         <input_file_ref idref="fl-36"/>
      </object_component>
      <object_component id="oc-3bc">
         <name>.text:__softfloat_float_raise</name>
         <load_address>0x9456</load_address>
         <run_address>0x9456</run_address>
         <size>0x6</size>
         <input_file_ref idref="fl-107"/>
      </object_component>
      <object_component id="oc-95">
         <name>.text:_system_pre_init</name>
         <load_address>0x945c</load_address>
         <run_address>0x945c</run_address>
         <size>0x4</size>
         <input_file_ref idref="fl-122"/>
      </object_component>
      <object_component id="oc-11e">
         <name>.text:abort:abort</name>
         <load_address>0x9460</load_address>
         <run_address>0x9460</run_address>
         <size>0x4</size>
         <input_file_ref idref="fl-124"/>
      </object_component>
      <object_component id="oc-1c8">
         <name>.const:g_pppui32XTALtoVCO</name>
         <load_address>0x9468</load_address>
         <run_address>0x9468</run_address>
         <size>0x1b0</size>
         <input_file_ref idref="fl-36"/>
      </object_component>
      <object_component id="oc-468">
         <name>.const:$O1$$</name>
         <load_address>0x9618</load_address>
         <run_address>0x9618</run_address>
         <size>0x158</size>
         <input_file_ref idref="fl-117"/>
      </object_component>
      <object_component id="oc-25e">
         <name>.const:g_ppui32GPIOIntMapSnowflake</name>
         <load_address>0x9770</load_address>
         <run_address>0x9770</run_address>
         <size>0xd8</size>
         <input_file_ref idref="fl-2a"/>
      </object_component>
      <object_component id="oc-25b">
         <name>.const:g_ppui32GPIOIntMapBlizzard</name>
         <load_address>0x9848</load_address>
         <run_address>0x9848</run_address>
         <size>0xc0</size>
         <input_file_ref idref="fl-2a"/>
      </object_component>
      <object_component id="oc-1d8">
         <name>.const:g_pui32Regs</name>
         <load_address>0x9908</load_address>
         <run_address>0x9908</run_address>
         <size>0x9c</size>
         <input_file_ref idref="fl-2d"/>
      </object_component>
      <object_component id="oc-261">
         <name>.const:g_pui32GPIOBaseAddrs</name>
         <load_address>0x99a4</load_address>
         <run_address>0x99a4</run_address>
         <size>0x90</size>
         <input_file_ref idref="fl-2a"/>
      </object_component>
      <object_component id="oc-1c2">
         <name>.const:g_pui32Xtals</name>
         <load_address>0x9a34</load_address>
         <run_address>0x9a34</run_address>
         <size>0x6c</size>
         <input_file_ref idref="fl-36"/>
      </object_component>
      <object_component id="oc-2a0">
         <name>.const:g_ppui32TimerIntMap</name>
         <load_address>0x9aa0</load_address>
         <run_address>0x9aa0</run_address>
         <size>0x60</size>
         <input_file_ref idref="fl-39"/>
      </object_component>
      <object_component id="oc-2ab">
         <name>.const:g_ppui32I2CIntMapSnowflake</name>
         <load_address>0x9b00</load_address>
         <run_address>0x9b00</run_address>
         <size>0x50</size>
         <input_file_ref idref="fl-2c"/>
      </object_component>
      <object_component id="oc-2a3">
         <name>.const:g_ppui32TimerIntMapSnowflake</name>
         <load_address>0x9b50</load_address>
         <run_address>0x9b50</run_address>
         <size>0x40</size>
         <input_file_ref idref="fl-39"/>
      </object_component>
      <object_component id="oc-27b">
         <name>.const:g_ppui32UARTIntMap</name>
         <load_address>0x9b90</load_address>
         <run_address>0x9b90</run_address>
         <size>0x40</size>
         <input_file_ref idref="fl-3a"/>
      </object_component>
      <object_component id="oc-27e">
         <name>.const:g_ppui32UARTIntMapSnowflake</name>
         <load_address>0x9bd0</load_address>
         <run_address>0x9bd0</run_address>
         <size>0x40</size>
         <input_file_ref idref="fl-3a"/>
      </object_component>
      <object_component id="oc-440">
         <name>.const:$O1$$</name>
         <load_address>0x9c10</load_address>
         <run_address>0x9c10</run_address>
         <size>0x30</size>
         <input_file_ref idref="fl-101"/>
      </object_component>
      <object_component id="oc-2a8">
         <name>.const:g_ppui32I2CIntMap</name>
         <load_address>0x9c40</load_address>
         <run_address>0x9c40</run_address>
         <size>0x30</size>
         <input_file_ref idref="fl-2c"/>
      </object_component>
      <object_component id="oc-1b9">
         <name>.const:g_sXTALtoMEMTIM</name>
         <load_address>0x9c70</load_address>
         <run_address>0x9c70</run_address>
         <size>0x30</size>
         <input_file_ref idref="fl-36"/>
      </object_component>
      <object_component id="oc-2b0">
         <name>.const:g_ppui32SSIIntMap</name>
         <load_address>0x9ca0</load_address>
         <run_address>0x9ca0</run_address>
         <size>0x20</size>
         <input_file_ref idref="fl-34"/>
      </object_component>
      <object_component id="oc-2b3">
         <name>.const:g_ppui32SSIIntMapSnowflake</name>
         <load_address>0x9cc0</load_address>
         <run_address>0x9cc0</run_address>
         <size>0x20</size>
         <input_file_ref idref="fl-34"/>
      </object_component>
      <object_component id="oc-1d5">
         <name>.const:g_pui32Priority</name>
         <load_address>0x9ce0</load_address>
         <run_address>0x9ce0</run_address>
         <size>0x20</size>
         <input_file_ref idref="fl-2d"/>
      </object_component>
      <object_component id="oc-1de">
         <name>.const:g_pui32Dii16Regs</name>
         <load_address>0x9d00</load_address>
         <run_address>0x9d00</run_address>
         <size>0x14</size>
         <input_file_ref idref="fl-2d"/>
      </object_component>
      <object_component id="oc-1db">
         <name>.const:g_pui32EnRegs</name>
         <load_address>0x9d14</load_address>
         <run_address>0x9d14</run_address>
         <size>0x14</size>
         <input_file_ref idref="fl-2d"/>
      </object_component>
      <object_component id="oc-1e1">
         <name>.const:g_pui32PendRegs</name>
         <load_address>0x9d28</load_address>
         <run_address>0x9d28</run_address>
         <size>0x14</size>
         <input_file_ref idref="fl-2d"/>
      </object_component>
      <object_component id="oc-1e4">
         <name>.const:g_pui32UnpendRegs</name>
         <load_address>0x9d3c</load_address>
         <run_address>0x9d3c</run_address>
         <size>0x14</size>
         <input_file_ref idref="fl-2d"/>
      </object_component>
      <object_component id="oc-37e">
         <name>.const:.string</name>
         <load_address>0x9d50</load_address>
         <run_address>0x9d50</run_address>
         <size>0x12</size>
         <input_file_ref idref="fl-3b"/>
      </object_component>
      <object_component id="oc-187">
         <name>.const:.string:$P$T0$1</name>
         <load_address>0x9d62</load_address>
         <run_address>0x9d62</run_address>
         <size>0x2</size>
         <input_file_ref idref="fl-14"/>
      </object_component>
      <object_component id="oc-291">
         <name>.const</name>
         <load_address>0x9d64</load_address>
         <run_address>0x9d64</run_address>
         <size>0x4</size>
         <input_file_ref idref="fl-3b"/>
      </object_component>
      <object_component id="oc-231">
         <name>.const:$P$T0$1</name>
         <load_address>0x9d68</load_address>
         <run_address>0x9d68</run_address>
         <size>0x10</size>
         <input_file_ref idref="fl-3"/>
      </object_component>
      <object_component id="oc-427">
         <name>.const:TWO52</name>
         <load_address>0x9d78</load_address>
         <run_address>0x9d78</run_address>
         <size>0x10</size>
         <input_file_ref idref="fl-104"/>
      </object_component>
      <object_component id="oc-289">
         <name>.const:g_ui32UARTBase</name>
         <load_address>0x9d88</load_address>
         <run_address>0x9d88</run_address>
         <size>0xc</size>
         <input_file_ref idref="fl-3b"/>
      </object_component>
      <object_component id="oc-283">
         <name>.const:g_ui32UARTPeriph</name>
         <load_address>0x9d94</load_address>
         <run_address>0x9d94</run_address>
         <size>0xc</size>
         <input_file_ref idref="fl-3b"/>
      </object_component>
      <object_component id="oc-1c5">
         <name>.const:g_pui32VCOFrequencies</name>
         <load_address>0x9da0</load_address>
         <run_address>0x9da0</run_address>
         <size>0x8</size>
         <input_file_ref idref="fl-36"/>
      </object_component>
      <object_component id="oc-26a">
         <name>.const:.string:$P$T0$1</name>
         <load_address>0x9da8</load_address>
         <run_address>0x9da8</run_address>
         <size>0x3</size>
         <input_file_ref idref="fl-13"/>
      </object_component>
      <object_component id="oc-26d">
         <name>.const:.string:$P$T1$2</name>
         <load_address>0x9dab</load_address>
         <run_address>0x9dab</run_address>
         <size>0x3</size>
         <input_file_ref idref="fl-13"/>
      </object_component>
      <object_component id="oc-270">
         <name>.const:.string:$P$T2$3</name>
         <load_address>0x9dae</load_address>
         <run_address>0x9dae</run_address>
         <size>0x3</size>
         <input_file_ref idref="fl-13"/>
      </object_component>
      <object_component id="oc-18a">
         <name>.const:.string:$P$T1$2</name>
         <load_address>0x9db1</load_address>
         <run_address>0x9db1</run_address>
         <size>0x2</size>
         <input_file_ref idref="fl-14"/>
      </object_component>
      <object_component id="oc-4ef">
         <name>.cinit..data.load</name>
         <load_address>0x9db8</load_address>
         <run_address>0x9db8</run_address>
         <size>0x15</size>
      </object_component>
      <object_component id="oc-4ec">
         <name>__TI_handler_table</name>
         <load_address>0x9dd0</load_address>
         <run_address>0x9dd0</run_address>
         <size>0xc</size>
      </object_component>
      <object_component id="oc-4f0">
         <name>.cinit..bss.load</name>
         <load_address>0x9de0</load_address>
         <run_address>0x9de0</run_address>
         <size>0x8</size>
      </object_component>
      <object_component id="oc-4ee">
         <name>.cinit..vtable.load</name>
         <load_address>0x9de8</load_address>
         <run_address>0x9de8</run_address>
         <size>0x8</size>
      </object_component>
      <object_component id="oc-4ed">
         <name>__TI_cinit_table</name>
         <load_address>0x9df0</load_address>
         <run_address>0x9df0</run_address>
         <size>0x18</size>
      </object_component>
      <object_component id="oc-1d2">
         <name>.vtable</name>
         <uninitialized>true</uninitialized>
         <run_address>0x20000000</run_address>
         <size>0x26c</size>
         <input_file_ref idref="fl-2d"/>
      </object_component>
      <object_component id="oc-234">
         <name>.data</name>
         <load_address>0x200030f4</load_address>
         <run_address>0x200030f4</run_address>
         <size>0x4</size>
         <input_file_ref idref="fl-3"/>
      </object_component>
      <object_component id="oc-237">
         <name>.data:dac_signal</name>
         <load_address>0x200030ec</load_address>
         <run_address>0x200030ec</run_address>
         <size>0x4</size>
         <input_file_ref idref="fl-3"/>
      </object_component>
      <object_component id="oc-211">
         <name>.data:FIFOs</name>
         <load_address>0x20001be8</load_address>
         <run_address>0x20001be8</run_address>
         <size>0x1464</size>
         <input_file_ref idref="fl-6"/>
      </object_component>
      <object_component id="oc-209">
         <name>.data</name>
         <load_address>0x200030e8</load_address>
         <run_address>0x200030e8</run_address>
         <size>0x4</size>
         <input_file_ref idref="fl-7"/>
      </object_component>
      <object_component id="oc-286">
         <name>.data</name>
         <load_address>0x200030e0</load_address>
         <run_address>0x200030e0</run_address>
         <size>0x5</size>
         <input_file_ref idref="fl-3b"/>
      </object_component>
      <object_component id="oc-3c2">
         <name>.data</name>
         <load_address>0x200030cc</load_address>
         <run_address>0x200030cc</run_address>
         <size>0xc</size>
         <input_file_ref idref="fl-107"/>
      </object_component>
      <object_component id="oc-4ad">
         <name>.data:sigTable</name>
         <load_address>0x2000304c</load_address>
         <run_address>0x2000304c</run_address>
         <size>0x80</size>
         <input_file_ref idref="fl-116"/>
      </object_component>
      <object_component id="oc-41b">
         <name>.data</name>
         <load_address>0x200030f0</load_address>
         <run_address>0x200030f0</run_address>
         <size>0x4</size>
         <input_file_ref idref="fl-119"/>
      </object_component>
      <object_component id="oc-23f">
         <name>.data:$O1$$</name>
         <load_address>0x200030d8</load_address>
         <run_address>0x200030d8</run_address>
         <size>0x8</size>
         <input_file_ref idref="fl-125"/>
      </object_component>
      <object_component id="oc-203">
         <name>.bss:threadControlBlocks</name>
         <uninitialized>true</uninitialized>
         <run_address>0x20001a6c</run_address>
         <size>0x108</size>
         <input_file_ref idref="fl-7"/>
      </object_component>
      <object_component id="oc-20c">
         <name>.bss:threadStacks</name>
         <uninitialized>true</uninitialized>
         <run_address>0x2000026c</run_address>
         <size>0x1800</size>
         <input_file_ref idref="fl-7"/>
      </object_component>
      <object_component id="oc-1fb">
         <name>.bss:pthreadControlBlocks</name>
         <uninitialized>true</uninitialized>
         <run_address>0x20001b74</run_address>
         <size>0x48</size>
         <input_file_ref idref="fl-7"/>
      </object_component>
      <object_component id="oc-1f8">
         <name>.bss</name>
         <uninitialized>true</uninitialized>
         <run_address>0x20001bbc</run_address>
         <size>0x8</size>
         <input_file_ref idref="fl-7"/>
      </object_component>
      <object_component id="oc-29b">
         <name>.bss:g_pui8OversampleFactor</name>
         <uninitialized>true</uninitialized>
         <run_address>0x20001bc4</run_address>
         <size>0x8</size>
         <input_file_ref idref="fl-1d"/>
      </object_component>
      <object_component id="oc-206">
         <name>.common:IBit_State</name>
         <uninitialized>true</uninitialized>
         <run_address>0x20001bd0</run_address>
         <size>0x4</size>
      </object_component>
      <object_component id="oc-111">
         <name>.common:sem_I2CA</name>
         <uninitialized>true</uninitialized>
         <run_address>0x20001bd8</run_address>
         <size>0x4</size>
      </object_component>
      <object_component id="oc-114">
         <name>.common:sem_SPIA</name>
         <uninitialized>true</uninitialized>
         <run_address>0x20001be4</run_address>
         <size>0x4</size>
      </object_component>
      <object_component id="oc-115">
         <name>.common:sem_PCA9555_Debounce</name>
         <uninitialized>true</uninitialized>
         <run_address>0x20001be0</run_address>
         <size>0x4</size>
      </object_component>
      <object_component id="oc-116">
         <name>.common:sem_Joystick_Debounce</name>
         <uninitialized>true</uninitialized>
         <run_address>0x20001bdc</run_address>
         <size>0x4</size>
      </object_component>
      <object_component id="oc-1f4">
         <name>.common:SystemTime</name>
         <uninitialized>true</uninitialized>
         <run_address>0x20001bd4</run_address>
         <size>0x4</size>
      </object_component>
      <object_component id="oc-1f7">
         <name>.common:CurrentlyRunningThread</name>
         <uninitialized>true</uninitialized>
         <run_address>0x20001bcc</run_address>
         <size>0x4</size>
      </object_component>
      <object_component id="oc-24">
         <name>.stack</name>
         <uninitialized>true</uninitialized>
         <run_address>0x200030f8</run_address>
         <size>0x4</size>
         <input_file_ref idref="fl-118"/>
      </object_component>
      <object_component id="oc-4f2">
         <name>.stack</name>
         <uninitialized>true</uninitialized>
         <run_address>0x200030f8</run_address>
         <size>0x0</size>
      </object_component>
      <object_component id="oc-b7">
         <name>.debug_info</name>
         <load_address>0x0</load_address>
         <run_address>0x0</run_address>
         <size>0x7c7</size>
         <input_file_ref idref="fl-2"/>
      </object_component>
      <object_component id="oc-9c">
         <name>.debug_info</name>
         <load_address>0x7c7</load_address>
         <run_address>0x7c7</run_address>
         <size>0x411</size>
         <input_file_ref idref="fl-2"/>
      </object_component>
      <object_component id="oc-168">
         <name>.debug_info</name>
         <load_address>0xbd8</load_address>
         <run_address>0xbd8</run_address>
         <size>0x7e</size>
         <input_file_ref idref="fl-2"/>
      </object_component>
      <object_component id="oc-70">
         <name>.debug_info</name>
         <load_address>0xc56</load_address>
         <run_address>0xc56</run_address>
         <size>0x26b</size>
         <input_file_ref idref="fl-2"/>
      </object_component>
      <object_component id="oc-b2">
         <name>.debug_info</name>
         <load_address>0xec1</load_address>
         <run_address>0xec1</run_address>
         <size>0x8b</size>
         <input_file_ref idref="fl-2"/>
      </object_component>
      <object_component id="oc-ad">
         <name>.debug_info</name>
         <load_address>0xf4c</load_address>
         <run_address>0xf4c</run_address>
         <size>0x2a4</size>
         <input_file_ref idref="fl-2"/>
      </object_component>
      <object_component id="oc-1cc">
         <name>.debug_info</name>
         <load_address>0x11f0</load_address>
         <run_address>0x11f0</run_address>
         <size>0xef</size>
         <input_file_ref idref="fl-2"/>
      </object_component>
      <object_component id="oc-75">
         <name>.debug_info</name>
         <load_address>0x12df</load_address>
         <run_address>0x12df</run_address>
         <size>0xbb</size>
         <input_file_ref idref="fl-2"/>
      </object_component>
      <object_component id="oc-15e">
         <name>.debug_info</name>
         <load_address>0x139a</load_address>
         <run_address>0x139a</run_address>
         <size>0x2c</size>
         <input_file_ref idref="fl-2"/>
      </object_component>
      <object_component id="oc-163">
         <name>.debug_info</name>
         <load_address>0x13c6</load_address>
         <run_address>0x13c6</run_address>
         <size>0x1a2</size>
         <input_file_ref idref="fl-2"/>
      </object_component>
      <object_component id="oc-296">
         <name>.debug_info</name>
         <load_address>0x1568</load_address>
         <run_address>0x1568</run_address>
         <size>0x2c</size>
         <input_file_ref idref="fl-2"/>
      </object_component>
      <object_component id="oc-112">
         <name>.debug_info</name>
         <load_address>0x1594</load_address>
         <run_address>0x1594</run_address>
         <size>0x886</size>
         <input_file_ref idref="fl-3"/>
      </object_component>
      <object_component id="oc-235">
         <name>.debug_info</name>
         <load_address>0x1e1a</load_address>
         <run_address>0x1e1a</run_address>
         <size>0xe2</size>
         <input_file_ref idref="fl-3"/>
      </object_component>
      <object_component id="oc-238">
         <name>.debug_info</name>
         <load_address>0x1efc</load_address>
         <run_address>0x1efc</run_address>
         <size>0xb9</size>
         <input_file_ref idref="fl-3"/>
      </object_component>
      <object_component id="oc-232">
         <name>.debug_info</name>
         <load_address>0x1fb5</load_address>
         <run_address>0x1fb5</run_address>
         <size>0xb2</size>
         <input_file_ref idref="fl-3"/>
      </object_component>
      <object_component id="oc-119">
         <name>.debug_info</name>
         <load_address>0x2067</load_address>
         <run_address>0x2067</run_address>
         <size>0xade</size>
         <input_file_ref idref="fl-3"/>
      </object_component>
      <object_component id="oc-217">
         <name>.debug_info</name>
         <load_address>0x2b45</load_address>
         <run_address>0x2b45</run_address>
         <size>0x35</size>
         <input_file_ref idref="fl-3"/>
      </object_component>
      <object_component id="oc-2f">
         <name>.debug_info</name>
         <load_address>0x2b7a</load_address>
         <run_address>0x2b7a</run_address>
         <size>0x28f</size>
         <input_file_ref idref="fl-4"/>
      </object_component>
      <object_component id="oc-13">
         <name>.debug_info</name>
         <load_address>0x2e09</load_address>
         <run_address>0x2e09</run_address>
         <size>0xce</size>
         <input_file_ref idref="fl-4"/>
      </object_component>
      <object_component id="oc-28">
         <name>.debug_info</name>
         <load_address>0x2ed7</load_address>
         <run_address>0x2ed7</run_address>
         <size>0x24a</size>
         <input_file_ref idref="fl-4"/>
      </object_component>
      <object_component id="oc-36">
         <name>.debug_info</name>
         <load_address>0x3121</load_address>
         <run_address>0x3121</run_address>
         <size>0x84</size>
         <input_file_ref idref="fl-4"/>
      </object_component>
      <object_component id="oc-200">
         <name>.debug_info</name>
         <load_address>0x31a5</load_address>
         <run_address>0x31a5</run_address>
         <size>0x12e</size>
         <input_file_ref idref="fl-5"/>
      </object_component>
      <object_component id="oc-2ed">
         <name>.debug_info</name>
         <load_address>0x32d3</load_address>
         <run_address>0x32d3</run_address>
         <size>0x32f</size>
         <input_file_ref idref="fl-6"/>
      </object_component>
      <object_component id="oc-212">
         <name>.debug_info</name>
         <load_address>0x3602</load_address>
         <run_address>0x3602</run_address>
         <size>0xbc</size>
         <input_file_ref idref="fl-6"/>
      </object_component>
      <object_component id="oc-10f">
         <name>.debug_info</name>
         <load_address>0x36be</load_address>
         <run_address>0x36be</run_address>
         <size>0x3ab</size>
         <input_file_ref idref="fl-6"/>
      </object_component>
      <object_component id="oc-39d">
         <name>.debug_info</name>
         <load_address>0x3a69</load_address>
         <run_address>0x3a69</run_address>
         <size>0xb8</size>
         <input_file_ref idref="fl-6"/>
      </object_component>
      <object_component id="oc-1f5">
         <name>.debug_info</name>
         <load_address>0x3b21</load_address>
         <run_address>0x3b21</run_address>
         <size>0x55f</size>
         <input_file_ref idref="fl-7"/>
      </object_component>
      <object_component id="oc-204">
         <name>.debug_info</name>
         <load_address>0x4080</load_address>
         <run_address>0x4080</run_address>
         <size>0xde</size>
         <input_file_ref idref="fl-7"/>
      </object_component>
      <object_component id="oc-20d">
         <name>.debug_info</name>
         <load_address>0x415e</load_address>
         <run_address>0x415e</run_address>
         <size>0xd0</size>
         <input_file_ref idref="fl-7"/>
      </object_component>
      <object_component id="oc-1fc">
         <name>.debug_info</name>
         <load_address>0x422e</load_address>
         <run_address>0x422e</run_address>
         <size>0xe0</size>
         <input_file_ref idref="fl-7"/>
      </object_component>
      <object_component id="oc-1f9">
         <name>.debug_info</name>
         <load_address>0x430e</load_address>
         <run_address>0x430e</run_address>
         <size>0x106</size>
         <input_file_ref idref="fl-7"/>
      </object_component>
      <object_component id="oc-20a">
         <name>.debug_info</name>
         <load_address>0x4414</load_address>
         <run_address>0x4414</run_address>
         <size>0xd2</size>
         <input_file_ref idref="fl-7"/>
      </object_component>
      <object_component id="oc-103">
         <name>.debug_info</name>
         <load_address>0x44e6</load_address>
         <run_address>0x44e6</run_address>
         <size>0xdde</size>
         <input_file_ref idref="fl-7"/>
      </object_component>
      <object_component id="oc-1f0">
         <name>.debug_info</name>
         <load_address>0x52c4</load_address>
         <run_address>0x52c4</run_address>
         <size>0x12a</size>
         <input_file_ref idref="fl-8"/>
      </object_component>
      <object_component id="oc-207">
         <name>.debug_info</name>
         <load_address>0x53ee</load_address>
         <run_address>0x53ee</run_address>
         <size>0x350</size>
         <input_file_ref idref="fl-9"/>
      </object_component>
      <object_component id="oc-109">
         <name>.debug_info</name>
         <load_address>0x573e</load_address>
         <run_address>0x573e</run_address>
         <size>0x3c1</size>
         <input_file_ref idref="fl-9"/>
      </object_component>
      <object_component id="oc-327">
         <name>.debug_info</name>
         <load_address>0x5aff</load_address>
         <run_address>0x5aff</run_address>
         <size>0x40e</size>
         <input_file_ref idref="fl-e"/>
      </object_component>
      <object_component id="oc-21e">
         <name>.debug_info</name>
         <load_address>0x5f0d</load_address>
         <run_address>0x5f0d</run_address>
         <size>0x7e5</size>
         <input_file_ref idref="fl-e"/>
      </object_component>
      <object_component id="oc-322">
         <name>.debug_info</name>
         <load_address>0x66f2</load_address>
         <run_address>0x66f2</run_address>
         <size>0x92</size>
         <input_file_ref idref="fl-e"/>
      </object_component>
      <object_component id="oc-329">
         <name>.debug_info</name>
         <load_address>0x6784</load_address>
         <run_address>0x6784</run_address>
         <size>0x49</size>
         <input_file_ref idref="fl-e"/>
      </object_component>
      <object_component id="oc-274">
         <name>.debug_info</name>
         <load_address>0x67cd</load_address>
         <run_address>0x67cd</run_address>
         <size>0x350</size>
         <input_file_ref idref="fl-13"/>
      </object_component>
      <object_component id="oc-26b">
         <name>.debug_info</name>
         <load_address>0x6b1d</load_address>
         <run_address>0x6b1d</run_address>
         <size>0xcf</size>
         <input_file_ref idref="fl-13"/>
      </object_component>
      <object_component id="oc-26e">
         <name>.debug_info</name>
         <load_address>0x6bec</load_address>
         <run_address>0x6bec</run_address>
         <size>0xcf</size>
         <input_file_ref idref="fl-13"/>
      </object_component>
      <object_component id="oc-271">
         <name>.debug_info</name>
         <load_address>0x6cbb</load_address>
         <run_address>0x6cbb</run_address>
         <size>0xcf</size>
         <input_file_ref idref="fl-13"/>
      </object_component>
      <object_component id="oc-182">
         <name>.debug_info</name>
         <load_address>0x6d8a</load_address>
         <run_address>0x6d8a</run_address>
         <size>0x6a6</size>
         <input_file_ref idref="fl-13"/>
      </object_component>
      <object_component id="oc-18e">
         <name>.debug_info</name>
         <load_address>0x7430</load_address>
         <run_address>0x7430</run_address>
         <size>0x4b4</size>
         <input_file_ref idref="fl-14"/>
      </object_component>
      <object_component id="oc-188">
         <name>.debug_info</name>
         <load_address>0x78e4</load_address>
         <run_address>0x78e4</run_address>
         <size>0xd0</size>
         <input_file_ref idref="fl-14"/>
      </object_component>
      <object_component id="oc-18b">
         <name>.debug_info</name>
         <load_address>0x79b4</load_address>
         <run_address>0x79b4</run_address>
         <size>0xd0</size>
         <input_file_ref idref="fl-14"/>
      </object_component>
      <object_component id="oc-d2">
         <name>.debug_info</name>
         <load_address>0x7a84</load_address>
         <run_address>0x7a84</run_address>
         <size>0x731</size>
         <input_file_ref idref="fl-14"/>
      </object_component>
      <object_component id="oc-cc">
         <name>.debug_info</name>
         <load_address>0x81b5</load_address>
         <run_address>0x81b5</run_address>
         <size>0x174b</size>
         <input_file_ref idref="fl-15"/>
      </object_component>
      <object_component id="oc-eb">
         <name>.debug_info</name>
         <load_address>0x9900</load_address>
         <run_address>0x9900</run_address>
         <size>0x28c</size>
         <input_file_ref idref="fl-16"/>
      </object_component>
      <object_component id="oc-e3">
         <name>.debug_info</name>
         <load_address>0x9b8c</load_address>
         <run_address>0x9b8c</run_address>
         <size>0x6a6</size>
         <input_file_ref idref="fl-17"/>
      </object_component>
      <object_component id="oc-269">
         <name>.debug_info</name>
         <load_address>0xa232</load_address>
         <run_address>0xa232</run_address>
         <size>0x4f0</size>
         <input_file_ref idref="fl-18"/>
      </object_component>
      <object_component id="oc-17c">
         <name>.debug_info</name>
         <load_address>0xa722</load_address>
         <run_address>0xa722</run_address>
         <size>0x9f2</size>
         <input_file_ref idref="fl-18"/>
      </object_component>
      <object_component id="oc-1b8">
         <name>.debug_info</name>
         <load_address>0xb114</load_address>
         <run_address>0xb114</run_address>
         <size>0x5bc</size>
         <input_file_ref idref="fl-19"/>
      </object_component>
      <object_component id="oc-f0">
         <name>.debug_info</name>
         <load_address>0xb6d0</load_address>
         <run_address>0xb6d0</run_address>
         <size>0x64f</size>
         <input_file_ref idref="fl-19"/>
      </object_component>
      <object_component id="oc-de">
         <name>.debug_info</name>
         <load_address>0xbd1f</load_address>
         <run_address>0xbd1f</run_address>
         <size>0x2db</size>
         <input_file_ref idref="fl-1a"/>
      </object_component>
      <object_component id="oc-267">
         <name>.debug_info</name>
         <load_address>0xbffa</load_address>
         <run_address>0xbffa</run_address>
         <size>0x478</size>
         <input_file_ref idref="fl-1b"/>
      </object_component>
      <object_component id="oc-174">
         <name>.debug_info</name>
         <load_address>0xc472</load_address>
         <run_address>0xc472</run_address>
         <size>0x6cc</size>
         <input_file_ref idref="fl-1b"/>
      </object_component>
      <object_component id="oc-d6">
         <name>.debug_info</name>
         <load_address>0xcb3e</load_address>
         <run_address>0xcb3e</run_address>
         <size>0x1f8</size>
         <input_file_ref idref="fl-1c"/>
      </object_component>
      <object_component id="oc-29f">
         <name>.debug_info</name>
         <load_address>0xcd36</load_address>
         <run_address>0xcd36</run_address>
         <size>0x315</size>
         <input_file_ref idref="fl-1d"/>
      </object_component>
      <object_component id="oc-29c">
         <name>.debug_info</name>
         <load_address>0xd04b</load_address>
         <run_address>0xd04b</run_address>
         <size>0xd6</size>
         <input_file_ref idref="fl-1d"/>
      </object_component>
      <object_component id="oc-19f">
         <name>.debug_info</name>
         <load_address>0xd121</load_address>
         <run_address>0xd121</run_address>
         <size>0x2b2a</size>
         <input_file_ref idref="fl-1d"/>
      </object_component>
      <object_component id="oc-1bd">
         <name>.debug_info</name>
         <load_address>0xfc4b</load_address>
         <run_address>0xfc4b</run_address>
         <size>0x31b</size>
         <input_file_ref idref="fl-21"/>
      </object_component>
      <object_component id="oc-265">
         <name>.debug_info</name>
         <load_address>0xff66</load_address>
         <run_address>0xff66</run_address>
         <size>0x33f</size>
         <input_file_ref idref="fl-2a"/>
      </object_component>
      <object_component id="oc-25c">
         <name>.debug_info</name>
         <load_address>0x102a5</load_address>
         <run_address>0x102a5</run_address>
         <size>0xdf</size>
         <input_file_ref idref="fl-2a"/>
      </object_component>
      <object_component id="oc-25f">
         <name>.debug_info</name>
         <load_address>0x10384</load_address>
         <run_address>0x10384</run_address>
         <size>0xe1</size>
         <input_file_ref idref="fl-2a"/>
      </object_component>
      <object_component id="oc-262">
         <name>.debug_info</name>
         <load_address>0x10465</load_address>
         <run_address>0x10465</run_address>
         <size>0xd3</size>
         <input_file_ref idref="fl-2a"/>
      </object_component>
      <object_component id="oc-16e">
         <name>.debug_info</name>
         <load_address>0x10538</load_address>
         <run_address>0x10538</run_address>
         <size>0x31c8</size>
         <input_file_ref idref="fl-2a"/>
      </object_component>
      <object_component id="oc-2af">
         <name>.debug_info</name>
         <load_address>0x13700</load_address>
         <run_address>0x13700</run_address>
         <size>0x330</size>
         <input_file_ref idref="fl-2c"/>
      </object_component>
      <object_component id="oc-2a9">
         <name>.debug_info</name>
         <load_address>0x13a30</load_address>
         <run_address>0x13a30</run_address>
         <size>0xcc</size>
         <input_file_ref idref="fl-2c"/>
      </object_component>
      <object_component id="oc-2ac">
         <name>.debug_info</name>
         <load_address>0x13afc</load_address>
         <run_address>0x13afc</run_address>
         <size>0xde</size>
         <input_file_ref idref="fl-2c"/>
      </object_component>
      <object_component id="oc-1ab">
         <name>.debug_info</name>
         <load_address>0x13bda</load_address>
         <run_address>0x13bda</run_address>
         <size>0x2b38</size>
         <input_file_ref idref="fl-2c"/>
      </object_component>
      <object_component id="oc-1e8">
         <name>.debug_info</name>
         <load_address>0x16712</load_address>
         <run_address>0x16712</run_address>
         <size>0x31c</size>
         <input_file_ref idref="fl-2d"/>
      </object_component>
      <object_component id="oc-1d6">
         <name>.debug_info</name>
         <load_address>0x16a2e</load_address>
         <run_address>0x16a2e</run_address>
         <size>0xce</size>
         <input_file_ref idref="fl-2d"/>
      </object_component>
      <object_component id="oc-1d9">
         <name>.debug_info</name>
         <load_address>0x16afc</load_address>
         <run_address>0x16afc</run_address>
         <size>0xc6</size>
         <input_file_ref idref="fl-2d"/>
      </object_component>
      <object_component id="oc-1dc">
         <name>.debug_info</name>
         <load_address>0x16bc2</load_address>
         <run_address>0x16bc2</run_address>
         <size>0xca</size>
         <input_file_ref idref="fl-2d"/>
      </object_component>
      <object_component id="oc-1df">
         <name>.debug_info</name>
         <load_address>0x16c8c</load_address>
         <run_address>0x16c8c</run_address>
         <size>0xd0</size>
         <input_file_ref idref="fl-2d"/>
      </object_component>
      <object_component id="oc-1e2">
         <name>.debug_info</name>
         <load_address>0x16d5c</load_address>
         <run_address>0x16d5c</run_address>
         <size>0xce</size>
         <input_file_ref idref="fl-2d"/>
      </object_component>
      <object_component id="oc-1e5">
         <name>.debug_info</name>
         <load_address>0x16e2a</load_address>
         <run_address>0x16e2a</run_address>
         <size>0xd2</size>
         <input_file_ref idref="fl-2d"/>
      </object_component>
      <object_component id="oc-1d3">
         <name>.debug_info</name>
         <load_address>0x16efc</load_address>
         <run_address>0x16efc</run_address>
         <size>0xcf</size>
         <input_file_ref idref="fl-2d"/>
      </object_component>
      <object_component id="oc-fd">
         <name>.debug_info</name>
         <load_address>0x16fcb</load_address>
         <run_address>0x16fcb</run_address>
         <size>0xccf</size>
         <input_file_ref idref="fl-2d"/>
      </object_component>
      <object_component id="oc-2b7">
         <name>.debug_info</name>
         <load_address>0x17c9a</load_address>
         <run_address>0x17c9a</run_address>
         <size>0x320</size>
         <input_file_ref idref="fl-34"/>
      </object_component>
      <object_component id="oc-2b1">
         <name>.debug_info</name>
         <load_address>0x17fba</load_address>
         <run_address>0x17fba</run_address>
         <size>0xcc</size>
         <input_file_ref idref="fl-34"/>
      </object_component>
      <object_component id="oc-2b4">
         <name>.debug_info</name>
         <load_address>0x18086</load_address>
         <run_address>0x18086</run_address>
         <size>0xde</size>
         <input_file_ref idref="fl-34"/>
      </object_component>
      <object_component id="oc-1b0">
         <name>.debug_info</name>
         <load_address>0x18164</load_address>
         <run_address>0x18164</run_address>
         <size>0x1647</size>
         <input_file_ref idref="fl-34"/>
      </object_component>
      <object_component id="oc-1d1">
         <name>.debug_info</name>
         <load_address>0x197ab</load_address>
[...]
      <symbol id="sm-9bc">
         <name>UARTDMAEnable</name>
         <value>0x4de9</value>
         <object_component_ref idref="oc-18f"/>
      </symbol>
      <symbol id="sm-9bd">
         <name>UARTTxIntModeSet</name>
         <value>0x4c25</value>
         <object_component_ref idref="oc-18f"/>
      </symbol>
      <symbol id="sm-9be">
         <name>UARTFIFODisable</name>
         <value>0x4ad3</value>
         <object_component_ref idref="oc-18f"/>
      </symbol>
      <symbol id="sm-9bf">
         <name>UARTIntUnregister</name>
         <value>0x4d69</value>
         <object_component_ref idref="oc-18f"/>
      </symbol>
      <symbol id="sm-9c0">
         <name>UARTRxErrorClear</name>
         <value>0x4e2b</value>
         <object_component_ref idref="oc-18f"/>
      </symbol>
      <symbol id="sm-9c1">
         <name>UARTModemControlSet</name>
         <value>0x4b75</value>
         <object_component_ref idref="oc-18f"/>
      </symbol>
      <symbol id="sm-9c2">
         <name>UARTFlowControlSet</name>
         <value>0x4bf7</value>
         <object_component_ref idref="oc-18f"/>
      </symbol>
      <symbol id="sm-9c3">
         <name>UARTConfigSetExpClk</name>
         <value>0x49ad</value>
         <object_component_ref idref="oc-18f"/>
      </symbol>
      <symbol id="sm-9c4">
         <name>UARTSmartCardDisable</name>
         <value>0x4b5f</value>
         <object_component_ref idref="oc-18f"/>
      </symbol>
      <symbol id="sm-9c5">
         <name>UARTDisable</name>
         <value>0x4a93</value>
         <object_component_ref idref="oc-18f"/>
      </symbol>
      <symbol id="sm-9c6">
         <name>UART9BitDisable</name>
         <value>0x4e75</value>
         <object_component_ref idref="oc-18f"/>
      </symbol>
      <symbol id="sm-9c7">
         <name>UARTFIFOLevelGet</name>
         <value>0x4985</value>
         <object_component_ref idref="oc-18f"/>
      </symbol>
      <symbol id="sm-9c8">
         <name>UARTBusy</name>
         <value>0x4d2d</value>
         <object_component_ref idref="oc-18f"/>
      </symbol>
      <symbol id="sm-9c9">
         <name>UARTDisableSIR</name>
         <value>0x4b17</value>
         <object_component_ref idref="oc-18f"/>
      </symbol>
      <symbol id="sm-9ca">
         <name>UARTLoopbackEnable</name>
         <value>0x4ef9</value>
         <object_component_ref idref="oc-18f"/>
      </symbol>
      <symbol id="sm-9cb">
         <name>UARTIntEnable</name>
         <value>0x4d89</value>
         <object_component_ref idref="oc-18f"/>
      </symbol>
      <symbol id="sm-9cc">
         <name>UARTCharsAvail</name>
         <value>0x4c53</value>
         <object_component_ref idref="oc-18f"/>
      </symbol>
      <symbol id="sm-9cd">
         <name>UARTCharGetNonBlocking</name>
         <value>0x4c8f</value>
         <object_component_ref idref="oc-18f"/>
      </symbol>
      <symbol id="sm-9ce">
         <name>UARTClockSourceSet</name>
         <value>0x4e3b</value>
         <object_component_ref idref="oc-18f"/>
      </symbol>
      <symbol id="sm-9cf">
         <name>UARTTxIntModeGet</name>
         <value>0x4c41</value>
         <object_component_ref idref="oc-18f"/>
      </symbol>
      <symbol id="sm-9d0">
         <name>UARTModemStatusGet</name>
         <value>0x4be3</value>
         <object_component_ref idref="oc-18f"/>
      </symbol>
      <symbol id="sm-9d1">
         <name>UARTIntDisable</name>
         <value>0x4da1</value>
         <object_component_ref idref="oc-18f"/>
      </symbol>
      <symbol id="sm-9d2">
         <name>UARTCharPut</name>
         <value>0x4ce5</value>
         <object_component_ref idref="oc-18f"/>
      </symbol>
      <symbol id="sm-9d3">
         <name>UARTParityModeSet</name>
         <value>0x493f</value>
         <object_component_ref idref="oc-18f"/>
      </symbol>
      <symbol id="sm-9d4">
         <name>UARTRxErrorGet</name>
         <value>0x4e19</value>
         <object_component_ref idref="oc-18f"/>
      </symbol>
      <symbol id="sm-9d5">
         <name>UARTConfigGetExpClk</name>
         <value>0x4a23</value>
         <object_component_ref idref="oc-18f"/>
      </symbol>
      <symbol id="sm-9d6">
         <name>UARTEnableSIR</name>
         <value>0x4ae9</value>
         <object_component_ref idref="oc-18f"/>
      </symbol>
      <symbol id="sm-9d7">
         <name>UARTEnable</name>
         <value>0x4a6f</value>
         <object_component_ref idref="oc-18f"/>
      </symbol>
      <symbol id="sm-9d8">
         <name>UART9BitAddrSend</name>
         <value>0x4eb1</value>
         <object_component_ref idref="oc-18f"/>
      </symbol>
      <symbol id="sm-9d9">
         <name>UARTModemControlGet</name>
         <value>0x4bd1</value>
         <object_component_ref idref="oc-18f"/>
      </symbol>
      <symbol id="sm-9da">
         <name>UARTSmartCardEnable</name>
         <value>0x4b2d</value>
         <object_component_ref idref="oc-18f"/>
      </symbol>
      <symbol id="sm-9db">
         <name>UARTFlowControlGet</name>
         <value>0x4c13</value>
         <object_component_ref idref="oc-18f"/>
      </symbol>
      <symbol id="sm-9dc">
         <name>UARTFIFOEnable</name>
         <value>0x4abd</value>
         <object_component_ref idref="oc-18f"/>
      </symbol>
      <symbol id="sm-9dd">
         <name>UARTIntClear</name>
         <value>0x4dd7</value>
         <object_component_ref idref="oc-18f"/>
      </symbol>
      <symbol id="sm-9de">
         <name>UARTIntStatus</name>
         <value>0x4db9</value>
         <object_component_ref idref="oc-18f"/>
      </symbol>
      <symbol id="sm-9df">
         <name>UARTDMADisable</name>
         <value>0x4e01</value>
         <object_component_ref idref="oc-18f"/>
      </symbol>
      <symbol id="sm-9e0">
         <name>UART9BitEnable</name>
         <value>0x4e5f</value>
         <object_component_ref idref="oc-18f"/>
      </symbol>
      <symbol id="sm-9e1">
         <name>UARTSpaceAvail</name>
         <value>0x4c71</value>
         <object_component_ref idref="oc-18f"/>
      </symbol>
      <symbol id="sm-9e2">
         <name>UARTCharGet</name>
         <value>0x4cab</value>
         <object_component_ref idref="oc-18f"/>
      </symbol>
      <symbol id="sm-9e3">
         <name>UARTFIFOLevelSet</name>
         <value>0x496d</value>
         <object_component_ref idref="oc-18f"/>
      </symbol>
      <symbol id="sm-9e4">
         <name>UARTModemControlClear</name>
         <value>0x4bad</value>
         <object_component_ref idref="oc-18f"/>
      </symbol>
      <symbol id="sm-9e5">
         <name>UARTParityModeGet</name>
         <value>0x495b</value>
         <object_component_ref idref="oc-18f"/>
      </symbol>
      <symbol id="sm-9e6">
         <name>UARTIntRegister</name>
         <value>0x4d4b</value>
         <object_component_ref idref="oc-18f"/>
      </symbol>
      <symbol id="sm-9e7">
         <name>UARTBreakCtl</name>
         <value>0x4d03</value>
         <object_component_ref idref="oc-18f"/>
      </symbol>
      <symbol id="sm-9e8">
         <name>UART9BitAddrSet</name>
         <value>0x4e8b</value>
         <object_component_ref idref="oc-18f"/>
      </symbol>
      <symbol id="sm-a58">
         <name>UARTgetc</name>
         <value>0x5c1d</value>
         <object_component_ref idref="oc-195"/>
      </symbol>
      <symbol id="sm-a59">
         <name>UARTgets</name>
         <value>0x5b63</value>
         <object_component_ref idref="oc-195"/>
      </symbol>
      <symbol id="sm-a5a">
         <name>UARTStdioConfig</name>
         <value>0x5acd</value>
         <object_component_ref idref="oc-195"/>
      </symbol>
      <symbol id="sm-a5b">
         <name>UARTwrite</name>
         <value>0x5b13</value>
         <object_component_ref idref="oc-195"/>
      </symbol>
      <symbol id="sm-a5c">
         <name>UARTprintf</name>
         <value>0x5f3f</value>
         <object_component_ref idref="oc-195"/>
      </symbol>
      <symbol id="sm-a5d">
         <name>UARTvprintf</name>
         <value>0x5c45</value>
         <object_component_ref idref="oc-195"/>
      </symbol>
      <symbol id="sm-a84">
         <name>lrint</name>
         <value>0x8f6d</value>
         <object_component_ref idref="oc-2fe"/>
      </symbol>
      <symbol id="sm-ab8">
         <name>cexpl</name>
         <value>0x78e5</value>
         <object_component_ref idref="oc-30f"/>
      </symbol>
      <symbol id="sm-ab9">
         <name>cexp</name>
         <value>0x78e5</value>
         <object_component_ref idref="oc-30f"/>
      </symbol>
      <symbol id="sm-afb">
         <name>expl</name>
         <value>0x6b19</value>
         <object_component_ref idref="oc-3d2"/>
      </symbol>
      <symbol id="sm-afc">
         <name>exp</name>
         <value>0x6b19</value>
         <object_component_ref idref="oc-3d2"/>
      </symbol>
      <symbol id="sm-b1e">
         <name>sqrtl</name>
         <value>0x7ef5</value>
         <object_component_ref idref="oc-2f8"/>
      </symbol>
      <symbol id="sm-b1f">
         <name>sqrt</name>
         <value>0x7ef5</value>
         <object_component_ref idref="oc-2f8"/>
      </symbol>
      <symbol id="sm-b70">
         <name>cosl</name>
         <value>0x54f1</value>
         <object_component_ref idref="oc-31b"/>
      </symbol>
      <symbol id="sm-b71">
         <name>cos</name>
         <value>0x54f1</value>
         <object_component_ref idref="oc-31b"/>
      </symbol>
      <symbol id="sm-b91">
         <name>rint</name>
         <value>0x893d</value>
         <object_component_ref idref="oc-3b1"/>
      </symbol>
      <symbol id="sm-b92">
         <name>rintl</name>
         <value>0x893d</value>
         <object_component_ref idref="oc-3b1"/>
      </symbol>
      <symbol id="sm-be2">
         <name>sin</name>
         <value>0x4f11</value>
         <object_component_ref idref="oc-3d8"/>
      </symbol>
      <symbol id="sm-be3">
         <name>sinl</name>
         <value>0x4f11</value>
         <object_component_ref idref="oc-3d8"/>
      </symbol>
      <symbol id="sm-bff">
         <name>__c99_complex_double_negate</name>
         <value>0x92cd</value>
         <object_component_ref idref="oc-315"/>
      </symbol>
      <symbol id="sm-c00">
         <name>__c99_idouble_to_cdouble</name>
         <value>0x93d1</value>
         <object_component_ref idref="oc-309"/>
      </symbol>
      <symbol id="sm-c12">
         <name>__softfloat_float_exception_mask</name>
         <value>0x200030d0</value>
         <object_component_ref idref="oc-3c2"/>
      </symbol>
      <symbol id="sm-c13">
         <name>__softfloat_float_raise</name>
         <value>0x9457</value>
         <object_component_ref idref="oc-3bc"/>
      </symbol>
      <symbol id="sm-c14">
         <name>__softfloat_float_rounding_mode</name>
         <value>0x200030d4</value>
         <object_component_ref idref="oc-3c2"/>
      </symbol>
      <symbol id="sm-c15">
         <name>__softfloat_float_exception_flags</name>
         <value>0x200030cc</value>
         <object_component_ref idref="oc-3c2"/>
      </symbol>
      <symbol id="sm-c2d">
         <name>__aeabi_dsub</name>
         <value>0x772d</value>
         <object_component_ref idref="oc-2f3"/>
      </symbol>
      <symbol id="sm-c2e">
         <name>__aeabi_dadd</name>
         <value>0x7737</value>
         <object_component_ref idref="oc-2f3"/>
      </symbol>
      <symbol id="sm-c50">
         <name>__aeabi_cdcmpeq</name>
         <value>0x8d79</value>
         <object_component_ref idref="oc-3f6"/>
      </symbol>
      <symbol id="sm-c51">
         <name>__aeabi_cdcmple</name>
         <value>0x8d79</value>
         <object_component_ref idref="oc-3f6"/>
      </symbol>
      <symbol id="sm-c52">
         <name>__aeabi_cdrcmple</name>
         <value>0x8dff</value>
         <object_component_ref idref="oc-43b"/>
      </symbol>
      <symbol id="sm-c66">
         <name>__aeabi_ddiv</name>
         <value>0x8411</value>
         <object_component_ref idref="oc-304"/>
      </symbol>
      <symbol id="sm-c71">
         <name>__aeabi_dmul</name>
         <value>0x8659</value>
         <object_component_ref idref="oc-227"/>
      </symbol>
      <symbol id="sm-c7b">
         <name>__aeabi_d2iz</name>
         <value>0x9141</value>
         <object_component_ref idref="oc-3b7"/>
      </symbol>
      <symbol id="sm-c87">
         <name>__aeabi_d2f</name>
         <value>0x8eff</value>
         <object_component_ref idref="oc-22c"/>
      </symbol>
      <symbol id="sm-c92">
         <name>__aeabi_f2d</name>
         <value>0x9307</value>
         <object_component_ref idref="oc-222"/>
      </symbol>
      <symbol id="sm-c9c">
         <name>__aeabi_i2d</name>
         <value>0x93a3</value>
         <object_component_ref idref="oc-2ee"/>
      </symbol>
      <symbol id="sm-cab">
         <name>__aeabi_memset</name>
         <value>0x8e87</value>
         <object_component_ref idref="oc-8f"/>
      </symbol>
      <symbol id="sm-cac">
         <name>memset</name>
         <value>0x8e8d</value>
         <object_component_ref idref="oc-8f"/>
      </symbol>
      <symbol id="sm-cad">
         <name>__aeabi_memset8</name>
         <value>0x8e87</value>
         <object_component_ref idref="oc-8f"/>
      </symbol>
      <symbol id="sm-cae">
         <name>__aeabi_memset4</name>
         <value>0x8e87</value>
         <object_component_ref idref="oc-8f"/>
      </symbol>
      <symbol id="sm-caf">
         <name>__aeabi_memclr8</name>
         <value>0x8e85</value>
         <object_component_ref idref="oc-8f"/>
      </symbol>
      <symbol id="sm-cb0">
         <name>__aeabi_memclr4</name>
         <value>0x8e85</value>
         <object_component_ref idref="oc-8f"/>
      </symbol>
      <symbol id="sm-cb1">
         <name>__aeabi_memclr</name>
         <value>0x8e85</value>
         <object_component_ref idref="oc-8f"/>
      </symbol>
      <symbol id="sm-cc0">
         <name>__aeabi_uidivmod</name>
         <value>0x9211</value>
         <object_component_ref idref="oc-28c"/>
      </symbol>
      <symbol id="sm-cc1">
         <name>__aeabi_uidiv</name>
         <value>0x9211</value>
         <object_component_ref idref="oc-28c"/>
      </symbol>
      <symbol id="sm-cd8">
         <name>__TI_zero_init</name>
         <value>0x942f</value>
         <object_component_ref idref="oc-4d"/>
      </symbol>
      <symbol id="sm-cef">
         <name>__TI_decompress_none</name>
         <value>0x9421</value>
         <object_component_ref idref="oc-1b"/>
      </symbol>
      <symbol id="sm-d12">
         <name>__TI_decompress_lzss</name>
         <value>0x8fd9</value>
         <object_component_ref idref="oc-15"/>
      </symbol>
      <symbol id="sm-d3a">
         <name>raise</name>
         <value>0x9375</value>
         <object_component_ref idref="oc-42c"/>
      </symbol>
      <symbol id="sm-d3b">
         <name>signal</name>
         <value>0x9291</value>
         <object_component_ref idref="oc-47e"/>
      </symbol>
      <symbol id="sm-da1">
         <name>__kernel_rem_pio2</name>
         <value>0x2d81</value>
         <object_component_ref idref="oc-3fb"/>
      </symbol>
      <symbol id="sm-db4">
         <name>__stack</name>
         <value>0x200030f8</value>
         <object_component_ref idref="oc-24"/>
      </symbol>
      <symbol id="sm-db5">
         <name>_c_int00_noargs</name>
         <value>0x9341</value>
         <object_component_ref idref="oc-59"/>
      </symbol>
      <symbol id="sm-dcb">
         <name>__aeabi_errno_addr</name>
         <value>0x9449</value>
         <object_component_ref idref="oc-3a4"/>
      </symbol>
      <symbol id="sm-dcc">
         <name>errno</name>
         <value>0x200030f0</value>
         <object_component_ref idref="oc-41b"/>
      </symbol>
      <symbol id="sm-df1">
         <name>__ldexp_cexp</name>
         <value>0x8a2d</value>
         <object_component_ref idref="oc-3de"/>
      </symbol>
      <symbol id="sm-e07">
         <name>__kernel_cos</name>
         <value>0x7d85</value>
         <object_component_ref idref="oc-3f0"/>
      </symbol>
      <symbol id="sm-e1e">
         <name>__kernel_sin</name>
         <value>0x7c11</value>
         <object_component_ref idref="oc-401"/>
      </symbol>
      <symbol id="sm-e3b">
         <name>floorl</name>
         <value>0x8755</value>
         <object_component_ref idref="oc-462"/>
      </symbol>
      <symbol id="sm-e3c">
         <name>floor</name>
         <value>0x8755</value>
         <object_component_ref idref="oc-462"/>
      </symbol>
      <symbol id="sm-e59">
         <name>scalbn</name>
         <value>0x8549</value>
         <object_component_ref idref="oc-45c"/>
      </symbol>
      <symbol id="sm-e5a">
         <name>scalbnl</name>
         <value>0x8549</value>
         <object_component_ref idref="oc-45c"/>
      </symbol>
      <symbol id="sm-e5b">
         <name>ldexpl</name>
         <value>0x8549</value>
         <object_component_ref idref="oc-45c"/>
      </symbol>
      <symbol id="sm-e5c">
         <name>ldexp</name>
         <value>0x8549</value>
         <object_component_ref idref="oc-45c"/>
      </symbol>
      <symbol id="sm-e66">
         <name>__aeabi_idiv0</name>
         <value>0x4f0f</value>
         <object_component_ref idref="oc-378"/>
      </symbol>
      <symbol id="sm-e67">
         <name>__aeabi_ldiv0</name>
         <value>0x4f0f</value>
         <object_component_ref idref="oc-378"/>
      </symbol>
      <symbol id="sm-e82">
         <name>memcpy</name>
         <value>0x8c55</value>
         <object_component_ref idref="oc-3b"/>
      </symbol>
      <symbol id="sm-e83">
         <name>__aeabi_memcpy</name>
         <value>0x8c55</value>
         <object_component_ref idref="oc-3b"/>
      </symbol>
      <symbol id="sm-e84">
         <name>__aeabi_memcpy8</name>
         <value>0x8c55</value>
         <object_component_ref idref="oc-3b"/>
      </symbol>
      <symbol id="sm-e85">
         <name>__aeabi_memcpy4</name>
         <value>0x8c55</value>
         <object_component_ref idref="oc-3b"/>
      </symbol>
      <symbol id="sm-ead">
         <name>__TI_auto_init_nobinit_nopinit</name>
         <value>0x9189</value>
         <object_component_ref idref="oc-12a"/>
      </symbol>
      <symbol id="sm-eb7">
         <name>_system_pre_init</name>
         <value>0x945d</value>
         <object_component_ref idref="oc-95"/>
      </symbol>
      <symbol id="sm-ec3">
         <name>C$$EXIT</name>
         <value>0x9461</value>
         <object_component_ref idref="oc-11e"/>
      </symbol>
      <symbol id="sm-ec4">
         <name>abort</name>
         <value>0x9461</value>
         <object_component_ref idref="oc-11e"/>
      </symbol>
      <symbol id="sm-ed9">
         <name>_nop</name>
         <value>0x48df</value>
         <object_component_ref idref="oc-339"/>
      </symbol>
      <symbol id="sm-eda">
         <name>_lock</name>
         <value>0x200030d8</value>
         <object_component_ref idref="oc-23f"/>
      </symbol>
      <symbol id="sm-edb">
         <name>_unlock</name>
         <value>0x200030dc</value>
         <object_component_ref idref="oc-23f"/>
      </symbol>
      <symbol id="sm-ee6">
         <name>copysign</name>
         <value>0x93f9</value>
         <object_component_ref idref="oc-496"/>
      </symbol>
      <symbol id="sm-ee7">
         <name>copysignl</name>
         <value>0x93f9</value>
         <object_component_ref idref="oc-496"/>
      </symbol>
      <symbol id="sm-ee8">
         <name>__TI_static_base__</name>
         <value>0x0</value>
      </symbol>
      <symbol id="sm-eeb">
         <name>__mpu_init</name>
         <value>0x0</value>
      </symbol>
      <symbol id="sm-eec">
         <name>_system_post_cinit</name>
         <value>0x0</value>
      </symbol>
   </symbol_table>
   <title>Link successful</title>
</link_info>
