******************************************************************************
                  TI ARM Linker PC v20.2.7                     
******************************************************************************
>> Linked Mon Nov 11 20:09:40 2024

OUTPUT FILE NAME:   <Lab5.out>
ENTRY POINT SYMBOL: "_c_int00_noargs"  address: 00009341


MEMORY CONFIGURATION

         name            origin    length      used     unused   attr    fill
----------------------  --------  ---------  --------  --------  ----  --------
  FLASH                 00000000   00040000  00009dff  00036201  R  X
  SRAM                  20000000   00008000  000032f8  00004d08  RW X


SEGMENT ALLOCATION MAP

run origin  load origin   length   init length attrs members
----------  ----------- ---------- ----------- ----- -------
00000000    00000000    00009e08   00009e08    r-x
  00000000    00000000    0000026c   0000026c    r-- .intvecs
  0000026c    0000026c    000091f8   000091f8    r-x .text
  00009468    00009468    0000094b   0000094b    r-- .const
  00009db8    00009db8    00000050   00000050    r-- .cinit
20000000    20000000    000032f8   00000000    rw-
  20000000    20000000    0000026c   00000000    rw- .vtable
  2000026c    2000026c    0000197c   00000000    rw- .bss
  20001be8    20001be8    00001510   00000000    rw- .data
  200030f8    200030f8    00000200   00000000    rw- .stack


SECTION ALLOCATION MAP

 output                                  attributes/
section   page    origin      length       input sections
--------  ----  ----------  ----------   ----------------
.intvecs   0    00000000    0000026c     
                  00000000    0000026c     tm4c123gh6pm_startup_ccs.obj (.intvecs)

.text      0    0000026c    000091f8     
                  0000026c    00000f80     sysctl.obj (.text)
                  000011ec    00000c14     gpio.obj (.text)
                  00001e00    00000840     adc.obj (.text)
                  00002640    00000740     multimod_ST7789.obj (.text)
                  00002d80    00000738     rtsv7M4_T_le_v4SPD16_eabi.lib : k_rem_pio2.c.obj (.text:__kernel_rem_pio2)
                  000034b8    000006f8     i2c.obj (.text)
                  00003bb0    000006ec     G8RTOS_Scheduler.obj (.text)
                  0000429c    00000642     timer.obj (.text)
                  000048de    00000002     rtsv7M4_T_le_v4SPD16_eabi.lib : _lock.c.obj (.text:_nop)
                  000048e0    0000062e     uart.obj (.text)
                  00004f0e    00000002     rtsv7M4_T_le_v4SPD16_eabi.lib : div0.asm.obj (.text)
                  00004f10    000005e0                                   : s_sin.c.obj (.text:sin)
                  000054f0    000005dc                                   : s_cos.c.obj (.text:cos)
                  00005acc    000004a8     uartstdio.obj (.text)
                  00005f74    00000480     threads.obj (.text)
                  000063f4    000003c0     interrupt.obj (.text)
                  000067b4    00000362     ssi.obj (.text)
                  00006b16    00000002     --HOLE-- [fill = 0]
                  00006b18    00000328     rtsv7M4_T_le_v4SPD16_eabi.lib : e_exp.c.obj (.text:exp)
                  00006e40    000002b0     goertzel.obj (.text)
                  000070f0    00000294     multimod_i2c.obj (.text)
                  00007384    000001e0     G8RTOS_IPC.obj (.text)
                  00007564    000001c8     multimod_dac.obj (.text)
                  0000772c    000001b6     rtsv7M4_T_le_v4SPD16_eabi.lib : fd_add_t2.asm.obj (.text)
                  000078e2    00000002     --HOLE-- [fill = 0]
                  000078e4    000001a0                                   : s_cexp.c.obj (.text:cexp)
                  00007a84    0000018c     multimod_spi.obj (.text)
                  00007c10    00000174     rtsv7M4_T_le_v4SPD16_eabi.lib : k_sin.c.obj (.text:__kernel_sin)
                  00007d84    00000170                                   : k_cos.c.obj (.text:__kernel_cos)
                  00007ef4    00000158                                   : e_sqrt.c.obj (.text:sqrt)
                  0000804c    00000148     multimod_PCA9555.obj (.text)
                  00008194    00000140     multimod_PCA9956b.obj (.text)
                  000082d4    0000013c     main.obj (.text)
                  00008410    00000136     rtsv7M4_T_le_v4SPD16_eabi.lib : fd_div_t2.asm.obj (.text)
                  00008546    00000002     --HOLE-- [fill = 0]
                  00008548    00000110                                   : s_scalbn.c.obj (.text:scalbn)
                  00008658    000000fc                                   : fd_mul_t2.asm.obj (.text)
                  00008754    000000f8                                   : s_floor.c.obj (.text:floor)
                  0000884c    000000f0     multimod_joystick.obj (.text)
                  0000893c    000000f0     rtsv7M4_T_le_v4SPD16_eabi.lib : s_rint.c.obj (.text:rint)
                  00008a2c    000000cc                                   : k_exp.c.obj (.text:__ldexp_cexp)
                  00008af8    000000b0     G8RTOS_Semaphores.obj (.text)
                  00008ba8    000000ac     multimod_mic.obj (.text)
                  00008c54    0000009c     rtsv7M4_T_le_v4SPD16_eabi.lib : memcpy_t2.asm.obj (.text)
                  00008cf0    00000088     systick.obj (.text)
                  00008d78    00000086     rtsv7M4_T_le_v4SPD16_eabi.lib : fd_cmp_t2.asm.obj (.text:__aeabi_cdcmple)
                  00008dfe    00000086                                   : fd_cmp_t2.asm.obj (.text:__aeabi_cdrcmple)
                  00008e84    0000007a                                   : memset_t2.asm.obj (.text)
                  00008efe    0000006e                                   : fd_tos_t2.asm.obj (.text)
                  00008f6c    0000006c                                   : s_lrint.c.obj (.text:lrint)
                  00008fd8    00000068                                   : copy_decompress_lzss.c.obj (.text:decompress:lzss:__TI_decompress_lzss)
                  00009040    00000060     G8RTOS_SchedulerASM.obj (.text)
                  000090a0    00000054     multimod_uart.obj (.text)
                  000090f4    0000004c     multimod_buttons.obj (.text)
                  00009140    00000048     rtsv7M4_T_le_v4SPD16_eabi.lib : fd_toi_t2.asm.obj (.text)
                  00009188    00000044                                   : autoinit.c.obj (.text:__TI_auto_init_nobinit_nopinit:__TI_auto_init_nobinit_nopinit)
                  000091cc    00000044                                   : k_exp.c.obj (.text:__frexp_exp)
                  00009210    00000040                                   : u_divt2.asm.obj (.text)
                  00009250    0000003e     cpu.obj (.text)
                  0000928e    00000002     --HOLE-- [fill = 0]
                  00009290    0000003c     rtsv7M4_T_le_v4SPD16_eabi.lib : signal.c.obj (.text:signal)
                  000092cc    0000003a                                   : c99_complex.c.obj (.text:__c99_complex_double_negate)
                  00009306    00000038                                   : fs_tod_t2.asm.obj (.text)
                  0000933e    00000002     --HOLE-- [fill = 0]
                  00009340    00000034                                   : boot_cortex_m.c.obj (.text:_c_int00_noargs:_c_int00_noargs)
                  00009374    0000002e                                   : signal.c.obj (.text:raise)
                  000093a2    0000002e                                   : i_tofd_t2.asm.obj (.text)
                  000093d0    00000028                                   : c99_complex.c.obj (.text:__c99_idouble_to_cdouble)
                  000093f8    0000001a                                   : s_copysign.c.obj (.text:copysign)
                  00009412    0000000e     G8RTOS_CriticalSection.obj (.text)
                  00009420    0000000e     rtsv7M4_T_le_v4SPD16_eabi.lib : copy_decompress_none.c.obj (.text:decompress:none:__TI_decompress_none)
                  0000942e    0000000c                                   : copy_zero_init.c.obj (.text:decompress:ZI:__TI_zero_init)
                  0000943a    0000000c     tm4c123gh6pm_startup_ccs.obj (.text)
                  00009446    00000002     --HOLE-- [fill = 0]
                  00009448    00000008     rtsv7M4_T_le_v4SPD16_eabi.lib : errno.c.obj (.text:__aeabi_errno_addr)
                  00009450    00000006     sysctl.obj (.text:SysCtlDelay)
                  00009456    00000006     rtsv7M4_T_le_v4SPD16_eabi.lib : ti_fenv.c.obj (.text:__softfloat_float_raise)
                  0000945c    00000004                                   : pre_init.c.obj (.text:_system_pre_init)
                  00009460    00000004                                   : exit.c.obj (.text:abort:abort)

.const     0    00009468    0000094b     
                  00009468    000001b0     sysctl.obj (.const:g_pppui32XTALtoVCO)
                  00009618    00000158     rtsv7M4_T_le_v4SPD16_eabi.lib : k_rem_pio2.c.obj (.const:$O1$$)
                  00009770    000000d8     gpio.obj (.const:g_ppui32GPIOIntMapSnowflake)
                  00009848    000000c0     gpio.obj (.const:g_ppui32GPIOIntMapBlizzard)
                  00009908    0000009c     interrupt.obj (.const:g_pui32Regs)
                  000099a4    00000090     gpio.obj (.const:g_pui32GPIOBaseAddrs)
                  00009a34    0000006c     sysctl.obj (.const:g_pui32Xtals)
                  00009aa0    00000060     timer.obj (.const:g_ppui32TimerIntMap)
                  00009b00    00000050     i2c.obj (.const:g_ppui32I2CIntMapSnowflake)
                  00009b50    00000040     timer.obj (.const:g_ppui32TimerIntMapSnowflake)
                  00009b90    00000040     uart.obj (.const:g_ppui32UARTIntMap)
                  00009bd0    00000040     uart.obj (.const:g_ppui32UARTIntMapSnowflake)
                  00009c10    00000030     rtsv7M4_T_le_v4SPD16_eabi.lib : e_exp.c.obj (.const:$O1$$)
                  00009c40    00000030     i2c.obj (.const:g_ppui32I2CIntMap)
                  00009c70    00000030     sysctl.obj (.const:g_sXTALtoMEMTIM)
                  00009ca0    00000020     ssi.obj (.const:g_ppui32SSIIntMap)
                  00009cc0    00000020     ssi.obj (.const:g_ppui32SSIIntMapSnowflake)
                  00009ce0    00000020     interrupt.obj (.const:g_pui32Priority)
                  00009d00    00000014     interrupt.obj (.const:g_pui32Dii16Regs)
                  00009d14    00000014     interrupt.obj (.const:g_pui32EnRegs)
                  00009d28    00000014     interrupt.obj (.const:g_pui32PendRegs)
                  00009d3c    00000014     interrupt.obj (.const:g_pui32UnpendRegs)
                  00009d50    00000012     uartstdio.obj (.const:.string)
                  00009d62    00000002     multimod_PCA9956b.obj (.const:.string:$P$T0$1)
                  00009d64    00000004     uartstdio.obj (.const)
                  00009d68    00000010     threads.obj (.const:$P$T0$1)
                  00009d78    00000010     rtsv7M4_T_le_v4SPD16_eabi.lib : s_rint.c.obj (.const:TWO52)
                  00009d88    0000000c     uartstdio.obj (.const:g_ui32UARTBase)
                  00009d94    0000000c     uartstdio.obj (.const:g_ui32UARTPeriph)
                  00009da0    00000008     sysctl.obj (.const:g_pui32VCOFrequencies)
                  00009da8    00000003     multimod_PCA9555.obj (.const:.string:$P$T0$1)
                  00009dab    00000003     multimod_PCA9555.obj (.const:.string:$P$T1$2)
                  00009dae    00000003     multimod_PCA9555.obj (.const:.string:$P$T2$3)
                  00009db1    00000002     multimod_PCA9956b.obj (.const:.string:$P$T1$2)

.cinit     0    00009db8    00000050     
                  00009db8    00000015     (.cinit..data.load) [load image, compression = lzss]
                  00009dcd    00000003     --HOLE-- [fill = 0]
                  00009dd0    0000000c     (__TI_handler_table)
                  00009ddc    00000004     --HOLE-- [fill = 0]
                  00009de0    00000008     (.cinit..bss.load) [load image, compression = zero_init]
                  00009de8    00000008     (.cinit..vtable.load) [load image, compression = zero_init]
                  00009df0    00000018     (__TI_cinit_table)

.init_array 
*          0    00000000    00000000     UNINITIALIZED

.vtable    0    20000000    0000026c     UNINITIALIZED
                  20000000    0000026c     interrupt.obj (.vtable)

.bss       0    2000026c    0000197c     UNINITIALIZED
                  2000026c    00001800     G8RTOS_Scheduler.obj (.bss:threadStacks)
                  20001a6c    00000108     G8RTOS_Scheduler.obj (.bss:threadControlBlocks)
                  20001b74    00000048     G8RTOS_Scheduler.obj (.bss:pthreadControlBlocks)
                  20001bbc    00000008     G8RTOS_Scheduler.obj (.bss)
                  20001bc4    00000008     adc.obj (.bss:g_pui8OversampleFactor)
                  20001bcc    00000004     (.common:CurrentlyRunningThread)
                  20001bd0    00000004     (.common:IBit_State)
                  20001bd4    00000004     (.common:SystemTime)
                  20001bd8    00000004     (.common:sem_I2CA)
                  20001bdc    00000004     (.common:sem_Joystick_Debounce)
                  20001be0    00000004     (.common:sem_PCA9555_Debounce)
                  20001be4    00000004     (.common:sem_SPIA)

.data      0    20001be8    00001510     UNINITIALIZED
                  20001be8    00001464     G8RTOS_IPC.obj (.data:FIFOs)
                  2000304c    00000080     rtsv7M4_T_le_v4SPD16_eabi.lib : signal.c.obj (.data:sigTable)
                  200030cc    0000000c                                   : ti_fenv.c.obj (.data)
                  200030d8    00000008                                   : _lock.c.obj (.data:$O1$$)
                  200030e0    00000005     uartstdio.obj (.data)
                  200030e5    00000003     --HOLE--
                  200030e8    00000004     G8RTOS_Scheduler.obj (.data)
                  200030ec    00000004     threads.obj (.data:dac_signal)
                  200030f0    00000004     rtsv7M4_T_le_v4SPD16_eabi.lib : errno.c.obj (.data)
                  200030f4    00000004     threads.obj (.data)

.stack     0    200030f8    00000200     UNINITIALIZED
                  200030f8    00000004     rtsv7M4_T_le_v4SPD16_eabi.lib : boot_cortex_m.c.obj (.stack)
                  200030fc    000001fc     --HOLE--

__llvm_prf_cnts 
*          0    20000000    00000000     UNINITIALIZED

MODULE SUMMARY

       Module                         code    ro data   rw data
       ------                         ----    -------   -------
    .\
       threads.obj                    1152    16        8      
       tm4c123gh6pm_startup_ccs.obj   12      620       0      
       main.obj                       316     0         20     
    +--+------------------------------+-------+---------+---------+
       Total:                         1480    636       28     
                                                               
    .\G8RTOS\src\
       G8RTOS_Scheduler.obj           1772    0         6500   
       G8RTOS_IPC.obj                 480     0         5220   
       G8RTOS_Semaphores.obj          176     0         0      
       G8RTOS_SchedulerASM.obj        96      0         0      
       G8RTOS_CriticalSection.obj     14      0         0      
    +--+------------------------------+-------+---------+---------+
       Total:                         2538    0         11720  
                                                               
    .\MiscFunctions\Signals\src\
       goertzel.obj                   688     0         0      
    +--+------------------------------+-------+---------+---------+
       Total:                         688     0         0      
                                                               
    .\MultimodDrivers\src\
       multimod_ST7789.obj            1856    0         0      
       multimod_i2c.obj               660     0         0      
       multimod_dac.obj               456     0         0      
       multimod_spi.obj               396     0         0      
       multimod_PCA9555.obj           328     9         0      
       multimod_PCA9956b.obj          320     4         0      
       multimod_joystick.obj          240     0         0      
       multimod_mic.obj               172     0         0      
       multimod_uart.obj              84      0         0      
       multimod_buttons.obj           76      0         0      
    +--+------------------------------+-------+---------+---------+
       Total:                         4588    13        0      
                                                               
    .\driverlib\
       sysctl.obj                     3974    596       0      
       gpio.obj                       3092    552       0      
       adc.obj                        2112    0         8      
       i2c.obj                        1784    128       0      
       interrupt.obj                  960     268       620    
       timer.obj                      1602    160       0      
       uart.obj                       1582    128       0      
       uartstdio.obj                  1192    46        5      
       ssi.obj                        866     64        0      
       systick.obj                    136     0         0      
       cpu.obj                        62      0         0      
    +--+------------------------------+-------+---------+---------+
       Total:                         17362   1942      633    
                                                               
    C:\ti\ccs1280\ccs\tools\compiler\ti-cgt-arm_20.2.7.LTS\lib\rtsv7M4_T_le_v4SPD16_eabi.lib
       k_rem_pio2.c.obj               1848    344       0      
       s_sin.c.obj                    1504    0         0      
       s_cos.c.obj                    1500    0         0      
       e_exp.c.obj                    808     48        0      
       fd_add_t2.asm.obj              438     0         0      
       s_cexp.c.obj                   416     0         0      
       k_sin.c.obj                    372     0         0      
       k_cos.c.obj                    368     0         0      
       e_sqrt.c.obj                   344     0         0      
       fd_div_t2.asm.obj              310     0         0      
       k_exp.c.obj                    272     0         0      
       s_scalbn.c.obj                 272     0         0      
       fd_cmp_t2.asm.obj              268     0         0      
       s_rint.c.obj                   240     16        0      
       fd_mul_t2.asm.obj              252     0         0      
       s_floor.c.obj                  248     0         0      
       signal.c.obj                   106     0         128    
       memcpy_t2.asm.obj              156     0         0      
       memset_t2.asm.obj              122     0         0      
       fd_tos_t2.asm.obj              110     0         0      
       s_lrint.c.obj                  108     0         0      
       copy_decompress_lzss.c.obj     104     0         0      
       c99_complex.c.obj              98      0         0      
       fd_toi_t2.asm.obj              72      0         0      
       autoinit.c.obj                 68      0         0      
       u_divt2.asm.obj                64      0         0      
       fs_tod_t2.asm.obj              56      0         0      
       boot_cortex_m.c.obj            52      0         0      
       i_tofd_t2.asm.obj              46      0         0      
       s_copysign.c.obj               26      0         0      
       ti_fenv.c.obj                  6       0         12     
       copy_decompress_none.c.obj     14      0         0      
       copy_zero_init.c.obj           12      0         0      
       errno.c.obj                    8       0         4      
       _lock.c.obj                    2       0         8      
       exit.c.obj                     4       0         0      
       pre_init.c.obj                 4       0         0      
       div0.asm.obj                   2       0         0      
    +--+------------------------------+-------+---------+---------+
       Total:                         10700   408       152    
                                                               
       Stack:                         0       0         512    
       Linker Generated:              0       73        0      
    +--+------------------------------+-------+---------+---------+
       Grand Total:                   37356   3072      13045  


LINKER GENERATED COPY TABLES

__TI_cinit_table @ 00009df0 records: 3, size/record: 8, table size: 24
	.data: load addr=00009db8, load size=00000015 bytes, run addr=20001be8, run size=00001510 bytes, compression=lzss
	.bss: load addr=00009de0, load size=00000008 bytes, run addr=2000026c, run size=0000197c bytes, compression=zero_init
	.vtable: load addr=00009de8, load size=00000008 bytes, run addr=20000000, run size=0000026c bytes, compression=zero_init


LINKER GENERATED HANDLER TABLE

__TI_handler_table @ 00009dd0 records: 3, size/record: 4, table size: 12
	index: 0, handler: __TI_zero_init
	index: 1, handler: __TI_decompress_lzss
	index: 2, handler: __TI_decompress_none


GLOBAL SYMBOLS: SORTED ALPHABETICALLY BY Name 

address   name                              
-------   ----                              
000025b1  ADCBusy                           
000025f9  ADCClockConfigGet                 
000025cf  ADCClockConfigSet                 
000023cb  ADCComparatorConfigure            
000024a5  ADCComparatorIntClear             
00002451  ADCComparatorIntDisable           
0000246f  ADCComparatorIntEnable            
00002491  ADCComparatorIntStatus            
000023e7  ADCComparatorRegionSet            
0000240b  ADCComparatorReset                
00002399  ADCHardwareOversampleConfigure    
00001f3b  ADCIntClear                       
00002519  ADCIntClearEx                     
00001ea1  ADCIntDisable                     
000024b7  ADCIntDisableEx                   
00001ebd  ADCIntEnable                      
000024cf  ADCIntEnableEx                    
00001e5b  ADCIntRegister                    
00001ee3  ADCIntStatus                      
000024e7  ADCIntStatusEx                    
00001e83  ADCIntUnregister                  
0000256b  ADCPhaseDelayGet                  
00002559  ADCPhaseDelaySet                  
000021ad  ADCProcessorTrigger               
00002547  ADCReferenceGet                   
0000252b  ADCReferenceSet                   
00001f85  ADCSequenceConfigure              
00002595  ADCSequenceDMADisable             
00002579  ADCSequenceDMAEnable              
0000216b  ADCSequenceDataGet                
00001f6b  ADCSequenceDisable                
00001f51  ADCSequenceEnable                 
0000210f  ADCSequenceOverflow               
00002127  ADCSequenceOverflowClear          
00002021  ADCSequenceStepConfigure          
0000213d  ADCSequenceUnderflow              
00002155  ADCSequenceUnderflowClear         
000021d1  ADCSoftwareOversampleConfigure    
00002305  ADCSoftwareOversampleDataGet      
00002223  ADCSoftwareOversampleStepConfigure
00006387  Button_Handler                    
00009461  C$$EXIT                           
00009285  CPUbasepriGet                     
00009277  CPUbasepriSet                     
00009251  CPUcpsid                          
00009267  CPUcpsie                          
0000925d  CPUprimask                        
00009273  CPUwfi                            
20001bcc  CurrentlyRunningThread            
00006399  DAC_Timer_Handler                 
00006219  Display_Thread                    
0000941b  EndCriticalSection                
00003d8d  G8RTOS_AddThread                  
00003f95  G8RTOS_Add_APeriodicEvent         
00004015  G8RTOS_Add_PeriodicEvent          
00004265  G8RTOS_GetNumberOfThreads         
0000425d  G8RTOS_GetThreadID                
00003c8b  G8RTOS_Init                       
00007385  G8RTOS_InitFIFO                   
00008af9  G8RTOS_InitSemaphore              
000041bd  G8RTOS_KillSelf                   
000040f5  G8RTOS_KillThread                 
00003cdf  G8RTOS_Launch                     
000073fb  G8RTOS_ReadFIFO                   
00003d03  G8RTOS_Scheduler                  
00008b57  G8RTOS_SignalSemaphore            
00009049  G8RTOS_Start                      
00008b17  G8RTOS_WaitSemaphore              
0000749b  G8RTOS_WriteFIFO                  
00001db1  GPIOADCTriggerDisable             
00001d93  GPIOADCTriggerEnable              
00001d75  GPIODMATriggerDisable             
00001d57  GPIODMATriggerEnable              
000012a7  GPIODirModeGet                    
0000124b  GPIODirModeSet                    
00001861  GPIOIntClear                      
00001825  GPIOIntDisable                    
00001801  GPIOIntEnable                     
00001875  GPIOIntRegister                   
000018ad  GPIOIntRegisterPin                
0000183f  GPIOIntStatus                     
00001397  GPIOIntTypeGet                    
000012f3  GPIOIntTypeSet                    
00001893  GPIOIntUnregister                 
000018db  GPIOIntUnregisterPin              
0000168f  GPIOPadConfigGet                  
00001421  GPIOPadConfigSet                  
00001cf9  GPIOPinConfigure                  
000018ff  GPIOPinRead                       
00001937  GPIOPinTypeADC                    
0000195b  GPIOPinTypeCAN                    
0000197f  GPIOPinTypeComparator             
000019a3  GPIOPinTypeComparatorOutput       
000019c7  GPIOPinTypeDIVSCLK                
000019eb  GPIOPinTypeEPI                    
00001a0f  GPIOPinTypeEthernetLED            
00001a33  GPIOPinTypeEthernetMII            
00001a57  GPIOPinTypeGPIOInput              
00001a7b  GPIOPinTypeGPIOOutput             
00001aa5  GPIOPinTypeGPIOOutputOD           
00001ac9  GPIOPinTypeHibernateRTCCLK        
00001aed  GPIOPinTypeI2C                    
00001b11  GPIOPinTypeI2CSCL                 
00001b35  GPIOPinTypeLCD                    
00001b59  GPIOPinTypeOneWire                
00001b7d  GPIOPinTypePWM                    
00001ba1  GPIOPinTypeQEI                    
00001bc5  GPIOPinTypeSSI                    
00001be9  GPIOPinTypeTimer                  
00001c0d  GPIOPinTypeTrace                  
00001c31  GPIOPinTypeUART                   
00001c55  GPIOPinTypeUSBAnalog              
00001c79  GPIOPinTypeUSBDigital             
00001c9d  GPIOPinTypeWakeHigh               
00001cc3  GPIOPinTypeWakeLow                
00001ce9  GPIOPinWakeStatus                 
00001917  GPIOPinWrite                      
00001dcf  GPIOUnlockPin                     
00005f75  Goertzel_ReadSample               
00003aaf  I2CFIFODataGet                    
00003ac9  I2CFIFODataGetNonBlocking         
00003a65  I2CFIFODataPut                    
00003a87  I2CFIFODataPutNonBlocking         
00003a55  I2CFIFOStatus                     
00003649  I2CIntRegister                    
00003667  I2CIntUnregister                  
00003b8b  I2CLoopbackEnable                 
00003b05  I2CMasterBurstCountGet            
00003aef  I2CMasterBurstLengthSet           
000038ad  I2CMasterBusBusy                  
00003895  I2CMasterBusy                     
000038c5  I2CMasterControl                  
00003919  I2CMasterDataGet                  
00003903  I2CMasterDataPut                  
00003615  I2CMasterDisable                  
000035e1  I2CMasterEnable                   
000038d7  I2CMasterErr                      
00003b13  I2CMasterGlitchFilterConfigSet    
00003517  I2CMasterInitExpClk               
0000380f  I2CMasterIntClear                 
0000382d  I2CMasterIntClearEx               
000036db  I2CMasterIntDisable               
000036eb  I2CMasterIntDisableEx             
00003681  I2CMasterIntEnable                
00003691  I2CMasterIntEnableEx              
00003735  I2CMasterIntStatus                
00003779  I2CMasterIntStatusEx              
00003887  I2CMasterLineStateGet             
00003865  I2CMasterSlaveAddrSet             
00003927  I2CMasterTimeoutSet               
00003a15  I2CRxFIFOConfigSet                
00003a3d  I2CRxFIFOFlush                    
00003939  I2CSlaveACKOverride               
0000396b  I2CSlaveACKValueSet               
000035a3  I2CSlaveAddressSet                
000039c5  I2CSlaveDataGet                   
000039ad  I2CSlaveDataPut                   
0000362b  I2CSlaveDisable                   
000035f7  I2CSlaveEnable                    
00003b79  I2CSlaveFIFODisable               
00003b61  I2CSlaveFIFOEnable                
00003589  I2CSlaveInit                      
0000383f  I2CSlaveIntClear                  
00003851  I2CSlaveIntClearEx                
00003703  I2CSlaveIntDisable                
0000371b  I2CSlaveIntDisableEx              
000036a9  I2CSlaveIntEnable                 
000036c1  I2CSlaveIntEnableEx               
000037a5  I2CSlaveIntStatus                 
000037ed  I2CSlaveIntStatusEx               
0000399d  I2CSlaveStatus                    
000039d5  I2CTxFIFOConfigSet                
000039fd  I2CTxFIFOFlush                    
000070f1  I2C_Init                          
000072a3  I2C_ReadMultiple                  
000071b7  I2C_ReadSingle                    
000071f1  I2C_WriteMultiple                 
0000717b  I2C_WriteSingle                   
20001bd0  IBit_State                        
00005f87  Idle_Thread                       
000065b5  IntDisable                        
00006543  IntEnable                         
00006627  IntIsEnabled                      
00006407  IntMasterDisable                  
000063f7  IntMasterEnable                   
0000671d  IntPendClear                      
000066ad  IntPendSet                        
0000651f  IntPriorityGet                    
00006497  IntPriorityGroupingGet            
0000647d  IntPriorityGroupingSet            
00006777  IntPriorityMaskGet                
0000676b  IntPriorityMaskSet                
000064cf  IntPrioritySet                    
00006417  IntRegister                       
0000677f  IntTrigger                        
00006469  IntUnregister                     
000088bb  JOYSTICK_GetPress                 
000088cf  JOYSTICK_GetX                     
000088f1  JOYSTICK_GetXY                    
000088df  JOYSTICK_GetY                     
0000884d  JOYSTICK_Init                     
00008897  JOYSTICK_IntEnable                
00006351  Mic_Handler                       
00005f89  Mic_Thread                        
0000911f  MultimodButtons_Get               
000090f5  MultimodButtons_Init              
00008ba9  MultimodMic_Init                  
00007565  MutimodDAC_Init                   
00007693  MutimodDAC_Read                   
0000763f  MutimodDAC_Write                  
0000804d  PCA9555_GetInput                  
0000814b  PCA9555_ReadReg                   
00008107  PCA9555_SetOutput                 
0000807f  PCA9555_SetPinDir                 
000080c3  PCA9555_SetPinPol                 
00008257  PCA9556b_SetLED                   
00008249  PCA9956b_DisableOutput            
0000823b  PCA9956b_EnableOutput             
000082ab  PCA9956b_GetChipID                
00008195  PCA9956b_Init                     
000081e7  PCA9956b_SetAllMax                
00008211  PCA9956b_SetAllOff                
0000906d  PendSV_Handler                    
00006305  Read_Buttons                      
0000943b  ResetISR                          
00007a85  SPI_Init                          
00007b93  SPI_ReadMultiple                  
00007b0b  SPI_ReadSingle                    
00007b33  SPI_WriteMultiple                 
00007aed  SPI_WriteSingle                   
00006a6d  SSIAdvDataPutFrameEnd             
00006a93  SSIAdvDataPutFrameEndNonBlocking  
00006ad5  SSIAdvFrameHoldDisable            
00006abf  SSIAdvFrameHoldEnable             
00006a3b  SSIAdvModeSet                     
000069f9  SSIBusy                           
00006a2b  SSIClockSourceGet                 
00006a17  SSIClockSourceSet                 
00006813  SSIConfigSetExpClk                
000069e1  SSIDMADisable                     
000069c9  SSIDMAEnable                      
0000698b  SSIDataGet                        
000069a7  SSIDataGetNonBlocking             
00006951  SSIDataPut                        
0000696b  SSIDataPutNonBlocking             
000068a3  SSIDisable                        
0000688d  SSIEnable                         
0000693f  SSIIntClear                       
00006909  SSIIntDisable                     
000068f1  SSIIntEnable                      
000068b9  SSIIntRegister                    
00006921  SSIIntStatus                      
000068d7  SSIIntUnregister                  
00006b01  SSILoopbackDisable                
00006aeb  SSILoopbackEnable                 
0000264f  ST7789_Deselect                   
00002815  ST7789_DrawHLine                  
00002bb7  ST7789_DrawLine                   
00002b49  ST7789_DrawPixel                  
00002c87  ST7789_DrawRectangle              
0000277f  ST7789_DrawVLine                  
00002b9b  ST7789_Fill                       
00002a67  ST7789_Init                       
000028c9  ST7789_Line                       
000026a5  ST7789_ReadRegister               
00002641  ST7789_Select                     
0000266b  ST7789_SetCommand                 
0000265d  ST7789_SetData                    
000026b3  ST7789_SetWindow                  
00002679  ST7789_WriteCommand               
00002693  ST7789_WriteData                  
00006087  Speaker_Thread                    
00009413  StartCriticalSection              
000011a9  SysCtlAltClkConfig                
000008d1  SysCtlClockFreqSet                
00000d99  SysCtlClockGet                    
0000118d  SysCtlClockOutConfig              
00000bc9  SysCtlClockSet                    
000007d5  SysCtlDeepSleep                   
00000f5d  SysCtlDeepSleepClockConfigSet     
00000f3f  SysCtlDeepSleepClockSet           
000007b5  SysCtlDeepSleepPowerSet           
00009451  SysCtlDelay                       
00000363  SysCtlFlashSectorSizeGet          
00000337  SysCtlFlashSizeGet                
00001033  SysCtlGPIOAHBDisable              
00001017  SysCtlGPIOAHBEnable               
00000749  SysCtlIntClear                    
00000731  SysCtlIntDisable                  
0000071d  SysCtlIntEnable                   
000006f5  SysCtlIntRegister                 
00000759  SysCtlIntStatus                   
0000070d  SysCtlIntUnregister               
0000079b  SysCtlLDODeepSleepGet             
0000078b  SysCtlLDODeepSleepSet             
00000785  SysCtlLDOSleepGet                 
00000775  SysCtlLDOSleepSet                 
0000080b  SysCtlMOSCConfigSet               
00001171  SysCtlNMIClear                    
0000115d  SysCtlNMIStatus                   
00000821  SysCtlPIOSCCalibrate              
00001001  SysCtlPWMClockGet                 
00000fe7  SysCtlPWMClockSet                 
000006a1  SysCtlPeripheralClockGating       
00000659  SysCtlPeripheralDeepSleepDisable  
00000609  SysCtlPeripheralDeepSleepEnable   
00000545  SysCtlPeripheralDisable           
00000509  SysCtlPeripheralEnable            
00000445  SysCtlPeripheralPowerOff          
00000409  SysCtlPeripheralPowerOn           
00000389  SysCtlPeripheralPresent           
000003c9  SysCtlPeripheralReady             
00000481  SysCtlPeripheralReset             
000005cd  SysCtlPeripheralSleepDisable      
00000589  SysCtlPeripheralSleepEnable       
000007c5  SysCtlReset                       
00000881  SysCtlResetBehaviorGet            
00000871  SysCtlResetBehaviorSet            
000007f7  SysCtlResetCauseClear             
000007f1  SysCtlResetCauseGet               
0000032d  SysCtlSRAMSizeGet                 
000007cd  SysCtlSleep                       
000007a1  SysCtlSleepPowerSet               
0000105b  SysCtlUSBPLLDisable               
0000104f  SysCtlUSBPLLEnable                
000010a1  SysCtlVCOGet                      
00001089  SysCtlVoltageEventClear           
0000106d  SysCtlVoltageEventConfig          
0000107d  SysCtlVoltageEventStatus          
00008cfd  SysTickDisable                    
00008cf1  SysTickEnable                     
00008d41  SysTickIntDisable                 
00008d35  SysTickIntEnable                  
00008d09  SysTickIntRegister                
00008d21  SysTickIntUnregister              
00008d5f  SysTickPeriodGet                  
00008d4d  SysTickPeriodSet                  
00008d67  SysTickValueGet                   
00003bdb  SysTick_Handler                   
20001bd4  SystemTime                        
0000485d  TimerADCEventGet                  
0000484b  TimerADCEventSet                  
00004581  TimerClockSourceGet               
00004557  TimerClockSourceSet               
0000434b  TimerConfigure                    
0000446b  TimerControlEvent                 
000043c7  TimerControlLevel                 
00004495  TimerControlStall                 
000043fd  TimerControlTrigger               
000044cb  TimerControlWaitOnTrigger         
0000487d  TimerDMAEventGet                  
0000486b  TimerDMAEventSet                  
0000432d  TimerDisable                      
0000430f  TimerEnable                       
00004827  TimerIntClear                     
000047f1  TimerIntDisable                   
000047d9  TimerIntEnable                    
00004793  TimerIntRegister                  
00004809  TimerIntStatus                    
000047bb  TimerIntUnregister                
0000464b  TimerLoadGet                      
00004681  TimerLoadGet64                    
00004621  TimerLoadSet                      
00004667  TimerLoadSet64                    
0000472b  TimerMatchGet                     
00004761  TimerMatchGet64                   
00004701  TimerMatchSet                     
00004747  TimerMatchSet64                   
000045bb  TimerPrescaleGet                  
00004605  TimerPrescaleMatchGet             
000045d7  TimerPrescaleMatchSet             
00004591  TimerPrescaleSet                  
00004541  TimerRTCDisable                   
0000452b  TimerRTCEnable                    
00004839  TimerSynchronize                  
0000488b  TimerUpdateMode                   
000046b3  TimerValueGet                     
000046cf  TimerValueGet64                   
00004eb1  UART9BitAddrSend                  
00004e8b  UART9BitAddrSet                   
00004e75  UART9BitDisable                   
00004e5f  UART9BitEnable                    
00004d03  UARTBreakCtl                      
00004d2d  UARTBusy                          
00004cab  UARTCharGet                       
00004c8f  UARTCharGetNonBlocking            
00004ce5  UARTCharPut                       
00004cc1  UARTCharPutNonBlocking            
00004c53  UARTCharsAvail                    
00004e4f  UARTClockSourceGet                
00004e3b  UARTClockSourceSet                
00004a23  UARTConfigGetExpClk               
000049ad  UARTConfigSetExpClk               
00004e01  UARTDMADisable                    
00004de9  UARTDMAEnable                     
00004a93  UARTDisable                       
00004b17  UARTDisableSIR                    
00004a6f  UARTEnable                        
00004ae9  UARTEnableSIR                     
00004ad3  UARTFIFODisable                   
00004abd  UARTFIFOEnable                    
00004985  UARTFIFOLevelGet                  
0000496d  UARTFIFOLevelSet                  
00004c13  UARTFlowControlGet                
00004bf7  UARTFlowControlSet                
00004dd7  UARTIntClear                      
00004da1  UARTIntDisable                    
00004d89  UARTIntEnable                     
00004d4b  UARTIntRegister                   
00004db9  UARTIntStatus                     
00004d69  UARTIntUnregister                 
00004ef9  UARTLoopbackEnable                
00004bad  UARTModemControlClear             
00004bd1  UARTModemControlGet               
00004b75  UARTModemControlSet               
00004be3  UARTModemStatusGet                
0000495b  UARTParityModeGet                 
0000493f  UARTParityModeSet                 
00004e2b  UARTRxErrorClear                  
00004e19  UARTRxErrorGet                    
00004b5f  UARTSmartCardDisable              
00004b2d  UARTSmartCardEnable               
00004c71  UARTSpaceAvail                    
00005acd  UARTStdioConfig                   
00004c41  UARTTxIntModeGet                  
00004c25  UARTTxIntModeSet                  
000090a1  UART_Init                         
00005c1d  UARTgetc                          
00005b63  UARTgets                          
00005f3f  UARTprintf                        
00005c45  UARTvprintf                       
00005b13  UARTwrite                         
0000632f  Update_Volume                     
0000614f  Volume_Thread                     
200032f8  __STACK_END                       
00000200  __STACK_SIZE                      
200032f8  __STACK_TOP                       
00009df0  __TI_CINIT_Base                   
00009e08  __TI_CINIT_Limit                  
00009dd0  __TI_Handler_Table_Base           
00009ddc  __TI_Handler_Table_Limit          
00009189  __TI_auto_init_nobinit_nopinit    
00008fd9  __TI_decompress_lzss              
00009421  __TI_decompress_none              
ffffffff  __TI_pprof_out_hndl               
ffffffff  __TI_prof_data_size               
ffffffff  __TI_prof_data_start              
00000000  __TI_static_base__                
0000942f  __TI_zero_init                    
00008d79  __aeabi_cdcmpeq                   
00008d79  __aeabi_cdcmple                   
00008dff  __aeabi_cdrcmple                  
00008eff  __aeabi_d2f                       
00009141  __aeabi_d2iz                      
00007737  __aeabi_dadd                      
00008411  __aeabi_ddiv                      
00008659  __aeabi_dmul                      
0000772d  __aeabi_dsub                      
00009449  __aeabi_errno_addr                
00009307  __aeabi_f2d                       
000093a3  __aeabi_i2d                       
00004f0f  __aeabi_idiv0                     
00004f0f  __aeabi_ldiv0                     
00008e85  __aeabi_memclr                    
00008e85  __aeabi_memclr4                   
00008e85  __aeabi_memclr8                   
00008c55  __aeabi_memcpy                    
00008c55  __aeabi_memcpy4                   
00008c55  __aeabi_memcpy8                   
00008e87  __aeabi_memset                    
00008e87  __aeabi_memset4                   
00008e87  __aeabi_memset8                   
00009211  __aeabi_uidiv                     
00009211  __aeabi_uidivmod                  
ffffffff  __binit__                         
000092cd  __c99_complex_double_negate       
000093d1  __c99_idouble_to_cdouble          
ffffffff  __c_args__                        
00007d85  __kernel_cos                      
00002d81  __kernel_rem_pio2                 
00007c11  __kernel_sin                      
00008a2d  __ldexp_cexp                      
UNDEFED   __mpu_init                        
200030cc  __softfloat_float_exception_flags 
200030d0  __softfloat_float_exception_mask  
00009457  __softfloat_float_raise           
200030d4  __softfloat_float_rounding_mode   
200030f8  __stack                           
20000000  __start___llvm_prf_cnts           
20000000  __stop___llvm_prf_cnts            
00009341  _c_int00_noargs                   
200030d8  _lock                             
000048df  _nop                              
UNDEFED   _system_post_cinit                
0000945d  _system_pre_init                  
200030dc  _unlock                           
00009461  abort                             
ffffffff  binit                             
000078e5  cexp                              
000078e5  cexpl                             
00006e41  cint16_abs                        
000093f9  copysign                          
000093f9  copysignl                         
000054f1  cos                               
000054f1  cosl                              
200030f6  current_volume                    
200030ec  dac_signal                        
200030f4  dac_step                          
00002a49  delay_ms                          
200030f0  errno                             
00006b19  exp                               
00006b19  expl                              
00008755  floor                             
00008755  floorl                            
20000000  g_pfnRAMVectors                   
00000000  g_pfnVectors                      
00006eb9  goertzel                          
00008549  ldexp                             
00008549  ldexpl                            
00008f6d  lrint                             
000082f9  main                              
00008c55  memcpy                            
00008e8d  memset                            
00009375  raise                             
00006eab  read_sample                       
0000893d  rint                              
0000893d  rintl                             
00008549  scalbn                            
00008549  scalbnl                           
20001bd8  sem_I2CA                          
20001bdc  sem_Joystick_Debounce             
20001be0  sem_PCA9555_Debounce              
20001be4  sem_SPIA                          
00009291  signal                            
00004f11  sin                               
00004f11  sinl                              
0000422d  sleep                             
00007ef5  sqrt                              
00007ef5  sqrtl                             


GLOBAL SYMBOLS: SORTED BY Symbol Address 

address   name                              
-------   ----                              
00000000  __TI_static_base__                
00000000  g_pfnVectors                      
00000200  __STACK_SIZE                      
0000032d  SysCtlSRAMSizeGet                 
00000337  SysCtlFlashSizeGet                
00000363  SysCtlFlashSectorSizeGet          
00000389  SysCtlPeripheralPresent           
000003c9  SysCtlPeripheralReady             
00000409  SysCtlPeripheralPowerOn           
00000445  SysCtlPeripheralPowerOff          
00000481  SysCtlPeripheralReset             
00000509  SysCtlPeripheralEnable            
00000545  SysCtlPeripheralDisable           
00000589  SysCtlPeripheralSleepEnable       
000005cd  SysCtlPeripheralSleepDisable      
00000609  SysCtlPeripheralDeepSleepEnable   
00000659  SysCtlPeripheralDeepSleepDisable  
000006a1  SysCtlPeripheralClockGating       
000006f5  SysCtlIntRegister                 
0000070d  SysCtlIntUnregister               
0000071d  SysCtlIntEnable                   
00000731  SysCtlIntDisable                  
00000749  SysCtlIntClear                    
00000759  SysCtlIntStatus                   
00000775  SysCtlLDOSleepSet                 
00000785  SysCtlLDOSleepGet                 
0000078b  SysCtlLDODeepSleepSet             
0000079b  SysCtlLDODeepSleepGet             
000007a1  SysCtlSleepPowerSet               
000007b5  SysCtlDeepSleepPowerSet           
000007c5  SysCtlReset                       
000007cd  SysCtlSleep                       
000007d5  SysCtlDeepSleep                   
000007f1  SysCtlResetCauseGet               
000007f7  SysCtlResetCauseClear             
0000080b  SysCtlMOSCConfigSet               
00000821  SysCtlPIOSCCalibrate              
00000871  SysCtlResetBehaviorSet            
00000881  SysCtlResetBehaviorGet            
000008d1  SysCtlClockFreqSet                
00000bc9  SysCtlClockSet                    
00000d99  SysCtlClockGet                    
00000f3f  SysCtlDeepSleepClockSet           
00000f5d  SysCtlDeepSleepClockConfigSet     
00000fe7  SysCtlPWMClockSet                 
00001001  SysCtlPWMClockGet                 
00001017  SysCtlGPIOAHBEnable               
00001033  SysCtlGPIOAHBDisable              
0000104f  SysCtlUSBPLLEnable                
0000105b  SysCtlUSBPLLDisable               
0000106d  SysCtlVoltageEventConfig          
0000107d  SysCtlVoltageEventStatus          
00001089  SysCtlVoltageEventClear           
000010a1  SysCtlVCOGet                      
0000115d  SysCtlNMIStatus                   
00001171  SysCtlNMIClear                    
0000118d  SysCtlClockOutConfig              
000011a9  SysCtlAltClkConfig                
0000124b  GPIODirModeSet                    
000012a7  GPIODirModeGet                    
000012f3  GPIOIntTypeSet                    
00001397  GPIOIntTypeGet                    
00001421  GPIOPadConfigSet                  
0000168f  GPIOPadConfigGet                  
00001801  GPIOIntEnable                     
00001825  GPIOIntDisable                    
0000183f  GPIOIntStatus                     
00001861  GPIOIntClear                      
00001875  GPIOIntRegister                   
00001893  GPIOIntUnregister                 
000018ad  GPIOIntRegisterPin                
000018db  GPIOIntUnregisterPin              
000018ff  GPIOPinRead                       
00001917  GPIOPinWrite                      
00001937  GPIOPinTypeADC                    
0000195b  GPIOPinTypeCAN                    
0000197f  GPIOPinTypeComparator             
000019a3  GPIOPinTypeComparatorOutput       
000019c7  GPIOPinTypeDIVSCLK                
000019eb  GPIOPinTypeEPI                    
00001a0f  GPIOPinTypeEthernetLED            
00001a33  GPIOPinTypeEthernetMII            
00001a57  GPIOPinTypeGPIOInput              
00001a7b  GPIOPinTypeGPIOOutput             
00001aa5  GPIOPinTypeGPIOOutputOD           
00001ac9  GPIOPinTypeHibernateRTCCLK        
00001aed  GPIOPinTypeI2C                    
00001b11  GPIOPinTypeI2CSCL                 
00001b35  GPIOPinTypeLCD                    
00001b59  GPIOPinTypeOneWire                
00001b7d  GPIOPinTypePWM                    
00001ba1  GPIOPinTypeQEI                    
00001bc5  GPIOPinTypeSSI                    
00001be9  GPIOPinTypeTimer                  
00001c0d  GPIOPinTypeTrace                  
00001c31  GPIOPinTypeUART                   
00001c55  GPIOPinTypeUSBAnalog              
00001c79  GPIOPinTypeUSBDigital             
00001c9d  GPIOPinTypeWakeHigh               
00001cc3  GPIOPinTypeWakeLow                
00001ce9  GPIOPinWakeStatus                 
00001cf9  GPIOPinConfigure                  
00001d57  GPIODMATriggerEnable              
00001d75  GPIODMATriggerDisable             
00001d93  GPIOADCTriggerEnable              
00001db1  GPIOADCTriggerDisable             
00001dcf  GPIOUnlockPin                     
00001e5b  ADCIntRegister                    
00001e83  ADCIntUnregister                  
00001ea1  ADCIntDisable                     
00001ebd  ADCIntEnable                      
00001ee3  ADCIntStatus                      
00001f3b  ADCIntClear                       
00001f51  ADCSequenceEnable                 
00001f6b  ADCSequenceDisable                
00001f85  ADCSequenceConfigure              
00002021  ADCSequenceStepConfigure          
0000210f  ADCSequenceOverflow               
00002127  ADCSequenceOverflowClear          
0000213d  ADCSequenceUnderflow              
00002155  ADCSequenceUnderflowClear         
0000216b  ADCSequenceDataGet                
000021ad  ADCProcessorTrigger               
000021d1  ADCSoftwareOversampleConfigure    
00002223  ADCSoftwareOversampleStepConfigure
00002305  ADCSoftwareOversampleDataGet      
00002399  ADCHardwareOversampleConfigure    
000023cb  ADCComparatorConfigure            
000023e7  ADCComparatorRegionSet            
0000240b  ADCComparatorReset                
00002451  ADCComparatorIntDisable           
0000246f  ADCComparatorIntEnable            
00002491  ADCComparatorIntStatus            
000024a5  ADCComparatorIntClear             
000024b7  ADCIntDisableEx                   
000024cf  ADCIntEnableEx                    
000024e7  ADCIntStatusEx                    
00002519  ADCIntClearEx                     
0000252b  ADCReferenceSet                   
00002547  ADCReferenceGet                   
00002559  ADCPhaseDelaySet                  
0000256b  ADCPhaseDelayGet                  
00002579  ADCSequenceDMAEnable              
00002595  ADCSequenceDMADisable             
000025b1  ADCBusy                           
000025cf  ADCClockConfigSet                 
000025f9  ADCClockConfigGet                 
00002641  ST7789_Select                     
0000264f  ST7789_Deselect                   
0000265d  ST7789_SetData                    
0000266b  ST7789_SetCommand                 
00002679  ST7789_WriteCommand               
00002693  ST7789_WriteData                  
000026a5  ST7789_ReadRegister               
000026b3  ST7789_SetWindow                  
0000277f  ST7789_DrawVLine                  
00002815  ST7789_DrawHLine                  
000028c9  ST7789_Line                       
00002a49  delay_ms                          
00002a67  ST7789_Init                       
00002b49  ST7789_DrawPixel                  
00002b9b  ST7789_Fill                       
00002bb7  ST7789_DrawLine                   
00002c87  ST7789_DrawRectangle              
00002d81  __kernel_rem_pio2                 
00003517  I2CMasterInitExpClk               
00003589  I2CSlaveInit                      
000035a3  I2CSlaveAddressSet                
000035e1  I2CMasterEnable                   
000035f7  I2CSlaveEnable                    
00003615  I2CMasterDisable                  
0000362b  I2CSlaveDisable                   
00003649  I2CIntRegister                    
00003667  I2CIntUnregister                  
00003681  I2CMasterIntEnable                
00003691  I2CMasterIntEnableEx              
000036a9  I2CSlaveIntEnable                 
000036c1  I2CSlaveIntEnableEx               
000036db  I2CMasterIntDisable               
000036eb  I2CMasterIntDisableEx             
00003703  I2CSlaveIntDisable                
0000371b  I2CSlaveIntDisableEx              
00003735  I2CMasterIntStatus                
00003779  I2CMasterIntStatusEx              
000037a5  I2CSlaveIntStatus                 
000037ed  I2CSlaveIntStatusEx               
0000380f  I2CMasterIntClear                 
0000382d  I2CMasterIntClearEx               
0000383f  I2CSlaveIntClear                  
00003851  I2CSlaveIntClearEx                
00003865  I2CMasterSlaveAddrSet             
00003887  I2CMasterLineStateGet             
00003895  I2CMasterBusy                     
000038ad  I2CMasterBusBusy                  
000038c5  I2CMasterControl                  
000038d7  I2CMasterErr                      
00003903  I2CMasterDataPut                  
00003919  I2CMasterDataGet                  
00003927  I2CMasterTimeoutSet               
00003939  I2CSlaveACKOverride               
0000396b  I2CSlaveACKValueSet               
0000399d  I2CSlaveStatus                    
000039ad  I2CSlaveDataPut                   
000039c5  I2CSlaveDataGet                   
000039d5  I2CTxFIFOConfigSet                
000039fd  I2CTxFIFOFlush                    
00003a15  I2CRxFIFOConfigSet                
00003a3d  I2CRxFIFOFlush                    
00003a55  I2CFIFOStatus                     
00003a65  I2CFIFODataPut                    
00003a87  I2CFIFODataPutNonBlocking         
00003aaf  I2CFIFODataGet                    
00003ac9  I2CFIFODataGetNonBlocking         
00003aef  I2CMasterBurstLengthSet           
00003b05  I2CMasterBurstCountGet            
00003b13  I2CMasterGlitchFilterConfigSet    
00003b61  I2CSlaveFIFOEnable                
00003b79  I2CSlaveFIFODisable               
00003b8b  I2CLoopbackEnable                 
00003bdb  SysTick_Handler                   
00003c8b  G8RTOS_Init                       
00003cdf  G8RTOS_Launch                     
00003d03  G8RTOS_Scheduler                  
00003d8d  G8RTOS_AddThread                  
00003f95  G8RTOS_Add_APeriodicEvent         
00004015  G8RTOS_Add_PeriodicEvent          
000040f5  G8RTOS_KillThread                 
000041bd  G8RTOS_KillSelf                   
0000422d  sleep                             
0000425d  G8RTOS_GetThreadID                
00004265  G8RTOS_GetNumberOfThreads         
0000430f  TimerEnable                       
0000432d  TimerDisable                      
0000434b  TimerConfigure                    
000043c7  TimerControlLevel                 
000043fd  TimerControlTrigger               
0000446b  TimerControlEvent                 
00004495  TimerControlStall                 
000044cb  TimerControlWaitOnTrigger         
0000452b  TimerRTCEnable                    
00004541  TimerRTCDisable                   
00004557  TimerClockSourceSet               
00004581  TimerClockSourceGet               
00004591  TimerPrescaleSet                  
000045bb  TimerPrescaleGet                  
000045d7  TimerPrescaleMatchSet             
00004605  TimerPrescaleMatchGet             
00004621  TimerLoadSet                      
0000464b  TimerLoadGet                      
00004667  TimerLoadSet64                    
00004681  TimerLoadGet64                    
000046b3  TimerValueGet                     
000046cf  TimerValueGet64                   
00004701  TimerMatchSet                     
0000472b  TimerMatchGet                     
00004747  TimerMatchSet64                   
00004761  TimerMatchGet64                   
00004793  TimerIntRegister                  
000047bb  TimerIntUnregister                
000047d9  TimerIntEnable                    
000047f1  TimerIntDisable                   
00004809  TimerIntStatus                    
00004827  TimerIntClear                     
00004839  TimerSynchronize                  
0000484b  TimerADCEventSet                  
0000485d  TimerADCEventGet                  
0000486b  TimerDMAEventSet                  
0000487d  TimerDMAEventGet                  
0000488b  TimerUpdateMode                   
000048df  _nop                              
0000493f  UARTParityModeSet                 
0000495b  UARTParityModeGet                 
0000496d  UARTFIFOLevelSet                  
00004985  UARTFIFOLevelGet                  
000049ad  UARTConfigSetExpClk               
00004a23  UARTConfigGetExpClk               
00004a6f  UARTEnable                        
00004a93  UARTDisable                       
00004abd  UARTFIFOEnable                    
00004ad3  UARTFIFODisable                   
00004ae9  UARTEnableSIR                     
00004b17  UARTDisableSIR                    
00004b2d  UARTSmartCardEnable               
00004b5f  UARTSmartCardDisable              
00004b75  UARTModemControlSet               
00004bad  UARTModemControlClear             
00004bd1  UARTModemControlGet               
00004be3  UARTModemStatusGet                
00004bf7  UARTFlowControlSet                
00004c13  UARTFlowControlGet                
00004c25  UARTTxIntModeSet                  
00004c41  UARTTxIntModeGet                  
00004c53  UARTCharsAvail                    
00004c71  UARTSpaceAvail                    
00004c8f  UARTCharGetNonBlocking            
00004cab  UARTCharGet                       
00004cc1  UARTCharPutNonBlocking            
00004ce5  UARTCharPut                       
00004d03  UARTBreakCtl                      
00004d2d  UARTBusy                          
00004d4b  UARTIntRegister                   
00004d69  UARTIntUnregister                 
00004d89  UARTIntEnable                     
00004da1  UARTIntDisable                    
00004db9  UARTIntStatus                     
00004dd7  UARTIntClear                      
00004de9  UARTDMAEnable                     
00004e01  UARTDMADisable                    
00004e19  UARTRxErrorGet                    
00004e2b  UARTRxErrorClear                  
00004e3b  UARTClockSourceSet                
00004e4f  UARTClockSourceGet                
00004e5f  UART9BitEnable                    
00004e75  UART9BitDisable                   
00004e8b  UART9BitAddrSet                   
00004eb1  UART9BitAddrSend                  
00004ef9  UARTLoopbackEnable                
00004f0f  __aeabi_idiv0                     
00004f0f  __aeabi_ldiv0                     
00004f11  sin                               
00004f11  sinl                              
000054f1  cos                               
000054f1  cosl                              
00005acd  UARTStdioConfig                   
00005b13  UARTwrite                         
00005b63  UARTgets                          
00005c1d  UARTgetc                          
00005c45  UARTvprintf                       
00005f3f  UARTprintf                        
00005f75  Goertzel_ReadSample               
00005f87  Idle_Thread                       
00005f89  Mic_Thread                        
00006087  Speaker_Thread                    
0000614f  Volume_Thread                     
00006219  Display_Thread                    
00006305  Read_Buttons                      
0000632f  Update_Volume                     
00006351  Mic_Handler                       
00006387  Button_Handler                    
00006399  DAC_Timer_Handler                 
000063f7  IntMasterEnable                   
00006407  IntMasterDisable                  
00006417  IntRegister                       
00006469  IntUnregister                     
0000647d  IntPriorityGroupingSet            
00006497  IntPriorityGroupingGet            
000064cf  IntPrioritySet                    
0000651f  IntPriorityGet                    
00006543  IntEnable                         
000065b5  IntDisable                        
00006627  IntIsEnabled                      
000066ad  IntPendSet                        
0000671d  IntPendClear                      
0000676b  IntPriorityMaskSet                
00006777  IntPriorityMaskGet                
0000677f  IntTrigger                        
00006813  SSIConfigSetExpClk                
0000688d  SSIEnable                         
000068a3  SSIDisable                        
000068b9  SSIIntRegister                    
000068d7  SSIIntUnregister                  
000068f1  SSIIntEnable                      
00006909  SSIIntDisable                     
00006921  SSIIntStatus                      
0000693f  SSIIntClear                       
00006951  SSIDataPut                        
0000696b  SSIDataPutNonBlocking             
0000698b  SSIDataGet                        
000069a7  SSIDataGetNonBlocking             
000069c9  SSIDMAEnable                      
000069e1  SSIDMADisable                     
000069f9  SSIBusy                           
00006a17  SSIClockSourceSet                 
00006a2b  SSIClockSourceGet                 
00006a3b  SSIAdvModeSet                     
00006a6d  SSIAdvDataPutFrameEnd             
00006a93  SSIAdvDataPutFrameEndNonBlocking  
00006abf  SSIAdvFrameHoldEnable             
00006ad5  SSIAdvFrameHoldDisable            
00006aeb  SSILoopbackEnable                 
00006b01  SSILoopbackDisable                
00006b19  exp                               
00006b19  expl                              
00006e41  cint16_abs                        
00006eab  read_sample                       
00006eb9  goertzel                          
000070f1  I2C_Init                          
0000717b  I2C_WriteSingle                   
000071b7  I2C_ReadSingle                    
000071f1  I2C_WriteMultiple                 
000072a3  I2C_ReadMultiple                  
00007385  G8RTOS_InitFIFO                   
000073fb  G8RTOS_ReadFIFO                   
0000749b  G8RTOS_WriteFIFO                  
00007565  MutimodDAC_Init                   
0000763f  MutimodDAC_Write                  
00007693  MutimodDAC_Read                   
0000772d  __aeabi_dsub                      
00007737  __aeabi_dadd                      
000078e5  cexp                              
000078e5  cexpl                             
00007a85  SPI_Init                          
00007aed  SPI_WriteSingle                   
00007b0b  SPI_ReadSingle                    
00007b33  SPI_WriteMultiple                 
00007b93  SPI_ReadMultiple                  
00007c11  __kernel_sin                      
00007d85  __kernel_cos                      
00007ef5  sqrt                              
00007ef5  sqrtl                             
0000804d  PCA9555_GetInput                  
0000807f  PCA9555_SetPinDir                 
000080c3  PCA9555_SetPinPol                 
00008107  PCA9555_SetOutput                 
0000814b  PCA9555_ReadReg                   
00008195  PCA9956b_Init                     
000081e7  PCA9956b_SetAllMax                
00008211  PCA9956b_SetAllOff                
0000823b  PCA9956b_EnableOutput             
00008249  PCA9956b_DisableOutput            
00008257  PCA9556b_SetLED                   
000082ab  PCA9956b_GetChipID                
000082f9  main                              
00008411  __aeabi_ddiv                      
00008549  ldexp                             
00008549  ldexpl                            
00008549  scalbn                            
00008549  scalbnl                           
00008659  __aeabi_dmul                      
00008755  floor                             
00008755  floorl                            
0000884d  JOYSTICK_Init                     
00008897  JOYSTICK_IntEnable                
000088bb  JOYSTICK_GetPress                 
000088cf  JOYSTICK_GetX                     
000088df  JOYSTICK_GetY                     
000088f1  JOYSTICK_GetXY                    
0000893d  rint                              
0000893d  rintl                             
00008a2d  __ldexp_cexp                      
00008af9  G8RTOS_InitSemaphore              
00008b17  G8RTOS_WaitSemaphore              
00008b57  G8RTOS_SignalSemaphore            
00008ba9  MultimodMic_Init                  
00008c55  __aeabi_memcpy                    
00008c55  __aeabi_memcpy4                   
00008c55  __aeabi_memcpy8                   
00008c55  memcpy                            
00008cf1  SysTickEnable                     
00008cfd  SysTickDisable                    
00008d09  SysTickIntRegister                
00008d21  SysTickIntUnregister              
00008d35  SysTickIntEnable                  
00008d41  SysTickIntDisable                 
00008d4d  SysTickPeriodSet                  
00008d5f  SysTickPeriodGet                  
00008d67  SysTickValueGet                   
00008d79  __aeabi_cdcmpeq                   
00008d79  __aeabi_cdcmple                   
00008dff  __aeabi_cdrcmple                  
00008e85  __aeabi_memclr                    
00008e85  __aeabi_memclr4                   
00008e85  __aeabi_memclr8                   
00008e87  __aeabi_memset                    
00008e87  __aeabi_memset4                   
00008e87  __aeabi_memset8                   
00008e8d  memset                            
00008eff  __aeabi_d2f                       
00008f6d  lrint                             
00008fd9  __TI_decompress_lzss              
00009049  G8RTOS_Start                      
0000906d  PendSV_Handler                    
000090a1  UART_Init                         
000090f5  MultimodButtons_Init              
0000911f  MultimodButtons_Get               
00009141  __aeabi_d2iz                      
00009189  __TI_auto_init_nobinit_nopinit    
00009211  __aeabi_uidiv                     
00009211  __aeabi_uidivmod                  
00009251  CPUcpsid                          
0000925d  CPUprimask                        
00009267  CPUcpsie                          
00009273  CPUwfi                            
00009277  CPUbasepriSet                     
00009285  CPUbasepriGet                     
00009291  signal                            
000092cd  __c99_complex_double_negate       
00009307  __aeabi_f2d                       
00009341  _c_int00_noargs                   
00009375  raise                             
000093a3  __aeabi_i2d                       
000093d1  __c99_idouble_to_cdouble          
000093f9  copysign                          
000093f9  copysignl                         
00009413  StartCriticalSection              
0000941b  EndCriticalSection                
00009421  __TI_decompress_none              
0000942f  __TI_zero_init                    
0000943b  ResetISR                          
00009449  __aeabi_errno_addr                
00009451  SysCtlDelay                       
00009457  __softfloat_float_raise           
0000945d  _system_pre_init                  
00009461  C$$EXIT                           
00009461  abort                             
00009dd0  __TI_Handler_Table_Base           
00009ddc  __TI_Handler_Table_Limit          
00009df0  __TI_CINIT_Base                   
00009e08  __TI_CINIT_Limit                  
20000000  __start___llvm_prf_cnts           
20000000  __stop___llvm_prf_cnts            
20000000  g_pfnRAMVectors                   
20001bcc  CurrentlyRunningThread            
20001bd0  IBit_State                        
20001bd4  SystemTime                        
20001bd8  sem_I2CA                          
20001bdc  sem_Joystick_Debounce             
20001be0  sem_PCA9555_Debounce              
20001be4  sem_SPIA                          
200030cc  __softfloat_float_exception_flags 
200030d0  __softfloat_float_exception_mask  
200030d4  __softfloat_float_rounding_mode   
200030d8  _lock                             
200030dc  _unlock                           
200030ec  dac_signal                        
200030f0  errno                             
200030f4  dac_step                          
200030f6  current_volume                    
200030f8  __stack                           
200032f8  __STACK_END                       
200032f8  __STACK_TOP                       
ffffffff  __TI_pprof_out_hndl               
ffffffff  __TI_prof_data_size               
ffffffff  __TI_prof_data_start              
ffffffff  __binit__                         
ffffffff  __c_args__                        
ffffffff  binit                             
UNDEFED   __mpu_init                        
UNDEFED   _system_post_cinit                

[539 symbols]
