<?xml version="1.0" encoding="ISO-8859-1" ?>
<link_info>
   <banner>TI ARM Linker PC v20.2.7.LTS</banner>
   <copyright>Copyright (c) 1996-2018 Texas Instruments Incorporated</copyright>
   <link_time>0x675a8f43</link_time>
   <link_errors>0x0</link_errors>
   <output_file>Tetris.out</output_file>
   <entry_point>
      <name>_c_int00_noargs</name>
      <address>0x4f99</address>
   </entry_point>
   <input_file_list>
      <input_file id="fl-2">
         <path>.\</path>
         <kind>object</kind>
         <file>main.obj</file>
         <name>main.obj</name>
      </input_file>
      <input_file id="fl-3">
         <path>.\</path>
         <kind>object</kind>
         <file>threads.obj</file>
         <name>threads.obj</name>
      </input_file>
      <input_file id="fl-4">
         <path>.\</path>
         <kind>object</kind>
         <file>tm4c123gh6pm_startup_ccs.obj</file>
         <name>tm4c123gh6pm_startup_ccs.obj</name>
      </input_file>
      <input_file id="fl-5">
         <path>.\G8RTOS\src\</path>
         <kind>object</kind>
         <file>G8RTOS_CriticalSection.obj</file>
         <name>G8RTOS_CriticalSection.obj</name>
      </input_file>
      <input_file id="fl-6">
         <path>.\G8RTOS\src\</path>
         <kind>object</kind>
         <file>G8RTOS_IPC.obj</file>
         <name>G8RTOS_IPC.obj</name>
      </input_file>
      <input_file id="fl-7">
         <path>.\G8RTOS\src\</path>
         <kind>object</kind>
         <file>G8RTOS_Scheduler.obj</file>
         <name>G8RTOS_Scheduler.obj</name>
      </input_file>
      <input_file id="fl-8">
         <path>.\G8RTOS\src\</path>
         <kind>object</kind>
         <file>G8RTOS_SchedulerASM.obj</file>
         <name>G8RTOS_SchedulerASM.obj</name>
      </input_file>
      <input_file id="fl-9">
         <path>.\G8RTOS\src\</path>
         <kind>object</kind>
         <file>G8RTOS_Semaphores.obj</file>
         <name>G8RTOS_Semaphores.obj</name>
      </input_file>
      <input_file id="fl-a">
         <path>.\MultimodDrivers\src\</path>
         <kind>object</kind>
         <file>multimod_BMI160.obj</file>
         <name>multimod_BMI160.obj</name>
      </input_file>
      <input_file id="fl-b">
         <path>.\MultimodDrivers\src\</path>
         <kind>object</kind>
         <file>multimod_LaunchpadButtons.obj</file>
         <name>multimod_LaunchpadButtons.obj</name>
      </input_file>
      <input_file id="fl-c">
         <path>.\MultimodDrivers\src\</path>
         <kind>object</kind>
         <file>multimod_LaunchpadLED.obj</file>
         <name>multimod_LaunchpadLED.obj</name>
      </input_file>
      <input_file id="fl-d">
         <path>.\MultimodDrivers\src\</path>
         <kind>object</kind>
         <file>multimod_OPT3001.obj</file>
         <name>multimod_OPT3001.obj</name>
      </input_file>
      <input_file id="fl-e">
         <path>.\MultimodDrivers\src\</path>
         <kind>object</kind>
         <file>multimod_PCA9555.obj</file>
         <name>multimod_PCA9555.obj</name>
      </input_file>
      <input_file id="fl-f">
         <path>.\MultimodDrivers\src\</path>
         <kind>object</kind>
         <file>multimod_PCA9956b.obj</file>
         <name>multimod_PCA9956b.obj</name>
      </input_file>
      <input_file id="fl-10">
         <path>.\MultimodDrivers\src\</path>
         <kind>object</kind>
         <file>multimod_ST7789.obj</file>
         <name>multimod_ST7789.obj</name>
      </input_file>
      <input_file id="fl-11">
         <path>.\MultimodDrivers\src\</path>
         <kind>object</kind>
         <file>multimod_audio.obj</file>
         <name>multimod_audio.obj</name>
      </input_file>
      <input_file id="fl-12">
         <path>.\MultimodDrivers\src\</path>
         <kind>object</kind>
         <file>multimod_buttons.obj</file>
         <name>multimod_buttons.obj</name>
      </input_file>
      <input_file id="fl-13">
         <path>.\MultimodDrivers\src\</path>
         <kind>object</kind>
         <file>multimod_i2c.obj</file>
         <name>multimod_i2c.obj</name>
      </input_file>
      <input_file id="fl-14">
         <path>.\MultimodDrivers\src\</path>
         <kind>object</kind>
         <file>multimod_joystick.obj</file>
         <name>multimod_joystick.obj</name>
      </input_file>
      <input_file id="fl-15">
         <path>.\MultimodDrivers\src\</path>
         <kind>object</kind>
         <file>multimod_spi.obj</file>
         <name>multimod_spi.obj</name>
      </input_file>
      <input_file id="fl-16">
         <path>.\MultimodDrivers\src\</path>
         <kind>object</kind>
         <file>multimod_uart.obj</file>
         <name>multimod_uart.obj</name>
      </input_file>
      <input_file id="fl-17">
         <path>.\driverlib\</path>
         <kind>object</kind>
         <file>adc.obj</file>
         <name>adc.obj</name>
      </input_file>
      <input_file id="fl-18">
         <path>.\driverlib\</path>
         <kind>object</kind>
         <file>aes.obj</file>
         <name>aes.obj</name>
      </input_file>
      <input_file id="fl-19">
         <path>.\driverlib\</path>
         <kind>object</kind>
         <file>can.obj</file>
         <name>can.obj</name>
      </input_file>
      <input_file id="fl-1a">
         <path>.\driverlib\</path>
         <kind>object</kind>
         <file>comp.obj</file>
         <name>comp.obj</name>
      </input_file>
      <input_file id="fl-1b">
         <path>.\driverlib\</path>
         <kind>object</kind>
         <file>cpu.obj</file>
         <name>cpu.obj</name>
      </input_file>
      <input_file id="fl-1c">
         <path>.\driverlib\</path>
         <kind>object</kind>
         <file>crc.obj</file>
         <name>crc.obj</name>
      </input_file>
      <input_file id="fl-1d">
         <path>.\driverlib\</path>
         <kind>object</kind>
         <file>des.obj</file>
         <name>des.obj</name>
      </input_file>
      <input_file id="fl-1e">
         <path>.\driverlib\</path>
         <kind>object</kind>
         <file>eeprom.obj</file>
         <name>eeprom.obj</name>
      </input_file>
      <input_file id="fl-1f">
         <path>.\driverlib\</path>
         <kind>object</kind>
         <file>emac.obj</file>
         <name>emac.obj</name>
      </input_file>
      <input_file id="fl-20">
         <path>.\driverlib\</path>
         <kind>object</kind>
         <file>epi.obj</file>
         <name>epi.obj</name>
      </input_file>
      <input_file id="fl-21">
         <path>.\driverlib\</path>
         <kind>object</kind>
         <file>epi_workaround_ccs.obj</file>
         <name>epi_workaround_ccs.obj</name>
      </input_file>
      <input_file id="fl-22">
         <path>.\driverlib\</path>
         <kind>object</kind>
         <file>flash.obj</file>
         <name>flash.obj</name>
      </input_file>
      <input_file id="fl-23">
         <path>.\driverlib\</path>
         <kind>object</kind>
         <file>fpu.obj</file>
         <name>fpu.obj</name>
      </input_file>
      <input_file id="fl-24">
         <path>.\driverlib\</path>
         <kind>object</kind>
         <file>gpio.obj</file>
         <name>gpio.obj</name>
      </input_file>
      <input_file id="fl-25">
         <path>.\driverlib\</path>
         <kind>object</kind>
         <file>hibernate.obj</file>
         <name>hibernate.obj</name>
      </input_file>
      <input_file id="fl-26">
         <path>.\driverlib\</path>
         <kind>object</kind>
         <file>i2c.obj</file>
         <name>i2c.obj</name>
      </input_file>
      <input_file id="fl-27">
         <path>.\driverlib\</path>
         <kind>object</kind>
         <file>interrupt.obj</file>
         <name>interrupt.obj</name>
      </input_file>
      <input_file id="fl-28">
         <path>.\driverlib\</path>
         <kind>object</kind>
         <file>lcd.obj</file>
         <name>lcd.obj</name>
      </input_file>
      <input_file id="fl-29">
         <path>.\driverlib\</path>
         <kind>object</kind>
         <file>mpu.obj</file>
         <name>mpu.obj</name>
      </input_file>
      <input_file id="fl-2a">
         <path>.\driverlib\</path>
         <kind>object</kind>
         <file>onewire.obj</file>
         <name>onewire.obj</name>
      </input_file>
      <input_file id="fl-2b">
         <path>.\driverlib\</path>
         <kind>object</kind>
         <file>pwm.obj</file>
         <name>pwm.obj</name>
      </input_file>
      <input_file id="fl-2c">
         <path>.\driverlib\</path>
         <kind>object</kind>
         <file>qei.obj</file>
         <name>qei.obj</name>
      </input_file>
      <input_file id="fl-2d">
         <path>.\driverlib\</path>
         <kind>object</kind>
         <file>shamd5.obj</file>
         <name>shamd5.obj</name>
      </input_file>
      <input_file id="fl-2e">
         <path>.\driverlib\</path>
         <kind>object</kind>
         <file>ssi.obj</file>
         <name>ssi.obj</name>
      </input_file>
      <input_file id="fl-2f">
         <path>.\driverlib\</path>
         <kind>object</kind>
         <file>sw_crc.obj</file>
         <name>sw_crc.obj</name>
      </input_file>
      <input_file id="fl-30">
         <path>.\driverlib\</path>
         <kind>object</kind>
         <file>sysctl.obj</file>
         <name>sysctl.obj</name>
      </input_file>
      <input_file id="fl-31">
         <path>.\driverlib\</path>
         <kind>object</kind>
         <file>sysexc.obj</file>
         <name>sysexc.obj</name>
      </input_file>
      <input_file id="fl-32">
         <path>.\driverlib\</path>
         <kind>object</kind>
         <file>systick.obj</file>
         <name>systick.obj</name>
      </input_file>
      <input_file id="fl-33">
         <path>.\driverlib\</path>
         <kind>object</kind>
         <file>timer.obj</file>
         <name>timer.obj</name>
      </input_file>
      <input_file id="fl-34">
         <path>.\driverlib\</path>
         <kind>object</kind>
         <file>uart.obj</file>
         <name>uart.obj</name>
      </input_file>
      <input_file id="fl-35">
         <path>.\driverlib\</path>
         <kind>object</kind>
         <file>uartstdio.obj</file>
         <name>uartstdio.obj</name>
      </input_file>
      <input_file id="fl-36">
         <path>.\driverlib\</path>
         <kind>object</kind>
         <file>udma.obj</file>
         <name>udma.obj</name>
      </input_file>
      <input_file id="fl-37">
         <path>.\driverlib\</path>
         <kind>object</kind>
         <file>usb.obj</file>
         <name>usb.obj</name>
      </input_file>
      <input_file id="fl-38">
         <path>.\driverlib\</path>
         <kind>object</kind>
         <file>watchdog.obj</file>
         <name>watchdog.obj</name>
      </input_file>
      <input_file id="fl-40">
         <kind>object</kind>
         <file>&lt;internal&gt;</file>
         <name>&lt;internal&gt;</name>
      </input_file>
      <input_file id="fl-f6">
         <path>C:\ti\ccs1280\ccs\tools\compiler\ti-cgt-arm_20.2.7.LTS\lib\</path>
         <kind>archive</kind>
         <file>rtsv7M4_T_le_v4SPD16_eabi.lib</file>
         <name>fd_mul_t2.asm.obj</name>
      </input_file>
      <input_file id="fl-f7">
         <path>C:\ti\ccs1280\ccs\tools\compiler\ti-cgt-arm_20.2.7.LTS\lib\</path>
         <kind>archive</kind>
         <file>rtsv7M4_T_le_v4SPD16_eabi.lib</file>
         <name>fd_toi_t2.asm.obj</name>
      </input_file>
      <input_file id="fl-f8">
         <path>C:\ti\ccs1280\ccs\tools\compiler\ti-cgt-arm_20.2.7.LTS\lib\</path>
         <kind>archive</kind>
         <file>rtsv7M4_T_le_v4SPD16_eabi.lib</file>
         <name>i_tofd_t2.asm.obj</name>
      </input_file>
      <input_file id="fl-f9">
         <path>C:\ti\ccs1280\ccs\tools\compiler\ti-cgt-arm_20.2.7.LTS\lib\</path>
         <kind>archive</kind>
         <file>rtsv7M4_T_le_v4SPD16_eabi.lib</file>
         <name>memcpy_t2.asm.obj</name>
      </input_file>
      <input_file id="fl-fa">
         <path>C:\ti\ccs1280\ccs\tools\compiler\ti-cgt-arm_20.2.7.LTS\lib\</path>
         <kind>archive</kind>
         <file>rtsv7M4_T_le_v4SPD16_eabi.lib</file>
         <name>u_divt2.asm.obj</name>
      </input_file>
      <input_file id="fl-fb">
         <path>C:\ti\ccs1280\ccs\tools\compiler\ti-cgt-arm_20.2.7.LTS\lib\</path>
         <kind>archive</kind>
         <file>rtsv7M4_T_le_v4SPD16_eabi.lib</file>
         <name>copy_zero_init.c.obj</name>
      </input_file>
      <input_file id="fl-fc">
         <path>C:\ti\ccs1280\ccs\tools\compiler\ti-cgt-arm_20.2.7.LTS\lib\</path>
         <kind>archive</kind>
         <file>rtsv7M4_T_le_v4SPD16_eabi.lib</file>
         <name>copy_decompress_none.c.obj</name>
      </input_file>
      <input_file id="fl-fd">
         <path>C:\ti\ccs1280\ccs\tools\compiler\ti-cgt-arm_20.2.7.LTS\lib\</path>
         <kind>archive</kind>
         <file>rtsv7M4_T_le_v4SPD16_eabi.lib</file>
         <name>copy_decompress_lzss.c.obj</name>
      </input_file>
      <input_file id="fl-fe">
         <path>C:\ti\ccs1280\ccs\tools\compiler\ti-cgt-arm_20.2.7.LTS\lib\</path>
         <kind>archive</kind>
         <file>rtsv7M4_T_le_v4SPD16_eabi.lib</file>
         <name>rand.c.obj</name>
      </input_file>
      <input_file id="fl-ff">
         <path>C:\ti\ccs1280\ccs\tools\compiler\ti-cgt-arm_20.2.7.LTS\lib\</path>
         <kind>archive</kind>
         <file>rtsv7M4_T_le_v4SPD16_eabi.lib</file>
         <name>boot_cortex_m.c.obj</name>
      </input_file>
      <input_file id="fl-100">
         <path>C:\ti\ccs1280\ccs\tools\compiler\ti-cgt-arm_20.2.7.LTS\lib\</path>
         <kind>archive</kind>
         <file>rtsv7M4_T_le_v4SPD16_eabi.lib</file>
         <name>div0.asm.obj</name>
      </input_file>
      <input_file id="fl-101">
         <path>C:\ti\ccs1280\ccs\tools\compiler\ti-cgt-arm_20.2.7.LTS\lib\</path>
         <kind>archive</kind>
         <file>rtsv7M4_T_le_v4SPD16_eabi.lib</file>
         <name>memset_t2.asm.obj</name>
      </input_file>
      <input_file id="fl-102">
         <path>C:\ti\ccs1280\ccs\tools\compiler\ti-cgt-arm_20.2.7.LTS\lib\</path>
         <kind>archive</kind>
         <file>rtsv7M4_T_le_v4SPD16_eabi.lib</file>
         <name>autoinit.c.obj</name>
      </input_file>
      <input_file id="fl-103">
         <path>C:\ti\ccs1280\ccs\tools\compiler\ti-cgt-arm_20.2.7.LTS\lib\</path>
         <kind>archive</kind>
         <file>rtsv7M4_T_le_v4SPD16_eabi.lib</file>
         <name>pre_init.c.obj</name>
      </input_file>
      <input_file id="fl-104">
         <path>C:\ti\ccs1280\ccs\tools\compiler\ti-cgt-arm_20.2.7.LTS\lib\</path>
         <kind>archive</kind>
         <file>rtsv7M4_T_le_v4SPD16_eabi.lib</file>
         <name>cpy_tbl.c.obj</name>
      </input_file>
      <input_file id="fl-105">
         <path>C:\ti\ccs1280\ccs\tools\compiler\ti-cgt-arm_20.2.7.LTS\lib\</path>
         <kind>archive</kind>
         <file>rtsv7M4_T_le_v4SPD16_eabi.lib</file>
         <name>exit.c.obj</name>
      </input_file>
      <input_file id="fl-106">
         <path>C:\ti\ccs1280\ccs\tools\compiler\ti-cgt-arm_20.2.7.LTS\lib\</path>
         <kind>archive</kind>
         <file>rtsv7M4_T_le_v4SPD16_eabi.lib</file>
         <name>_lock.c.obj</name>
      </input_file>
      <input_file id="fl-107">
         <path>C:\ti\ccs1280\ccs\tools\compiler\ti-cgt-arm_20.2.7.LTS\lib\</path>
         <kind>archive</kind>
         <file>rtsv7M4_T_le_v4SPD16_eabi.lib</file>
         <name>args_main.c.obj</name>
      </input_file>
   </input_file_list>
   <object_component_list>
      <object_component id="oc-12">
         <name>.intvecs</name>
         <load_address>0x0</load_address>
         <run_address>0x0</run_address>
         <size>0x26c</size>
         <input_file_ref idref="fl-4"/>
      </object_component>
      <object_component id="oc-f9">
         <name>.text</name>
         <load_address>0x26c</load_address>
         <run_address>0x26c</run_address>
         <size>0x13ac</size>
         <input_file_ref idref="fl-3"/>
      </object_component>
      <object_component id="oc-e7">
         <name>.text</name>
         <load_address>0x1618</load_address>
         <run_address>0x1618</run_address>
         <size>0xaa0</size>
         <input_file_ref idref="fl-30"/>
      </object_component>
      <object_component id="oc-151">
         <name>.text</name>
         <load_address>0x20b8</load_address>
         <run_address>0x20b8</run_address>
         <size>0x728</size>
         <input_file_ref idref="fl-24"/>
      </object_component>
      <object_component id="oc-f3">
         <name>.text</name>
         <load_address>0x27e0</load_address>
         <run_address>0x27e0</run_address>
         <size>0x4ec</size>
         <input_file_ref idref="fl-7"/>
      </object_component>
      <object_component id="oc-17a">
         <name>.text</name>
         <load_address>0x2ccc</load_address>
         <run_address>0x2ccc</run_address>
         <size>0x448</size>
         <input_file_ref idref="fl-17"/>
      </object_component>
      <object_component id="oc-c9">
         <name>.text</name>
         <load_address>0x3114</load_address>
         <run_address>0x3114</run_address>
         <size>0x434</size>
         <input_file_ref idref="fl-10"/>
      </object_component>
      <object_component id="oc-23d">
         <name>.text</name>
         <load_address>0x3548</load_address>
         <run_address>0x3548</run_address>
         <size>0x354</size>
         <input_file_ref idref="fl-26"/>
      </object_component>
      <object_component id="oc-172">
         <name>.text</name>
         <load_address>0x389c</load_address>
         <run_address>0x389c</run_address>
         <size>0x334</size>
         <input_file_ref idref="fl-35"/>
      </object_component>
      <object_component id="oc-16c">
         <name>.text</name>
         <load_address>0x3bd0</load_address>
         <run_address>0x3bd0</run_address>
         <size>0x2f8</size>
         <input_file_ref idref="fl-34"/>
      </object_component>
      <object_component id="oc-ed">
         <name>.text</name>
         <load_address>0x3ec8</load_address>
         <run_address>0x3ec8</run_address>
         <size>0x2a4</size>
         <input_file_ref idref="fl-27"/>
      </object_component>
      <object_component id="oc-158">
         <name>.text</name>
         <load_address>0x416c</load_address>
         <run_address>0x416c</run_address>
         <size>0x214</size>
         <input_file_ref idref="fl-13"/>
      </object_component>
      <object_component id="oc-14b">
         <name>.text</name>
         <load_address>0x4380</load_address>
         <run_address>0x4380</run_address>
         <size>0x1b4</size>
         <input_file_ref idref="fl-15"/>
      </object_component>
      <object_component id="oc-22a">
         <name>.text</name>
         <load_address>0x4534</load_address>
         <run_address>0x4534</run_address>
         <size>0x1a4</size>
         <input_file_ref idref="fl-2e"/>
      </object_component>
      <object_component id="oc-1e6">
         <name>.text</name>
         <load_address>0x46d8</load_address>
         <run_address>0x46d8</run_address>
         <size>0x140</size>
         <input_file_ref idref="fl-6"/>
      </object_component>
      <object_component id="oc-cf">
         <name>.text</name>
         <load_address>0x4818</load_address>
         <run_address>0x4818</run_address>
         <size>0x130</size>
         <input_file_ref idref="fl-f"/>
      </object_component>
      <object_component id="oc-e1">
         <name>.text</name>
         <load_address>0x4948</load_address>
         <run_address>0x4948</run_address>
         <size>0xec</size>
         <input_file_ref idref="fl-14"/>
      </object_component>
      <object_component id="oc-15e">
         <name>.text</name>
         <load_address>0x4a34</load_address>
         <run_address>0x4a34</run_address>
         <size>0xc8</size>
         <input_file_ref idref="fl-e"/>
      </object_component>
      <object_component id="oc-3b">
         <name>.text</name>
         <load_address>0x4afc</load_address>
         <run_address>0x4afc</run_address>
         <size>0x9c</size>
         <input_file_ref idref="fl-f9"/>
      </object_component>
      <object_component id="oc-1e0">
         <name>.text</name>
         <load_address>0x4b98</load_address>
         <run_address>0x4b98</run_address>
         <size>0x90</size>
         <input_file_ref idref="fl-9"/>
      </object_component>
      <object_component id="oc-1b2">
         <name>.text</name>
         <load_address>0x4c28</load_address>
         <run_address>0x4c28</run_address>
         <size>0x80</size>
         <input_file_ref idref="fl-32"/>
      </object_component>
      <object_component id="oc-8f">
         <name>.text</name>
         <load_address>0x4ca8</load_address>
         <run_address>0x4ca8</run_address>
         <size>0x7a</size>
         <input_file_ref idref="fl-101"/>
      </object_component>
      <object_component id="oc-15">
         <name>.text:decompress:lzss:__TI_decompress_lzss</name>
         <load_address>0x4d22</load_address>
         <run_address>0x4d22</run_address>
         <size>0x68</size>
         <input_file_ref idref="fl-fd"/>
      </object_component>
      <object_component id="oc-2d1">
         <name>.text:_nop</name>
         <load_address>0x4d8a</load_address>
         <run_address>0x4d8a</run_address>
         <size>0x2</size>
         <input_file_ref idref="fl-106"/>
      </object_component>
      <object_component id="oc-1b8">
         <name>.text</name>
         <load_address>0x4d8c</load_address>
         <run_address>0x4d8c</run_address>
         <size>0x60</size>
         <input_file_ref idref="fl-8"/>
      </object_component>
      <object_component id="oc-d5">
         <name>.text</name>
         <load_address>0x4dec</load_address>
         <run_address>0x4dec</run_address>
         <size>0x58</size>
         <input_file_ref idref="fl-16"/>
      </object_component>
      <object_component id="oc-db">
         <name>.text</name>
         <load_address>0x4e44</load_address>
         <run_address>0x4e44</run_address>
         <size>0x50</size>
         <input_file_ref idref="fl-12"/>
      </object_component>
      <object_component id="oc-9b">
         <name>.text</name>
         <load_address>0x4e94</load_address>
         <run_address>0x4e94</run_address>
         <size>0x48</size>
         <input_file_ref idref="fl-2"/>
      </object_component>
      <object_component id="oc-10c">
         <name>.text:__TI_auto_init_nobinit_nopinit:__TI_auto_init_nobinit_nopinit</name>
         <load_address>0x4edc</load_address>
         <run_address>0x4edc</run_address>
         <size>0x44</size>
         <input_file_ref idref="fl-102"/>
      </object_component>
      <object_component id="oc-25e">
         <name>.text</name>
         <load_address>0x4f20</load_address>
         <run_address>0x4f20</run_address>
         <size>0x40</size>
         <input_file_ref idref="fl-fa"/>
      </object_component>
      <object_component id="oc-185">
         <name>.text</name>
         <load_address>0x4f60</load_address>
         <run_address>0x4f60</run_address>
         <size>0x36</size>
         <input_file_ref idref="fl-1b"/>
      </object_component>
      <object_component id="oc-31a">
         <name>.text</name>
         <load_address>0x4f96</load_address>
         <run_address>0x4f96</run_address>
         <size>0x2</size>
         <input_file_ref idref="fl-100"/>
      </object_component>
      <object_component id="oc-59">
         <name>.text:_c_int00_noargs:_c_int00_noargs</name>
         <load_address>0x4f98</load_address>
         <run_address>0x4f98</run_address>
         <size>0x34</size>
         <input_file_ref idref="fl-ff"/>
      </object_component>
      <object_component id="oc-1fa">
         <name>.text:rand</name>
         <load_address>0x4fcc</load_address>
         <run_address>0x4fcc</run_address>
         <size>0x34</size>
         <input_file_ref idref="fl-fe"/>
      </object_component>
      <object_component id="oc-1bd">
         <name>.text</name>
         <load_address>0x5000</load_address>
         <run_address>0x5000</run_address>
         <size>0xe</size>
         <input_file_ref idref="fl-5"/>
      </object_component>
      <object_component id="oc-1b">
         <name>.text:decompress:none:__TI_decompress_none</name>
         <load_address>0x500e</load_address>
         <run_address>0x500e</run_address>
         <size>0xe</size>
         <input_file_ref idref="fl-fc"/>
      </object_component>
      <object_component id="oc-4d">
         <name>.text:decompress:ZI:__TI_zero_init</name>
         <load_address>0x501c</load_address>
         <run_address>0x501c</run_address>
         <size>0xc</size>
         <input_file_ref idref="fl-fb"/>
      </object_component>
      <object_component id="oc-27">
         <name>.text</name>
         <load_address>0x5028</load_address>
         <run_address>0x5028</run_address>
         <size>0xc</size>
         <input_file_ref idref="fl-4"/>
      </object_component>
      <object_component id="oc-14a">
         <name>.text:SysCtlDelay</name>
         <load_address>0x5034</load_address>
         <run_address>0x5034</run_address>
         <size>0x6</size>
         <input_file_ref idref="fl-30"/>
      </object_component>
      <object_component id="oc-95">
         <name>.text:_system_pre_init</name>
         <load_address>0x503a</load_address>
         <run_address>0x503a</run_address>
         <size>0x4</size>
         <input_file_ref idref="fl-103"/>
      </object_component>
      <object_component id="oc-100">
         <name>.text:abort:abort</name>
         <load_address>0x503e</load_address>
         <run_address>0x503e</run_address>
         <size>0x4</size>
         <input_file_ref idref="fl-105"/>
      </object_component>
      <object_component id="oc-191">
         <name>.const:g_pppui32XTALtoVCO</name>
         <load_address>0x5044</load_address>
         <run_address>0x5044</run_address>
         <size>0x1b0</size>
         <input_file_ref idref="fl-30"/>
      </object_component>
      <object_component id="oc-238">
         <name>.const:g_ppui32GPIOIntMapSnowflake</name>
         <load_address>0x51f4</load_address>
         <run_address>0x51f4</run_address>
         <size>0xd8</size>
         <input_file_ref idref="fl-24"/>
      </object_component>
      <object_component id="oc-235">
         <name>.const:g_ppui32GPIOIntMapBlizzard</name>
         <load_address>0x52cc</load_address>
         <run_address>0x52cc</run_address>
         <size>0xc0</size>
         <input_file_ref idref="fl-24"/>
      </object_component>
      <object_component id="oc-19e">
         <name>.const:g_pui32Regs</name>
         <load_address>0x538c</load_address>
         <run_address>0x538c</run_address>
         <size>0x9c</size>
         <input_file_ref idref="fl-27"/>
      </object_component>
      <object_component id="oc-232">
         <name>.const:g_pui32GPIOBaseAddrs</name>
         <load_address>0x5428</load_address>
         <run_address>0x5428</run_address>
         <size>0x90</size>
         <input_file_ref idref="fl-24"/>
      </object_component>
      <object_component id="oc-203">
         <name>.const:PIECES</name>
         <load_address>0x54b8</load_address>
         <run_address>0x54b8</run_address>
         <size>0x70</size>
         <input_file_ref idref="fl-3"/>
      </object_component>
      <object_component id="oc-182">
         <name>.const:g_pui32Xtals</name>
         <load_address>0x5528</load_address>
         <run_address>0x5528</run_address>
         <size>0x6c</size>
         <input_file_ref idref="fl-30"/>
      </object_component>
      <object_component id="oc-305">
         <name>.const:g_ppui32I2CIntMapSnowflake</name>
         <load_address>0x5594</load_address>
         <run_address>0x5594</run_address>
         <size>0x50</size>
         <input_file_ref idref="fl-26"/>
      </object_component>
      <object_component id="oc-256">
         <name>.const:g_ppui32UARTIntMap</name>
         <load_address>0x55e4</load_address>
         <run_address>0x55e4</run_address>
         <size>0x40</size>
         <input_file_ref idref="fl-34"/>
      </object_component>
      <object_component id="oc-259">
         <name>.const:g_ppui32UARTIntMapSnowflake</name>
         <load_address>0x5624</load_address>
         <run_address>0x5624</run_address>
         <size>0x40</size>
         <input_file_ref idref="fl-34"/>
      </object_component>
      <object_component id="oc-302">
         <name>.const:g_ppui32I2CIntMap</name>
         <load_address>0x5664</load_address>
         <run_address>0x5664</run_address>
         <size>0x30</size>
         <input_file_ref idref="fl-26"/>
      </object_component>
      <object_component id="oc-18b">
         <name>.const:g_sXTALtoMEMTIM</name>
         <load_address>0x5694</load_address>
         <run_address>0x5694</run_address>
         <size>0x30</size>
         <input_file_ref idref="fl-30"/>
      </object_component>
      <object_component id="oc-2f0">
         <name>.const:g_ppui32SSIIntMap</name>
         <load_address>0x56c4</load_address>
         <run_address>0x56c4</run_address>
         <size>0x20</size>
         <input_file_ref idref="fl-2e"/>
      </object_component>
      <object_component id="oc-2f3">
         <name>.const:g_ppui32SSIIntMapSnowflake</name>
         <load_address>0x56e4</load_address>
         <run_address>0x56e4</run_address>
         <size>0x20</size>
         <input_file_ref idref="fl-2e"/>
      </object_component>
      <object_component id="oc-1a1">
         <name>.const:g_pui32Priority</name>
         <load_address>0x5704</load_address>
         <run_address>0x5704</run_address>
         <size>0x20</size>
         <input_file_ref idref="fl-27"/>
      </object_component>
      <object_component id="oc-1ad">
         <name>.const:g_pui32Dii16Regs</name>
         <load_address>0x5724</load_address>
         <run_address>0x5724</run_address>
         <size>0x14</size>
         <input_file_ref idref="fl-27"/>
      </object_component>
      <object_component id="oc-1aa">
         <name>.const:g_pui32EnRegs</name>
         <load_address>0x5738</load_address>
         <run_address>0x5738</run_address>
         <size>0x14</size>
         <input_file_ref idref="fl-27"/>
      </object_component>
      <object_component id="oc-1a4">
         <name>.const:g_pui32PendRegs</name>
         <load_address>0x574c</load_address>
         <run_address>0x574c</run_address>
         <size>0x14</size>
         <input_file_ref idref="fl-27"/>
      </object_component>
      <object_component id="oc-1a7">
         <name>.const:g_pui32UnpendRegs</name>
         <load_address>0x5760</load_address>
         <run_address>0x5760</run_address>
         <size>0x14</size>
         <input_file_ref idref="fl-27"/>
      </object_component>
      <object_component id="oc-322">
         <name>.const:.string</name>
         <load_address>0x5774</load_address>
         <run_address>0x5774</run_address>
         <size>0x12</size>
         <input_file_ref idref="fl-35"/>
      </object_component>
      <object_component id="oc-200">
         <name>.const:$P$T0$1</name>
         <load_address>0x5786</load_address>
         <run_address>0x5786</run_address>
         <size>0x10</size>
         <input_file_ref idref="fl-3"/>
      </object_component>
      <object_component id="oc-206">
         <name>.const:$P$T1$2</name>
         <load_address>0x5796</load_address>
         <run_address>0x5796</run_address>
         <size>0x10</size>
         <input_file_ref idref="fl-3"/>
      </object_component>
      <object_component id="oc-167">
         <name>.const:.string:$P$T0$1</name>
         <load_address>0x57a6</load_address>
         <run_address>0x57a6</run_address>
         <size>0x2</size>
         <input_file_ref idref="fl-f"/>
      </object_component>
      <object_component id="oc-26c">
         <name>.const:g_ui32UARTBase</name>
         <load_address>0x57a8</load_address>
         <run_address>0x57a8</run_address>
         <size>0xc</size>
         <input_file_ref idref="fl-35"/>
      </object_component>
      <object_component id="oc-269">
         <name>.const:g_ui32UARTPeriph</name>
         <load_address>0x57b4</load_address>
         <run_address>0x57b4</run_address>
         <size>0xc</size>
         <input_file_ref idref="fl-35"/>
      </object_component>
      <object_component id="oc-18e">
         <name>.const:g_pui32VCOFrequencies</name>
         <load_address>0x57c0</load_address>
         <run_address>0x57c0</run_address>
         <size>0x8</size>
         <input_file_ref idref="fl-30"/>
      </object_component>
      <object_component id="oc-266">
         <name>.const</name>
         <load_address>0x57c8</load_address>
         <run_address>0x57c8</run_address>
         <size>0x4</size>
         <input_file_ref idref="fl-35"/>
      </object_component>
      <object_component id="oc-248">
         <name>.const:.string:$P$T0$1</name>
         <load_address>0x57cc</load_address>
         <run_address>0x57cc</run_address>
         <size>0x3</size>
         <input_file_ref idref="fl-e"/>
      </object_component>
      <object_component id="oc-245">
         <name>.const:.string:$P$T1$2</name>
         <load_address>0x57cf</load_address>
         <run_address>0x57cf</run_address>
         <size>0x3</size>
         <input_file_ref idref="fl-e"/>
      </object_component>
      <object_component id="oc-24b">
         <name>.const:.string:$P$T2$3</name>
         <load_address>0x57d2</load_address>
         <run_address>0x57d2</run_address>
         <size>0x3</size>
         <input_file_ref idref="fl-e"/>
      </object_component>
      <object_component id="oc-164">
         <name>.const:.string:$P$T1$2</name>
         <load_address>0x57d5</load_address>
         <run_address>0x57d5</run_address>
         <size>0x2</size>
         <input_file_ref idref="fl-f"/>
      </object_component>
      <object_component id="oc-385">
         <name>.cinit..data.load</name>
         <load_address>0x57d8</load_address>
         <run_address>0x57d8</run_address>
         <size>0x19</size>
      </object_component>
      <object_component id="oc-382">
         <name>__TI_handler_table</name>
         <load_address>0x57f4</load_address>
         <run_address>0x57f4</run_address>
         <size>0xc</size>
      </object_component>
      <object_component id="oc-386">
         <name>.cinit..bss.load</name>
         <load_address>0x5800</load_address>
         <run_address>0x5800</run_address>
         <size>0x8</size>
      </object_component>
      <object_component id="oc-384">
         <name>.cinit..vtable.load</name>
         <load_address>0x5808</load_address>
         <run_address>0x5808</run_address>
         <size>0x8</size>
      </object_component>
      <object_component id="oc-383">
         <name>__TI_cinit_table</name>
         <load_address>0x5810</load_address>
         <run_address>0x5810</run_address>
         <size>0x18</size>
      </object_component>
      <object_component id="oc-19b">
         <name>.vtable</name>
         <uninitialized>true</uninitialized>
         <run_address>0x20000000</run_address>
         <size>0x26c</size>
         <input_file_ref idref="fl-27"/>
      </object_component>
      <object_component id="oc-1f1">
         <name>.data</name>
         <load_address>0x20002000</load_address>
         <run_address>0x20002000</run_address>
         <size>0x11</size>
         <input_file_ref idref="fl-3"/>
      </object_component>
      <object_component id="oc-1d4">
         <name>.data</name>
         <load_address>0x20002024</load_address>
         <run_address>0x20002024</run_address>
         <size>0x4</size>
         <input_file_ref idref="fl-7"/>
      </object_component>
      <object_component id="oc-263">
         <name>.data</name>
         <load_address>0x2000201c</load_address>
         <run_address>0x2000201c</run_address>
         <size>0x5</size>
         <input_file_ref idref="fl-35"/>
      </object_component>
      <object_component id="oc-2c5">
         <name>.data</name>
         <load_address>0x20002028</load_address>
         <run_address>0x20002028</run_address>
         <size>0x4</size>
         <input_file_ref idref="fl-fe"/>
      </object_component>
      <object_component id="oc-20e">
         <name>.data:$O1$$</name>
         <load_address>0x20002014</load_address>
         <run_address>0x20002014</run_address>
         <size>0x8</size>
         <input_file_ref idref="fl-106"/>
      </object_component>
      <object_component id="oc-1f4">
         <name>.bss:gameState</name>
         <uninitialized>true</uninitialized>
         <run_address>0x20001cc4</run_address>
         <size>0xb4</size>
         <input_file_ref idref="fl-3"/>
      </object_component>
      <object_component id="oc-1f7">
         <name>.bss:currentPiece</name>
         <uninitialized>true</uninitialized>
         <run_address>0x20001dc0</run_address>
         <size>0x10</size>
         <input_file_ref idref="fl-3"/>
      </object_component>
      <object_component id="oc-2b6">
         <name>.bss:FIFOs</name>
         <uninitialized>true</uninitialized>
         <run_address>0x20001a6c</run_address>
         <size>0x150</size>
         <input_file_ref idref="fl-6"/>
      </object_component>
      <object_component id="oc-1cc">
         <name>.bss:threadControlBlocks</name>
         <uninitialized>true</uninitialized>
         <run_address>0x20001bbc</run_address>
         <size>0x108</size>
         <input_file_ref idref="fl-7"/>
      </object_component>
      <object_component id="oc-1d7">
         <name>.bss:threadStacks</name>
         <uninitialized>true</uninitialized>
         <run_address>0x2000026c</run_address>
         <size>0x1800</size>
         <input_file_ref idref="fl-7"/>
      </object_component>
      <object_component id="oc-1c9">
         <name>.bss:pthreadControlBlocks</name>
         <uninitialized>true</uninitialized>
         <run_address>0x20001d78</run_address>
         <size>0x48</size>
         <input_file_ref idref="fl-7"/>
      </object_component>
      <object_component id="oc-1c6">
         <name>.bss</name>
         <uninitialized>true</uninitialized>
         <run_address>0x20001dd0</run_address>
         <size>0x8</size>
         <input_file_ref idref="fl-7"/>
      </object_component>
      <object_component id="oc-276">
         <name>.bss:g_pui8OversampleFactor</name>
         <uninitialized>true</uninitialized>
         <run_address>0x20001dd8</run_address>
         <size>0x8</size>
         <input_file_ref idref="fl-17"/>
      </object_component>
      <object_component id="oc-1cf">
         <name>.common:IBit_State</name>
         <uninitialized>true</uninitialized>
         <run_address>0x20001de4</run_address>
         <size>0x4</size>
      </object_component>
      <object_component id="oc-1ee">
         <name>.common:sem_I2CA</name>
         <uninitialized>true</uninitialized>
         <run_address>0x20001df0</run_address>
         <size>0x4</size>
      </object_component>
      <object_component id="oc-1ed">
         <name>.common:sem_UART</name>
         <uninitialized>true</uninitialized>
         <run_address>0x20001dfc</run_address>
         <size>0x4</size>
      </object_component>
      <object_component id="oc-1ef">
         <name>.common:sem_SPIA</name>
         <uninitialized>true</uninitialized>
         <run_address>0x20001df8</run_address>
         <size>0x4</size>
      </object_component>
      <object_component id="oc-1f0">
         <name>.common:sem_PCA9555_Debounce</name>
         <uninitialized>true</uninitialized>
         <run_address>0x20001df4</run_address>
         <size>0x4</size>
      </object_component>
      <object_component id="oc-1ec">
         <name>.common:sem_GameState</name>
         <uninitialized>true</uninitialized>
         <run_address>0x20001dec</run_address>
         <size>0x4</size>
      </object_component>
      <object_component id="oc-1c5">
         <name>.common:SystemTime</name>
         <uninitialized>true</uninitialized>
         <run_address>0x20001de8</run_address>
         <size>0x4</size>
      </object_component>
      <object_component id="oc-1c2">
         <name>.common:CurrentlyRunningThread</name>
         <uninitialized>true</uninitialized>
         <run_address>0x20001de0</run_address>
         <size>0x4</size>
      </object_component>
      <object_component id="oc-24">
         <name>.stack</name>
         <uninitialized>true</uninitialized>
         <run_address>0x20001e00</run_address>
         <size>0x4</size>
         <input_file_ref idref="fl-ff"/>
      </object_component>
      <object_component id="oc-388">
         <name>.stack</name>
         <uninitialized>true</uninitialized>
         <run_address>0x20001e00</run_address>
         <size>0x0</size>
      </object_component>
      <object_component id="oc-b7">
         <name>.debug_info</name>
         <load_address>0x0</load_address>
         <run_address>0x0</run_address>
         <size>0x554</size>
         <input_file_ref idref="fl-2"/>
      </object_component>
      <object_component id="oc-9d">
         <name>.debug_info</name>
         <load_address>0x554</load_address>
         <run_address>0x554</run_address>
         <size>0x268</size>
         <input_file_ref idref="fl-2"/>
      </object_component>
      <object_component id="oc-1db">
         <name>.debug_info</name>
         <load_address>0x7bc</load_address>
         <run_address>0x7bc</run_address>
         <size>0x7e</size>
         <input_file_ref idref="fl-2"/>
      </object_component>
      <object_component id="oc-70">
         <name>.debug_info</name>
         <load_address>0x83a</load_address>
         <run_address>0x83a</run_address>
         <size>0x26b</size>
         <input_file_ref idref="fl-2"/>
      </object_component>
      <object_component id="oc-2be">
         <name>.debug_info</name>
         <load_address>0xaa5</load_address>
         <run_address>0xaa5</run_address>
         <size>0xc8</size>
         <input_file_ref idref="fl-2"/>
      </object_component>
      <object_component id="oc-b2">
         <name>.debug_info</name>
         <load_address>0xb6d</load_address>
         <run_address>0xb6d</run_address>
         <size>0x8b</size>
         <input_file_ref idref="fl-2"/>
      </object_component>
      <object_component id="oc-ad">
         <name>.debug_info</name>
         <load_address>0xbf8</load_address>
         <run_address>0xbf8</run_address>
         <size>0x2a4</size>
         <input_file_ref idref="fl-2"/>
      </object_component>
      <object_component id="oc-195">
         <name>.debug_info</name>
         <load_address>0xe9c</load_address>
         <run_address>0xe9c</run_address>
         <size>0xef</size>
         <input_file_ref idref="fl-2"/>
      </object_component>
      <object_component id="oc-75">
         <name>.debug_info</name>
         <load_address>0xf8b</load_address>
         <run_address>0xf8b</run_address>
         <size>0xbb</size>
         <input_file_ref idref="fl-2"/>
      </object_component>
      <object_component id="oc-140">
         <name>.debug_info</name>
         <load_address>0x1046</load_address>
         <run_address>0x1046</run_address>
         <size>0x2c</size>
         <input_file_ref idref="fl-2"/>
      </object_component>
      <object_component id="oc-145">
         <name>.debug_info</name>
         <load_address>0x1072</load_address>
         <run_address>0x1072</run_address>
         <size>0x1a2</size>
         <input_file_ref idref="fl-2"/>
      </object_component>
      <object_component id="oc-271">
         <name>.debug_info</name>
         <load_address>0x1214</load_address>
         <run_address>0x1214</run_address>
         <size>0x2c</size>
         <input_file_ref idref="fl-2"/>
      </object_component>
      <object_component id="oc-1d0">
         <name>.debug_info</name>
         <load_address>0x1240</load_address>
         <run_address>0x1240</run_address>
         <size>0x8f7</size>
         <input_file_ref idref="fl-3"/>
      </object_component>
      <object_component id="oc-204">
         <name>.debug_info</name>
         <load_address>0x1b37</load_address>
         <run_address>0x1b37</run_address>
         <size>0xb2</size>
         <input_file_ref idref="fl-3"/>
      </object_component>
      <object_component id="oc-1f5">
         <name>.debug_info</name>
         <load_address>0x1be9</load_address>
         <run_address>0x1be9</run_address>
         <size>0xb8</size>
         <input_file_ref idref="fl-3"/>
      </object_component>
      <object_component id="oc-1f2">
         <name>.debug_info</name>
         <load_address>0x1ca1</load_address>
         <run_address>0x1ca1</run_address>
         <size>0x1dd</size>
         <input_file_ref idref="fl-3"/>
      </object_component>
      <object_component id="oc-1f8">
         <name>.debug_info</name>
         <load_address>0x1e7e</load_address>
         <run_address>0x1e7e</run_address>
         <size>0xbe</size>
         <input_file_ref idref="fl-3"/>
      </object_component>
      <object_component id="oc-201">
         <name>.debug_info</name>
         <load_address>0x1f3c</load_address>
         <run_address>0x1f3c</run_address>
         <size>0xb5</size>
         <input_file_ref idref="fl-3"/>
      </object_component>
      <object_component id="oc-207">
         <name>.debug_info</name>
         <load_address>0x1ff1</load_address>
         <run_address>0x1ff1</run_address>
         <size>0xb5</size>
         <input_file_ref idref="fl-3"/>
      </object_component>
      <object_component id="oc-fb">
         <name>.debug_info</name>
         <load_address>0x20a6</load_address>
         <run_address>0x20a6</run_address>
         <size>0x2426</size>
         <input_file_ref idref="fl-3"/>
      </object_component>
      <object_component id="oc-2aa">
         <name>.debug_info</name>
         <load_address>0x44cc</load_address>
         <run_address>0x44cc</run_address>
         <size>0x35</size>
         <input_file_ref idref="fl-3"/>
      </object_component>
      <object_component id="oc-2f">
         <name>.debug_info</name>
         <load_address>0x4501</load_address>
         <run_address>0x4501</run_address>
         <size>0x291</size>
         <input_file_ref idref="fl-4"/>
      </object_component>
      <object_component id="oc-13">
         <name>.debug_info</name>
         <load_address>0x4792</load_address>
         <run_address>0x4792</run_address>
         <size>0xd0</size>
         <input_file_ref idref="fl-4"/>
      </object_component>
      <object_component id="oc-28">
         <name>.debug_info</name>
         <load_address>0x4862</load_address>
         <run_address>0x4862</run_address>
         <size>0x24c</size>
         <input_file_ref idref="fl-4"/>
      </object_component>
      <object_component id="oc-36">
         <name>.debug_info</name>
         <load_address>0x4aae</load_address>
         <run_address>0x4aae</run_address>
         <size>0x84</size>
         <input_file_ref idref="fl-4"/>
      </object_component>
      <object_component id="oc-1be">
         <name>.debug_info</name>
         <load_address>0x4b32</load_address>
         <run_address>0x4b32</run_address>
         <size>0x130</size>
         <input_file_ref idref="fl-5"/>
      </object_component>
      <object_component id="oc-333">
         <name>.debug_info</name>
         <load_address>0x4c62</load_address>
         <run_address>0x4c62</run_address>
         <size>0x330</size>
         <input_file_ref idref="fl-6"/>
      </object_component>
      <object_component id="oc-2b7">
         <name>.debug_info</name>
         <load_address>0x4f92</load_address>
         <run_address>0x4f92</run_address>
         <size>0xbe</size>
         <input_file_ref idref="fl-6"/>
      </object_component>
      <object_component id="oc-1e8">
         <name>.debug_info</name>
         <load_address>0x5050</load_address>
         <run_address>0x5050</run_address>
         <size>0x39a</size>
         <input_file_ref idref="fl-6"/>
      </object_component>
      <object_component id="oc-354">
         <name>.debug_info</name>
         <load_address>0x53ea</load_address>
         <run_address>0x53ea</run_address>
         <size>0xb2</size>
         <input_file_ref idref="fl-6"/>
      </object_component>
      <object_component id="oc-1c3">
         <name>.debug_info</name>
         <load_address>0x549c</load_address>
         <run_address>0x549c</run_address>
         <size>0x561</size>
         <input_file_ref idref="fl-7"/>
      </object_component>
      <object_component id="oc-1cd">
         <name>.debug_info</name>
         <load_address>0x59fd</load_address>
         <run_address>0x59fd</run_address>
         <size>0xe0</size>
         <input_file_ref idref="fl-7"/>
      </object_component>
      <object_component id="oc-1d8">
         <name>.debug_info</name>
         <load_address>0x5add</load_address>
         <run_address>0x5add</run_address>
         <size>0xd2</size>
         <input_file_ref idref="fl-7"/>
      </object_component>
      <object_component id="oc-1ca">
         <name>.debug_info</name>
         <load_address>0x5baf</load_address>
         <run_address>0x5baf</run_address>
         <size>0xe2</size>
         <input_file_ref idref="fl-7"/>
      </object_component>
      <object_component id="oc-1c7">
         <name>.debug_info</name>
         <load_address>0x5c91</load_address>
         <run_address>0x5c91</run_address>
         <size>0x108</size>
         <input_file_ref idref="fl-7"/>
      </object_component>
      <object_component id="oc-1d5">
         <name>.debug_info</name>
         <load_address>0x5d99</load_address>
         <run_address>0x5d99</run_address>
         <size>0xd4</size>
         <input_file_ref idref="fl-7"/>
      </object_component>
      <object_component id="oc-f4">
         <name>.debug_info</name>
         <load_address>0x5e6d</load_address>
         <run_address>0x5e6d</run_address>
         <size>0xdbb</size>
         <input_file_ref idref="fl-7"/>
      </object_component>
      <object_component id="oc-1ba">
         <name>.debug_info</name>
         <load_address>0x6c28</load_address>
         <run_address>0x6c28</run_address>
         <size>0x12c</size>
         <input_file_ref idref="fl-8"/>
      </object_component>
      <object_component id="oc-1d2">
         <name>.debug_info</name>
         <load_address>0x6d54</load_address>
         <run_address>0x6d54</run_address>
         <size>0x352</size>
         <input_file_ref idref="fl-9"/>
      </object_component>
      <object_component id="oc-1e4">
         <name>.debug_info</name>
         <load_address>0x70a6</load_address>
         <run_address>0x70a6</run_address>
         <size>0x3b0</size>
         <input_file_ref idref="fl-9"/>
      </object_component>
      <object_component id="oc-24f">
         <name>.debug_info</name>
         <load_address>0x7456</load_address>
         <run_address>0x7456</run_address>
         <size>0x352</size>
         <input_file_ref idref="fl-e"/>
      </object_component>
      <object_component id="oc-249">
         <name>.debug_info</name>
         <load_address>0x77a8</load_address>
         <run_address>0x77a8</run_address>
         <size>0xd1</size>
         <input_file_ref idref="fl-e"/>
      </object_component>
      <object_component id="oc-246">
         <name>.debug_info</name>
         <load_address>0x7879</load_address>
         <run_address>0x7879</run_address>
         <size>0xd1</size>
         <input_file_ref idref="fl-e"/>
      </object_component>
      <object_component id="oc-24c">
         <name>.debug_info</name>
         <load_address>0x794a</load_address>
         <run_address>0x794a</run_address>
         <size>0xd1</size>
         <input_file_ref idref="fl-e"/>
      </object_component>
      <object_component id="oc-15f">
         <name>.debug_info</name>
         <load_address>0x7a1b</load_address>
         <run_address>0x7a1b</run_address>
         <size>0x61a</size>
         <input_file_ref idref="fl-e"/>
      </object_component>
      <object_component id="oc-16b">
         <name>.debug_info</name>
         <load_address>0x8035</load_address>
         <run_address>0x8035</run_address>
         <size>0x4b6</size>
         <input_file_ref idref="fl-f"/>
      </object_component>
      <object_component id="oc-168">
         <name>.debug_info</name>
         <load_address>0x84eb</load_address>
         <run_address>0x84eb</run_address>
         <size>0xd2</size>
         <input_file_ref idref="fl-f"/>
      </object_component>
      <object_component id="oc-165">
         <name>.debug_info</name>
         <load_address>0x85bd</load_address>
         <run_address>0x85bd</run_address>
         <size>0xd2</size>
         <input_file_ref idref="fl-f"/>
      </object_component>
      <object_component id="oc-d3">
         <name>.debug_info</name>
         <load_address>0x868f</load_address>
         <run_address>0x868f</run_address>
         <size>0x726</size>
         <input_file_ref idref="fl-f"/>
      </object_component>
      <object_component id="oc-ca">
         <name>.debug_info</name>
         <load_address>0x8db5</load_address>
         <run_address>0x8db5</run_address>
         <size>0x167e</size>
         <input_file_ref idref="fl-10"/>
      </object_component>
      <object_component id="oc-dc">
         <name>.debug_info</name>
         <load_address>0xa433</load_address>
         <run_address>0xa433</run_address>
         <size>0x28e</size>
         <input_file_ref idref="fl-12"/>
      </object_component>
      <object_component id="oc-244">
         <name>.debug_info</name>
         <load_address>0xa6c1</load_address>
         <run_address>0xa6c1</run_address>
         <size>0x4f2</size>
         <input_file_ref idref="fl-13"/>
      </object_component>
      <object_component id="oc-15c">
         <name>.debug_info</name>
         <load_address>0xabb3</load_address>
         <run_address>0xabb3</run_address>
         <size>0x9a2</size>
         <input_file_ref idref="fl-13"/>
      </object_component>
      <object_component id="oc-181">
         <name>.debug_info</name>
         <load_address>0xb555</load_address>
         <run_address>0xb555</run_address>
         <size>0x5be</size>
         <input_file_ref idref="fl-14"/>
      </object_component>
      <object_component id="oc-e2">
         <name>.debug_info</name>
         <load_address>0xbb13</load_address>
         <run_address>0xbb13</run_address>
         <size>0x64f</size>
         <input_file_ref idref="fl-14"/>
      </object_component>
      <object_component id="oc-231">
         <name>.debug_info</name>
         <load_address>0xc162</load_address>
         <run_address>0xc162</run_address>
         <size>0x47a</size>
         <input_file_ref idref="fl-15"/>
      </object_component>
      <object_component id="oc-14d">
         <name>.debug_info</name>
         <load_address>0xc5dc</load_address>
         <run_address>0xc5dc</run_address>
         <size>0x7ae</size>
         <input_file_ref idref="fl-15"/>
      </object_component>
      <object_component id="oc-d6">
         <name>.debug_info</name>
         <load_address>0xcd8a</load_address>
         <run_address>0xcd8a</run_address>
         <size>0x2a4</size>
         <input_file_ref idref="fl-16"/>
      </object_component>
      <object_component id="oc-27a">
         <name>.debug_info</name>
         <load_address>0xd02e</load_address>
         <run_address>0xd02e</run_address>
         <size>0x317</size>
         <input_file_ref idref="fl-17"/>
      </object_component>
      <object_component id="oc-277">
         <name>.debug_info</name>
         <load_address>0xd345</load_address>
         <run_address>0xd345</run_address>
         <size>0xd8</size>
         <input_file_ref idref="fl-17"/>
      </object_component>
      <object_component id="oc-17e">
         <name>.debug_info</name>
         <load_address>0xd41d</load_address>
         <run_address>0xd41d</run_address>
         <size>0x2a22</size>
         <input_file_ref idref="fl-17"/>
      </object_component>
      <object_component id="oc-186">
         <name>.debug_info</name>
         <load_address>0xfe3f</load_address>
         <run_address>0xfe3f</run_address>
         <size>0x2f7</size>
         <input_file_ref idref="fl-1b"/>
      </object_component>
      <object_component id="oc-23c">
         <name>.debug_info</name>
         <load_address>0x10136</load_address>
         <run_address>0x10136</run_address>
         <size>0x341</size>
         <input_file_ref idref="fl-24"/>
      </object_component>
      <object_component id="oc-236">
         <name>.debug_info</name>
         <load_address>0x10477</load_address>
         <run_address>0x10477</run_address>
         <size>0xe1</size>
         <input_file_ref idref="fl-24"/>
      </object_component>
      <object_component id="oc-239">
         <name>.debug_info</name>
         <load_address>0x10558</load_address>
         <run_address>0x10558</run_address>
         <size>0xe3</size>
         <input_file_ref idref="fl-24"/>
      </object_component>
      <object_component id="oc-233">
         <name>.debug_info</name>
         <load_address>0x1063b</load_address>
         <run_address>0x1063b</run_address>
         <size>0xd5</size>
         <input_file_ref idref="fl-24"/>
      </object_component>
      <object_component id="oc-152">
         <name>.debug_info</name>
         <load_address>0x10710</load_address>
         <run_address>0x10710</run_address>
         <size>0x2e94</size>
         <input_file_ref idref="fl-24"/>
      </object_component>
      <object_component id="oc-309">
         <name>.debug_info</name>
         <load_address>0x135a4</load_address>
         <run_address>0x135a4</run_address>
         <size>0x332</size>
         <input_file_ref idref="fl-26"/>
      </object_component>
      <object_component id="oc-303">
         <name>.debug_info</name>
         <load_address>0x138d6</load_address>
         <run_address>0x138d6</run_address>
         <size>0xce</size>
         <input_file_ref idref="fl-26"/>
      </object_component>
      <object_component id="oc-306">
         <name>.debug_info</name>
         <load_address>0x139a4</load_address>
         <run_address>0x139a4</run_address>
         <size>0xe0</size>
         <input_file_ref idref="fl-26"/>
      </object_component>
      <object_component id="oc-23e">
         <name>.debug_info</name>
         <load_address>0x13a84</load_address>
         <run_address>0x13a84</run_address>
         <size>0x2a8c</size>
         <input_file_ref idref="fl-26"/>
      </object_component>
      <object_component id="oc-1b1">
         <name>.debug_info</name>
         <load_address>0x16510</load_address>
         <run_address>0x16510</run_address>
         <size>0x31e</size>
         <input_file_ref idref="fl-27"/>
      </object_component>
      <object_component id="oc-1a2">
         <name>.debug_info</name>
         <load_address>0x1682e</load_address>
         <run_address>0x1682e</run_address>
         <size>0xd0</size>
         <input_file_ref idref="fl-27"/>
      </object_component>
      <object_component id="oc-19f">
         <name>.debug_info</name>
         <load_address>0x168fe</load_address>
         <run_address>0x168fe</run_address>
         <size>0xc8</size>
         <input_file_ref idref="fl-27"/>
      </object_component>
      <object_component id="oc-1ab">
         <name>.debug_info</name>
         <load_address>0x169c6</load_address>
         <run_address>0x169c6</run_address>
         <size>0xcc</size>
         <input_file_ref idref="fl-27"/>
      </object_component>
      <object_component id="oc-1ae">
         <name>.debug_info</name>
         <load_address>0x16a92</load_address>
         <run_address>0x16a92</run_address>
         <size>0xd2</size>
         <input_file_ref idref="fl-27"/>
      </object_component>
      <object_component id="oc-1a5">
         <name>.debug_info</name>
         <load_address>0x16b64</load_address>
         <run_address>0x16b64</run_address>
         <size>0xd0</size>
         <input_file_ref idref="fl-27"/>
      </object_component>
      <object_component id="oc-1a8">
         <name>.debug_info</name>
         <load_address>0x16c34</load_address>
         <run_address>0x16c34</run_address>
         <size>0xd4</size>
         <input_file_ref idref="fl-27"/>
      </object_component>
      <object_component id="oc-19c">
         <name>.debug_info</name>
         <load_address>0x16d08</load_address>
         <run_address>0x16d08</run_address>
         <size>0xd1</size>
         <input_file_ref idref="fl-27"/>
      </object_component>
      <object_component id="oc-ee">
         <name>.debug_info</name>
         <load_address>0x16dd9</load_address>
         <run_address>0x16dd9</run_address>
         <size>0xb4f</size>
         <input_file_ref idref="fl-27"/>
      </object_component>
      <object_component id="oc-2f7">
         <name>.debug_info</name>
         <load_address>0x17928</load_address>
         <run_address>0x17928</run_address>
         <size>0x322</size>
         <input_file_ref idref="fl-2e"/>
      </object_component>
      <object_component id="oc-2f1">
         <name>.debug_info</name>
         <load_address>0x17c4a</load_address>
         <run_address>0x17c4a</run_address>
         <size>0xce</size>
         <input_file_ref idref="fl-2e"/>
      </object_component>
      <object_component id="oc-2f4">
         <name>.debug_info</name>
         <load_address>0x17d18</load_address>
         <run_address>0x17d18</run_address>
         <size>0xe0</size>
         <input_file_ref idref="fl-2e"/>
      </object_component>
      <object_component id="oc-22b">
         <name>.debug_info</name>
         <load_address>0x17df8</load_address>
         <run_address>0x17df8</run_address>
         <size>0x15e1</size>
         <input_file_ref idref="fl-2e"/>
      </object_component>
      <object_component id="oc-19a">
         <name>.debug_info</name>
         <load_address>0x193d9</load_address>
         <run_address>0x193d9</run_address>
         <size>0x3a3</size>
         <input_file_ref idref="fl-30"/>
      </object_component>
      <object_component id="oc-183">
         <name>.debug_info</name>
         <load_address>0x1977c</load_address>
         <run_address>0x1977c</run_address>
         <size>0xc7</size>
         <input_file_ref idref="fl-30"/>
      </object_component>
      <object_component id="oc-192">
         <name>.debug_info</name>
         <load_address>0x19843</load_address>
         <run_address>0x19843</run_address>
         <size>0xd3</size>
         <input_file_ref idref="fl-30"/>
      </object_component>
      <object_component id="oc-18c">
         <name>.debug_info</name>
         <load_address>0x19916</load_address>
         <run_address>0x19916</run_address>
         <size>0xcd</size>
         <input_file_ref idref="fl-30"/>
      </object_component>
      <object_component id="oc-18f">
         <name>.debug_info</name>
         <load_address>0x199e3</load_address>
         <run_address>0x199e3</run_address>
         <size>0xda</size>
         <input_file_ref idref="fl-30"/>
      </object_component>
      <object_component id="oc-e8">
         <name>.debug_info</name>
         <load_address>0x19abd</load_address>
         <run_address>0x19abd</run_address>
         <size>0x2a55</size>
         <input_file_ref idref="fl-30"/>
      </object_component>
      <object_component id="oc-288">
         <name>.debug_info</name>
         <load_address>0x1c512</load_address>
         <run_address>0x1c512</run_address>
         <size>0x51</size>
         <input_file_ref idref="fl-30"/>
      </object_component>
      <object_component id="oc-29d">
         <name>.debug_info</name>
         <load_address>0x1c563</load_address>
         <run_address>0x1c563</run_address>
         <size>0x2ad</size>
         <input_file_ref idref="fl-32"/>
      </object_component>
      <object_component id="oc-1b3">
         <name>.debug_info</name>
         <load_address>0x1c810</load_address>
         <run_address>0x1c810</run_address>
         <size>0x51f</size>
         <input_file_ref idref="fl-32"/>
      </object_component>
      <object_component id="oc-25d">
         <name>.debug_info</name>
         <load_address>0x1cd2f</load_address>
         <run_address>0x1cd2f</run_address>
         <size>0x323</size>
         <input_file_ref idref="fl-34"/>
      </object_component>
      <object_component id="oc-257">
         <name>.debug_info</name>
         <load_address>0x1d052</load_address>
         <run_address>0x1d052</run_address>
         <size>0xd1</size>
         <input_file_ref idref="fl-34"/>
      </object_component>
      <object_component id="oc-25a">
         <name>.debug_info</name>
         <load_address>0x1d123</load_address>
         <run_address>0x1d123</run_address>
         <size>0xe3</size>
         <input_file_ref idref="fl-34"/>
      </object_component>
      <object_component id="oc-16f">
         <name>.debug_info</name>
         <load_address>0x1d206</load_address>
         <run_address>0x1d206</run_address>
         <size>0x2656</size>
         <input_file_ref idref="fl-34"/>
      </object_component>
      <object_component id="oc-270">
         <name>.debug_info</name>
         <load_address>0x1f85c</load_address>
         <run_address>0x1f85c</run_address>
         <size>0x3cf</size>
         <input_file_ref idref="fl-35"/>
      </object_component>
      <object_component id="oc-264">
         <name>.debug_info</name>
         <load_address>0x1fc2b</load_address>
         <run_address>0x1fc2b</run_address>
         <size>0xc6</size>
         <input_file_ref idref="fl-35"/>
      </object_component>
      <object_component id="oc-267">
         <name>.debug_info</name>
         <load_address>0x1fcf1</load_address>
         <run_address>0x1fcf1</run_address>
         <size>0xc0</size>
         <input_file_ref idref="fl-35"/>
      </object_component>
      <object_component id="oc-26d">
         <name>.debug_info</name>
         <load_address>0x1fdb1</load_address>
         <run_address>0x1fdb1</run_address>
         <size>0xce</size>
         <input_file_ref idref="fl-35"/>
      </object_component>
      <object_component id="oc-26a">
         <name>.debug_info</name>
         <load_address>0x1fe7f</load_address>
         <run_address>0x1fe7f</run_address>
         <size>0xd2</size>
         <input_file_ref idref="fl-35"/>
      </object_component>
      <object_component id="oc-173">
         <name>.debug_info</name>
         <load_address>0x1ff51</load_address>
         <run_address>0x1ff51</run_address>
         <size>0x7ad</size>
         <input_file_ref idref="fl-35"/>
      </object_component>
      <object_component id="oc-3c">
         <name>.debug_info</name>
         <load_address>0x206fe</load_address>
         <run_address>0x206fe</run_address>
         <size>0x119</size>
         <input_file_ref idref="fl-f9"/>
      </object_component>
      <object_component id="oc-25f">
         <name>.debug_info</name>
         <load_address>0x20817</load_address>
         <run_address>0x20817</run_address>
         <size>0x142</size>
         <input_file_ref idref="fl-fa"/>
      </object_component>
      <object_component id="oc-8e">
         <name>.debug_info</name>
         <load_address>0x20959</load_address>
         <run_address>0x20959</run_address>
         <size>0x2d4</size>
         <input_file_ref idref="fl-fb"/>
      </object_component>
      <object_component id="oc-4e">
         <name>.debug_info</name>
         <load_address>0x20c2d</load_address>
         <run_address>0x20c2d</run_address>
         <size>0x1b5</size>
         <input_file_ref idref="fl-fb"/>
      </object_component>
      <object_component id="oc-89">
         <name>.debug_info</name>
         <load_address>0x20de2</load_address>
         <run_address>0x20de2</run_address>
         <size>0x46</size>
         <input_file_ref idref="fl-fb"/>
      </object_component>
      <object_component id="oc-c0">
         <name>.debug_info</name>
         <load_address>0x20e28</load_address>
         <run_address>0x20e28</run_address>
         <size>0x2c</size>
         <input_file_ref idref="fl-fb"/>
      </object_component>
      <object_component id="oc-46">
         <name>.debug_info</name>
         <load_address>0x20e54</load_address>
         <run_address>0x20e54</run_address>
         <size>0x2a8</size>
         <input_file_ref idref="fl-fc"/>
      </object_component>
      <object_component id="oc-1c">
         <name>.debug_info</name>
         <load_address>0x210fc</load_address>
         <run_address>0x210fc</run_address>
         <size>0x1ea</size>
         <input_file_ref idref="fl-fc"/>
      </object_component>
      <object_component id="oc-41">
         <name>.debug_info</name>
         <load_address>0x212e6</load_address>
         <run_address>0x212e6</run_address>
         <size>0x46</size>
         <input_file_ref idref="fl-fc"/>
      </object_component>
      <object_component id="oc-81">
         <name>.debug_info</name>
         <load_address>0x2132c</load_address>
         <run_address>0x2132c</run_address>
         <size>0x2c</size>
         <input_file_ref idref="fl-fc"/>
      </object_component>
      <object_component id="oc-7f">
         <name>.debug_info</name>
         <load_address>0x21358</load_address>
         <run_address>0x21358</run_address>
         <size>0x29e</size>
         <input_file_ref idref="fl-fd"/>
      </object_component>
      <object_component id="oc-16">
         <name>.debug_info</name>
         <load_address>0x215f6</load_address>
         <run_address>0x215f6</run_address>
         <size>0x250</size>
         <input_file_ref idref="fl-fd"/>
      </object_component>
      <object_component id="oc-31">
         <name>.debug_info</name>
         <load_address>0x21846</load_address>
         <run_address>0x21846</run_address>
         <size>0x60</size>
         <input_file_ref idref="fl-fd"/>
      </object_component>
      <object_component id="oc-b9">
         <name>.debug_info</name>
         <load_address>0x218a6</load_address>
         <run_address>0x218a6</run_address>
         <size>0x46</size>
         <input_file_ref idref="fl-fd"/>
      </object_component>
      <object_component id="oc-7a">
         <name>.debug_info</name>
         <load_address>0x218ec</load_address>
         <run_address>0x218ec</run_address>
         <size>0x39</size>
         <input_file_ref idref="fl-fd"/>
      </object_component>
      <object_component id="oc-2c6">
         <name>.debug_info</name>
         <load_address>0x21925</load_address>
         <run_address>0x21925</run_address>
         <size>0xfb</size>
         <input_file_ref idref="fl-fe"/>
      </object_component>
      <object_component id="oc-1fe">
         <name>.debug_info</name>
         <load_address>0x21a20</load_address>
         <run_address>0x21a20</run_address>
         <size>0x13d</size>
         <input_file_ref idref="fl-fe"/>
      </object_component>
      <object_component id="oc-25">
         <name>.debug_info</name>
         <load_address>0x21b5d</load_address>
         <run_address>0x21b5d</run_address>
         <size>0x10b</size>
         <input_file_ref idref="fl-ff"/>
      </object_component>
      <object_component id="oc-5a">
         <name>.debug_info</name>
         <load_address>0x21c68</load_address>
         <run_address>0x21c68</run_address>
         <size>0x1a9</size>
         <input_file_ref idref="fl-ff"/>
      </object_component>
      <object_component id="oc-31b">
         <name>.debug_info</name>
         <load_address>0x21e11</load_address>
         <run_address>0x21e11</run_address>
         <size>0x115</size>
         <input_file_ref idref="fl-100"/>
      </object_component>
      <object_component id="oc-92">
         <name>.debug_info</name>
         <load_address>0x21f26</load_address>
         <run_address>0x21f26</run_address>
         <size>0x147</size>
         <input_file_ref idref="fl-101"/>
      </object_component>
      <object_component id="oc-215">
         <name>.debug_info</name>
         <load_address>0x2206d</load_address>
         <run_address>0x2206d</run_address>
         <size>0x4b3</size>
         <input_file_ref idref="fl-102"/>
      </object_component>
      <object_component id="oc-10d">
         <name>.debug_info</name>
         <load_address>0x22520</load_address>
         <run_address>0x22520</run_address>
         <size>0x1a6</size>
         <input_file_ref idref="fl-102"/>
      </object_component>
      <object_component id="oc-2df">
         <name>.debug_info</name>
         <load_address>0x226c6</load_address>
         <run_address>0x226c6</run_address>
         <size>0x39</size>
         <input_file_ref idref="fl-102"/>
      </object_component>
      <object_component id="oc-339">
         <name>.debug_info</name>
         <load_address>0x226ff</load_address>
         <run_address>0x226ff</run_address>
         <size>0x39</size>
         <input_file_ref idref="fl-102"/>
      </object_component>
      <object_component id="oc-2e4">
         <name>.debug_info</name>
         <load_address>0x22738</load_address>
         <run_address>0x22738</run_address>
         <size>0x39</size>
         <input_file_ref idref="fl-102"/>
      </object_component>
      <object_component id="oc-2e9">
         <name>.debug_info</name>
         <load_address>0x22771</load_address>
         <run_address>0x22771</run_address>
         <size>0xcd</size>
         <input_file_ref idref="fl-102"/>
      </object_component>
      <object_component id="oc-96">
         <name>.debug_info</name>
         <load_address>0x2283e</load_address>
         <run_address>0x2283e</run_address>
         <size>0x153</size>
         <input_file_ref idref="fl-103"/>
      </object_component>
      <object_component id="oc-101">
         <name>.debug_info</name>
         <load_address>0x22991</load_address>
         <run_address>0x22991</run_address>
         <size>0x122</size>
         <input_file_ref idref="fl-105"/>
      </object_component>
      <object_component id="oc-2d9">
         <name>.debug_info</name>
         <load_address>0x22ab3</load_address>
         <run_address>0x22ab3</run_address>
         <size>0x2c9</size>
         <input_file_ref idref="fl-106"/>
      </object_component>
      <object_component id="oc-20f">
         <name>.debug_info</name>
         <load_address>0x22d7c</load_address>
         <run_address>0x22d7c</run_address>
         <size>0x11e</size>
         <input_file_ref idref="fl-106"/>
      </object_component>
      <object_component id="oc-2d5">
         <name>.debug_info</name>
         <load_address>0x22e9a</load_address>
         <run_address>0x22e9a</run_address>
         <size>0x12e</size>
         <input_file_ref idref="fl-106"/>
      </object_component>
      <object_component id="oc-389">
         <name>.debug_info</name>
         <load_address>0x22fc8</load_address>
         <run_address>0x22fc8</run_address>
         <size>0x83</size>
      </object_component>
      <object_component id="oc-13f">
         <name>.debug_line</name>
         <load_address>0x0</load_address>
         <run_address>0x0</run_address>
         <size>0x19b</size>
         <input_file_ref idref="fl-2"/>
      </object_component>
      <object_component id="oc-9c">
         <name>.debug_line</name>
         <load_address>0x19b</load_address>
         <run_address>0x19b</run_address>
         <size>0x8b</size>
         <input_file_ref idref="fl-2"/>
      </object_component>
      <object_component id="oc-1de">
         <name>.debug_line</name>
         <load_address>0x226</load_address>
         <run_address>0x226</run_address>
         <size>0x40</size>
         <input_file_ref idref="fl-2"/>
      </object_component>
      <object_component id="oc-73">
         <name>.debug_line</name>
         <load_address>0x266</load_address>
         <run_address>0x266</run_address>
         <size>0x6f</size>
         <input_file_ref idref="fl-2"/>
      </object_component>
      <object_component id="oc-2c1">
         <name>.debug_line</name>
         <load_address>0x2d5</load_address>
         <run_address>0x2d5</run_address>
         <size>0x32</size>
         <input_file_ref idref="fl-2"/>
      </object_component>
      <object_component id="oc-b5">
         <name>.debug_line</name>
         <load_address>0x307</load_address>
         <run_address>0x307</run_address>
         <size>0x20</size>
         <input_file_ref idref="fl-2"/>
      </object_component>
      <object_component id="oc-b0">
         <name>.debug_line</name>
         <load_address>0x327</load_address>
         <run_address>0x327</run_address>
         <size>0x73</size>
         <input_file_ref idref="fl-2"/>
      </object_component>
      <object_component id="oc-198">
         <name>.debug_line</name>
         <load_address>0x39a</load_address>
         <run_address>0x39a</run_address>
         <size>0x6f</size>
         <input_file_ref idref="fl-2"/>
      </object_component>
      <object_component id="oc-78">
         <name>.debug_line</name>
         <load_address>0x409</load_address>
         <run_address>0x409</run_address>
         <size>0x70</size>
         <input_file_ref idref="fl-2"/>
      </object_component>
      <object_component id="oc-143">
         <name>.debug_line</name>
         <load_address>0x479</load_address>
         <run_address>0x479</run_address>
         <size>0x41</size>
         <input_file_ref idref="fl-2"/>
      </object_component>
      <object_component id="oc-148">
         <name>.debug_line</name>
         <load_address>0x4ba</load_address>
         <run_address>0x4ba</run_address>
         <size>0x41</size>
         <input_file_ref idref="fl-2"/>
      </object_component>
      <object_component id="oc-274">
         <name>.debug_line</name>
         <load_address>0x4fb</load_address>
         <run_address>0x4fb</run_address>
         <size>0x6b</size>
         <input_file_ref idref="fl-2"/>
      </object_component>
      <object_component id="oc-2a9">
         <name>.debug_line</name>
         <load_address>0x566</load_address>
         <run_address>0x566</run_address>
         <size>0x206</size>
         <input_file_ref idref="fl-3"/>
      </object_component>
      <object_component id="oc-2cc">
         <name>.debug_line</name>
         <load_address>0x76c</load_address>
         <run_address>0x76c</run_address>
         <size>0x32</size>
         <input_file_ref idref="fl-3"/>
      </object_component>
      <object_component id="oc-2bd">
         <name>.debug_line</name>
         <load_address>0x79e</load_address>
         <run_address>0x79e</run_address>
         <size>0x30</size>
         <input_file_ref idref="fl-3"/>
      </object_component>
      <object_component id="oc-2bb">
         <name>.debug_line</name>
         <load_address>0x7ce</load_address>
         <run_address>0x7ce</run_address>
         <size>0x30</size>
         <input_file_ref idref="fl-3"/>
      </object_component>
      <object_component id="oc-2c4">
         <name>.debug_line</name>
         <load_address>0x7fe</load_address>
         <run_address>0x7fe</run_address>
         <size>0x30</size>
         <input_file_ref idref="fl-3"/>
      </object_component>
      <object_component id="oc-2ca">
         <name>.debug_line</name>
         <load_address>0x82e</load_address>
         <run_address>0x82e</run_address>
         <size>0x30</size>
[...]
      </symbol>
      <symbol id="sm-87c">
         <name>SysCtlLDOSleepSet</name>
         <value>0x1a0d</value>
         <object_component_ref idref="oc-e7"/>
      </symbol>
      <symbol id="sm-87d">
         <name>SysCtlMOSCConfigSet</name>
         <value>0x1a05</value>
         <object_component_ref idref="oc-e7"/>
      </symbol>
      <symbol id="sm-87e">
         <name>SysCtlPeripheralEnable</name>
         <value>0x187d</value>
         <object_component_ref idref="oc-e7"/>
      </symbol>
      <symbol id="sm-87f">
         <name>SysCtlIntEnable</name>
         <value>0x1a5f</value>
         <object_component_ref idref="oc-e7"/>
      </symbol>
      <symbol id="sm-880">
         <name>SysCtlNMIClear</name>
         <value>0x19ed</value>
         <object_component_ref idref="oc-e7"/>
      </symbol>
      <symbol id="sm-881">
         <name>SysCtlPeripheralPowerOff</name>
         <value>0x184f</value>
         <object_component_ref idref="oc-e7"/>
      </symbol>
      <symbol id="sm-882">
         <name>SysCtlSleepPowerSet</name>
         <value>0x16af</value>
         <object_component_ref idref="oc-e7"/>
      </symbol>
      <symbol id="sm-883">
         <name>SysCtlDeepSleep</name>
         <value>0x1b7d</value>
         <object_component_ref idref="oc-e7"/>
      </symbol>
      <symbol id="sm-884">
         <name>SysCtlLDODeepSleepSet</name>
         <value>0x1a1d</value>
         <object_component_ref idref="oc-e7"/>
      </symbol>
      <symbol id="sm-885">
         <name>SysCtlPeripheralPowerOn</name>
         <value>0x1821</value>
         <object_component_ref idref="oc-e7"/>
      </symbol>
      <symbol id="sm-886">
         <name>SysCtlPeripheralDeepSleepDisable</name>
         <value>0x1907</value>
         <object_component_ref idref="oc-e7"/>
      </symbol>
      <symbol id="sm-887">
         <name>SysCtlPeripheralSleepDisable</name>
         <value>0x1721</value>
         <object_component_ref idref="oc-e7"/>
      </symbol>
      <symbol id="sm-888">
         <name>SysCtlVCOGet</name>
         <value>0x1631</value>
         <object_component_ref idref="oc-e7"/>
      </symbol>
      <symbol id="sm-889">
         <name>SysCtlResetBehaviorSet</name>
         <value>0x16db</value>
         <object_component_ref idref="oc-e7"/>
      </symbol>
      <symbol id="sm-88a">
         <name>SysCtlReset</name>
         <value>0x16eb</value>
         <object_component_ref idref="oc-e7"/>
      </symbol>
      <symbol id="sm-88b">
         <name>SysCtlGPIOAHBDisable</name>
         <value>0x1aa3</value>
         <object_component_ref idref="oc-e7"/>
      </symbol>
      <symbol id="sm-88c">
         <name>SysCtlSRAMSizeGet</name>
         <value>0x16b7</value>
         <object_component_ref idref="oc-e7"/>
      </symbol>
      <symbol id="sm-88d">
         <name>SysCtlClockGet</name>
         <value>0x1cb1</value>
         <object_component_ref idref="oc-e7"/>
      </symbol>
      <symbol id="sm-88e">
         <name>SysCtlPeripheralDisable</name>
         <value>0x18ab</value>
         <object_component_ref idref="oc-e7"/>
      </symbol>
      <symbol id="sm-88f">
         <name>SysCtlPWMClockSet</name>
         <value>0x1977</value>
         <object_component_ref idref="oc-e7"/>
      </symbol>
      <symbol id="sm-890">
         <name>SysCtlUSBPLLEnable</name>
         <value>0x1693</value>
         <object_component_ref idref="oc-e7"/>
      </symbol>
      <symbol id="sm-891">
         <name>SysCtlPeripheralSleepEnable</name>
         <value>0x16f3</value>
         <object_component_ref idref="oc-e7"/>
      </symbol>
      <symbol id="sm-892">
         <name>SysCtlIntUnregister</name>
         <value>0x1a2d</value>
         <object_component_ref idref="oc-e7"/>
      </symbol>
      <symbol id="sm-893">
         <name>SysCtlUSBPLLDisable</name>
         <value>0x16a1</value>
         <object_component_ref idref="oc-e7"/>
      </symbol>
      <symbol id="sm-894">
         <name>SysCtlPeripheralReady</name>
         <value>0x17bd</value>
         <object_component_ref idref="oc-e7"/>
      </symbol>
      <symbol id="sm-895">
         <name>SysCtlPIOSCCalibrate</name>
         <value>0x199d</value>
         <object_component_ref idref="oc-e7"/>
      </symbol>
      <symbol id="sm-896">
         <name>SysCtlResetCauseClear</name>
         <value>0x16cd</value>
         <object_component_ref idref="oc-e7"/>
      </symbol>
      <symbol id="sm-897">
         <name>SysCtlLDOSleepGet</name>
         <value>0x1a15</value>
         <object_component_ref idref="oc-e7"/>
      </symbol>
      <symbol id="sm-898">
         <name>SysCtlClockFreqSet</name>
         <value>0x1e71</value>
         <object_component_ref idref="oc-e7"/>
      </symbol>
      <symbol id="sm-899">
         <name>SysCtlPeripheralReset</name>
         <value>0x174f</value>
         <object_component_ref idref="oc-e7"/>
      </symbol>
      <symbol id="sm-8b1">
         <name>SysTickIntDisable</name>
         <value>0x4c7b</value>
         <object_component_ref idref="oc-1b2"/>
      </symbol>
      <symbol id="sm-8b2">
         <name>SysTickEnable</name>
         <value>0x4c89</value>
         <object_component_ref idref="oc-1b2"/>
      </symbol>
      <symbol id="sm-8b3">
         <name>SysTickPeriodGet</name>
         <value>0x4c39</value>
         <object_component_ref idref="oc-1b2"/>
      </symbol>
      <symbol id="sm-8b4">
         <name>SysTickIntRegister</name>
         <value>0x4c55</value>
         <object_component_ref idref="oc-1b2"/>
      </symbol>
      <symbol id="sm-8b5">
         <name>SysTickIntEnable</name>
         <value>0x4c6d</value>
         <object_component_ref idref="oc-1b2"/>
      </symbol>
      <symbol id="sm-8b6">
         <name>SysTickValueGet</name>
         <value>0x4c29</value>
         <object_component_ref idref="oc-1b2"/>
      </symbol>
      <symbol id="sm-8b7">
         <name>SysTickIntUnregister</name>
         <value>0x4c43</value>
         <object_component_ref idref="oc-1b2"/>
      </symbol>
      <symbol id="sm-8b8">
         <name>SysTickPeriodSet</name>
         <value>0x4c2f</value>
         <object_component_ref idref="oc-1b2"/>
      </symbol>
      <symbol id="sm-8b9">
         <name>SysTickDisable</name>
         <value>0x4c97</value>
         <object_component_ref idref="oc-1b2"/>
      </symbol>
      <symbol id="sm-923">
         <name>UARTClockSourceGet</name>
         <value>0x3e01</value>
         <object_component_ref idref="oc-16c"/>
      </symbol>
      <symbol id="sm-924">
         <name>UARTCharPutNonBlocking</name>
         <value>0x3e15</value>
         <object_component_ref idref="oc-16c"/>
      </symbol>
      <symbol id="sm-925">
         <name>UARTDMAEnable</name>
         <value>0x3d7d</value>
         <object_component_ref idref="oc-16c"/>
      </symbol>
      <symbol id="sm-926">
         <name>UARTTxIntModeSet</name>
         <value>0x3bd1</value>
         <object_component_ref idref="oc-16c"/>
      </symbol>
      <symbol id="sm-927">
         <name>UARTFIFODisable</name>
         <value>0x3d25</value>
         <object_component_ref idref="oc-16c"/>
      </symbol>
      <symbol id="sm-928">
         <name>UARTIntUnregister</name>
         <value>0x3ca5</value>
         <object_component_ref idref="oc-16c"/>
      </symbol>
      <symbol id="sm-929">
         <name>UARTModemControlSet</name>
         <value>0x3c3f</value>
         <object_component_ref idref="oc-16c"/>
      </symbol>
      <symbol id="sm-92a">
         <name>UARTRxErrorClear</name>
         <value>0x3c1b</value>
         <object_component_ref idref="oc-16c"/>
      </symbol>
      <symbol id="sm-92b">
         <name>UARTFlowControlSet</name>
         <value>0x3cf1</value>
         <object_component_ref idref="oc-16c"/>
      </symbol>
      <symbol id="sm-92c">
         <name>UARTConfigSetExpClk</name>
         <value>0x3d8f</value>
         <object_component_ref idref="oc-16c"/>
      </symbol>
      <symbol id="sm-92d">
         <name>UARTSmartCardDisable</name>
         <value>0x3c09</value>
         <object_component_ref idref="oc-16c"/>
      </symbol>
      <symbol id="sm-92e">
         <name>UARTDisable</name>
         <value>0x3d65</value>
         <object_component_ref idref="oc-16c"/>
      </symbol>
      <symbol id="sm-92f">
         <name>UART9BitDisable</name>
         <value>0x3e73</value>
         <object_component_ref idref="oc-16c"/>
      </symbol>
      <symbol id="sm-930">
         <name>UARTFIFOLevelGet</name>
         <value>0x3d0b</value>
         <object_component_ref idref="oc-16c"/>
      </symbol>
      <symbol id="sm-931">
         <name>UARTBusy</name>
         <value>0x3e49</value>
         <object_component_ref idref="oc-16c"/>
      </symbol>
      <symbol id="sm-932">
         <name>UARTDisableSIR</name>
         <value>0x3d5b</value>
         <object_component_ref idref="oc-16c"/>
      </symbol>
      <symbol id="sm-933">
         <name>UARTLoopbackEnable</name>
         <value>0x3c65</value>
         <object_component_ref idref="oc-16c"/>
      </symbol>
      <symbol id="sm-934">
         <name>UARTIntEnable</name>
         <value>0x3cdb</value>
         <object_component_ref idref="oc-16c"/>
      </symbol>
      <symbol id="sm-935">
         <name>UARTCharsAvail</name>
         <value>0x3e07</value>
         <object_component_ref idref="oc-16c"/>
      </symbol>
      <symbol id="sm-936">
         <name>UARTCharGetNonBlocking</name>
         <value>0x3e2f</value>
         <object_component_ref idref="oc-16c"/>
      </symbol>
      <symbol id="sm-937">
         <name>UARTClockSourceSet</name>
         <value>0x3dfb</value>
         <object_component_ref idref="oc-16c"/>
      </symbol>
      <symbol id="sm-938">
         <name>UARTTxIntModeGet</name>
         <value>0x3bdd</value>
         <object_component_ref idref="oc-16c"/>
      </symbol>
      <symbol id="sm-939">
         <name>UARTModemStatusGet</name>
         <value>0x3c35</value>
         <object_component_ref idref="oc-16c"/>
      </symbol>
      <symbol id="sm-93a">
         <name>UARTIntDisable</name>
         <value>0x3ce3</value>
         <object_component_ref idref="oc-16c"/>
      </symbol>
      <symbol id="sm-93b">
         <name>UARTCharPut</name>
         <value>0x3e25</value>
         <object_component_ref idref="oc-16c"/>
      </symbol>
      <symbol id="sm-93c">
         <name>UARTParityModeSet</name>
         <value>0x3c21</value>
         <object_component_ref idref="oc-16c"/>
      </symbol>
      <symbol id="sm-93d">
         <name>UARTRxErrorGet</name>
         <value>0x3c13</value>
         <object_component_ref idref="oc-16c"/>
      </symbol>
      <symbol id="sm-93e">
         <name>UARTConfigGetExpClk</name>
         <value>0x3dd3</value>
         <object_component_ref idref="oc-16c"/>
      </symbol>
      <symbol id="sm-93f">
         <name>UARTEnableSIR</name>
         <value>0x3d2f</value>
         <object_component_ref idref="oc-16c"/>
      </symbol>
      <symbol id="sm-940">
         <name>UARTEnable</name>
         <value>0x3d47</value>
         <object_component_ref idref="oc-16c"/>
      </symbol>
      <symbol id="sm-941">
         <name>UART9BitAddrSend</name>
         <value>0x3e8b</value>
         <object_component_ref idref="oc-16c"/>
      </symbol>
      <symbol id="sm-942">
         <name>UARTModemControlGet</name>
         <value>0x3c4b</value>
         <object_component_ref idref="oc-16c"/>
      </symbol>
      <symbol id="sm-943">
         <name>UARTSmartCardEnable</name>
         <value>0x3bf3</value>
         <object_component_ref idref="oc-16c"/>
      </symbol>
      <symbol id="sm-944">
         <name>UARTFlowControlGet</name>
         <value>0x3cfd</value>
         <object_component_ref idref="oc-16c"/>
      </symbol>
      <symbol id="sm-945">
         <name>UARTFIFOEnable</name>
         <value>0x3d1b</value>
         <object_component_ref idref="oc-16c"/>
      </symbol>
      <symbol id="sm-946">
         <name>UARTIntClear</name>
         <value>0x3ced</value>
         <object_component_ref idref="oc-16c"/>
      </symbol>
      <symbol id="sm-947">
         <name>UARTIntStatus</name>
         <value>0x3cb9</value>
         <object_component_ref idref="oc-16c"/>
      </symbol>
      <symbol id="sm-948">
         <name>UARTDMADisable</name>
         <value>0x3d85</value>
         <object_component_ref idref="oc-16c"/>
      </symbol>
      <symbol id="sm-949">
         <name>UART9BitEnable</name>
         <value>0x3e65</value>
         <object_component_ref idref="oc-16c"/>
      </symbol>
      <symbol id="sm-94a">
         <name>UARTSpaceAvail</name>
         <value>0x3be5</value>
         <object_component_ref idref="oc-16c"/>
      </symbol>
      <symbol id="sm-94b">
         <name>UARTCharGet</name>
         <value>0x3e3f</value>
         <object_component_ref idref="oc-16c"/>
      </symbol>
      <symbol id="sm-94c">
         <name>UARTFIFOLevelSet</name>
         <value>0x3d05</value>
         <object_component_ref idref="oc-16c"/>
      </symbol>
      <symbol id="sm-94d">
         <name>UARTModemControlClear</name>
         <value>0x3c53</value>
         <object_component_ref idref="oc-16c"/>
      </symbol>
      <symbol id="sm-94e">
         <name>UARTParityModeGet</name>
         <value>0x3c2d</value>
         <object_component_ref idref="oc-16c"/>
      </symbol>
      <symbol id="sm-94f">
         <name>UARTIntRegister</name>
         <value>0x3cc3</value>
         <object_component_ref idref="oc-16c"/>
      </symbol>
      <symbol id="sm-950">
         <name>UARTBreakCtl</name>
         <value>0x3e51</value>
         <object_component_ref idref="oc-16c"/>
      </symbol>
      <symbol id="sm-951">
         <name>UART9BitAddrSet</name>
         <value>0x3e81</value>
         <object_component_ref idref="oc-16c"/>
      </symbol>
      <symbol id="sm-9bd">
         <name>UARTgetc</name>
         <value>0x3b5b</value>
         <object_component_ref idref="oc-172"/>
      </symbol>
      <symbol id="sm-9be">
         <name>UARTgets</name>
         <value>0x3ae3</value>
         <object_component_ref idref="oc-172"/>
      </symbol>
      <symbol id="sm-9bf">
         <name>UARTStdioConfig</name>
         <value>0x3b69</value>
         <object_component_ref idref="oc-172"/>
      </symbol>
      <symbol id="sm-9c0">
         <name>UARTwrite</name>
         <value>0x389d</value>
         <object_component_ref idref="oc-172"/>
      </symbol>
      <symbol id="sm-9c1">
         <name>UARTprintf</name>
         <value>0x3ac9</value>
         <object_component_ref idref="oc-172"/>
      </symbol>
      <symbol id="sm-9c2">
         <name>UARTvprintf</name>
         <value>0x38d1</value>
         <object_component_ref idref="oc-172"/>
      </symbol>
      <symbol id="sm-9e3">
         <name>memcpy</name>
         <value>0x4afd</value>
         <object_component_ref idref="oc-3b"/>
      </symbol>
      <symbol id="sm-9e4">
         <name>__aeabi_memcpy</name>
         <value>0x4afd</value>
         <object_component_ref idref="oc-3b"/>
      </symbol>
      <symbol id="sm-9e5">
         <name>__aeabi_memcpy8</name>
         <value>0x4afd</value>
         <object_component_ref idref="oc-3b"/>
      </symbol>
      <symbol id="sm-9e6">
         <name>__aeabi_memcpy4</name>
         <value>0x4afd</value>
         <object_component_ref idref="oc-3b"/>
      </symbol>
      <symbol id="sm-9f5">
         <name>__aeabi_uidivmod</name>
         <value>0x4f21</value>
         <object_component_ref idref="oc-25e"/>
      </symbol>
      <symbol id="sm-9f6">
         <name>__aeabi_uidiv</name>
         <value>0x4f21</value>
         <object_component_ref idref="oc-25e"/>
      </symbol>
      <symbol id="sm-a0d">
         <name>__TI_zero_init</name>
         <value>0x501d</value>
         <object_component_ref idref="oc-4d"/>
      </symbol>
      <symbol id="sm-a24">
         <name>__TI_decompress_none</name>
         <value>0x500f</value>
         <object_component_ref idref="oc-1b"/>
      </symbol>
      <symbol id="sm-a47">
         <name>__TI_decompress_lzss</name>
         <value>0x4d23</value>
         <object_component_ref idref="oc-15"/>
      </symbol>
      <symbol id="sm-a5d">
         <name>rand</name>
         <value>0x4fcd</value>
         <object_component_ref idref="oc-1fa"/>
      </symbol>
      <symbol id="sm-a70">
         <name>__stack</name>
         <value>0x20001e00</value>
         <object_component_ref idref="oc-24"/>
      </symbol>
      <symbol id="sm-a71">
         <name>_c_int00_noargs</name>
         <value>0x4f99</value>
         <object_component_ref idref="oc-59"/>
      </symbol>
      <symbol id="sm-a7b">
         <name>__aeabi_idiv0</name>
         <value>0x4f97</value>
         <object_component_ref idref="oc-31a"/>
      </symbol>
      <symbol id="sm-a7c">
         <name>__aeabi_ldiv0</name>
         <value>0x4f97</value>
         <object_component_ref idref="oc-31a"/>
      </symbol>
      <symbol id="sm-a8b">
         <name>__aeabi_memset</name>
         <value>0x4cab</value>
         <object_component_ref idref="oc-8f"/>
      </symbol>
      <symbol id="sm-a8c">
         <name>memset</name>
         <value>0x4cb1</value>
         <object_component_ref idref="oc-8f"/>
      </symbol>
      <symbol id="sm-a8d">
         <name>__aeabi_memset8</name>
         <value>0x4cab</value>
         <object_component_ref idref="oc-8f"/>
      </symbol>
      <symbol id="sm-a8e">
         <name>__aeabi_memset4</name>
         <value>0x4cab</value>
         <object_component_ref idref="oc-8f"/>
      </symbol>
      <symbol id="sm-a8f">
         <name>__aeabi_memclr8</name>
         <value>0x4ca9</value>
         <object_component_ref idref="oc-8f"/>
      </symbol>
      <symbol id="sm-a90">
         <name>__aeabi_memclr4</name>
         <value>0x4ca9</value>
         <object_component_ref idref="oc-8f"/>
      </symbol>
      <symbol id="sm-a91">
         <name>__aeabi_memclr</name>
         <value>0x4ca9</value>
         <object_component_ref idref="oc-8f"/>
      </symbol>
      <symbol id="sm-ab9">
         <name>__TI_auto_init_nobinit_nopinit</name>
         <value>0x4edd</value>
         <object_component_ref idref="oc-10c"/>
      </symbol>
      <symbol id="sm-ac3">
         <name>_system_pre_init</name>
         <value>0x503b</value>
         <object_component_ref idref="oc-95"/>
      </symbol>
      <symbol id="sm-acf">
         <name>C$$EXIT</name>
         <value>0x503f</value>
         <object_component_ref idref="oc-100"/>
      </symbol>
      <symbol id="sm-ad0">
         <name>abort</name>
         <value>0x503f</value>
         <object_component_ref idref="oc-100"/>
      </symbol>
      <symbol id="sm-ae5">
         <name>_nop</name>
         <value>0x4d8b</value>
         <object_component_ref idref="oc-2d1"/>
      </symbol>
      <symbol id="sm-ae6">
         <name>_lock</name>
         <value>0x20002014</value>
         <object_component_ref idref="oc-20e"/>
      </symbol>
      <symbol id="sm-ae7">
         <name>_unlock</name>
         <value>0x20002018</value>
         <object_component_ref idref="oc-20e"/>
      </symbol>
      <symbol id="sm-ae9">
         <name>__TI_static_base__</name>
         <value>0x0</value>
      </symbol>
      <symbol id="sm-aec">
         <name>__mpu_init</name>
         <value>0x0</value>
      </symbol>
      <symbol id="sm-aed">
         <name>_system_post_cinit</name>
         <value>0x0</value>
      </symbol>
      <symbol id="sm-aee">
         <name>IntPriorityMaskSet</name>
         <value>0x4f87</value>
      </symbol>
      <symbol id="sm-aef">
         <name>IntPriorityMaskGet</name>
         <value>0x4f8d</value>
      </symbol>
      <symbol id="sm-af0">
         <name>SysCtlSleep</name>
         <value>0x4f61</value>
      </symbol>
   </symbol_table>
   <title>Link successful</title>
</link_info>
