<?xml version="1.0" encoding="ISO-8859-1" ?>
<link_info>
   <banner>TI ARM Linker PC v20.2.7.LTS</banner>
   <copyright>Copyright (c) 1996-2018 Texas Instruments Incorporated</copyright>
   <link_time>0x674f2fed</link_time>
   <link_errors>0x0</link_errors>
   <output_file>Tetris.out</output_file>
   <entry_point>
      <name>_c_int00_noargs</name>
      <address>0x62a1</address>
   </entry_point>
   <input_file_list>
      <input_file id="fl-2">
         <path>.\</path>
         <kind>object</kind>
         <file>main.obj</file>
         <name>main.obj</name>
      </input_file>
      <input_file id="fl-3">
         <path>.\</path>
         <kind>object</kind>
         <file>threads.obj</file>
         <name>threads.obj</name>
      </input_file>
      <input_file id="fl-4">
         <path>.\</path>
         <kind>object</kind>
         <file>tm4c123gh6pm_startup_ccs.obj</file>
         <name>tm4c123gh6pm_startup_ccs.obj</name>
      </input_file>
      <input_file id="fl-5">
         <path>.\G8RTOS\src\</path>
         <kind>object</kind>
         <file>G8RTOS_CriticalSection.obj</file>
         <name>G8RTOS_CriticalSection.obj</name>
      </input_file>
      <input_file id="fl-6">
         <path>.\G8RTOS\src\</path>
         <kind>object</kind>
         <file>G8RTOS_IPC.obj</file>
         <name>G8RTOS_IPC.obj</name>
      </input_file>
      <input_file id="fl-7">
         <path>.\G8RTOS\src\</path>
         <kind>object</kind>
         <file>G8RTOS_Scheduler.obj</file>
         <name>G8RTOS_Scheduler.obj</name>
      </input_file>
      <input_file id="fl-8">
         <path>.\G8RTOS\src\</path>
         <kind>object</kind>
         <file>G8RTOS_SchedulerASM.obj</file>
         <name>G8RTOS_SchedulerASM.obj</name>
      </input_file>
      <input_file id="fl-9">
         <path>.\G8RTOS\src\</path>
         <kind>object</kind>
         <file>G8RTOS_Semaphores.obj</file>
         <name>G8RTOS_Semaphores.obj</name>
      </input_file>
      <input_file id="fl-a">
         <path>.\MultimodDrivers\src\</path>
         <kind>object</kind>
         <file>multimod_BMI160.obj</file>
         <name>multimod_BMI160.obj</name>
      </input_file>
      <input_file id="fl-b">
         <path>.\MultimodDrivers\src\</path>
         <kind>object</kind>
         <file>multimod_LaunchpadButtons.obj</file>
         <name>multimod_LaunchpadButtons.obj</name>
      </input_file>
      <input_file id="fl-c">
         <path>.\MultimodDrivers\src\</path>
         <kind>object</kind>
         <file>multimod_LaunchpadLED.obj</file>
         <name>multimod_LaunchpadLED.obj</name>
      </input_file>
      <input_file id="fl-d">
         <path>.\MultimodDrivers\src\</path>
         <kind>object</kind>
         <file>multimod_OPT3001.obj</file>
         <name>multimod_OPT3001.obj</name>
      </input_file>
      <input_file id="fl-e">
         <path>.\MultimodDrivers\src\</path>
         <kind>object</kind>
         <file>multimod_PCA9555.obj</file>
         <name>multimod_PCA9555.obj</name>
      </input_file>
      <input_file id="fl-f">
         <path>.\MultimodDrivers\src\</path>
         <kind>object</kind>
         <file>multimod_PCA9956b.obj</file>
         <name>multimod_PCA9956b.obj</name>
      </input_file>
      <input_file id="fl-10">
         <path>.\MultimodDrivers\src\</path>
         <kind>object</kind>
         <file>multimod_ST7789.obj</file>
         <name>multimod_ST7789.obj</name>
      </input_file>
      <input_file id="fl-11">
         <path>.\MultimodDrivers\src\</path>
         <kind>object</kind>
         <file>multimod_audio.obj</file>
         <name>multimod_audio.obj</name>
      </input_file>
      <input_file id="fl-12">
         <path>.\MultimodDrivers\src\</path>
         <kind>object</kind>
         <file>multimod_buttons.obj</file>
         <name>multimod_buttons.obj</name>
      </input_file>
      <input_file id="fl-13">
         <path>.\MultimodDrivers\src\</path>
         <kind>object</kind>
         <file>multimod_i2c.obj</file>
         <name>multimod_i2c.obj</name>
      </input_file>
      <input_file id="fl-14">
         <path>.\MultimodDrivers\src\</path>
         <kind>object</kind>
         <file>multimod_joystick.obj</file>
         <name>multimod_joystick.obj</name>
      </input_file>
      <input_file id="fl-15">
         <path>.\MultimodDrivers\src\</path>
         <kind>object</kind>
         <file>multimod_spi.obj</file>
         <name>multimod_spi.obj</name>
      </input_file>
      <input_file id="fl-16">
         <path>.\MultimodDrivers\src\</path>
         <kind>object</kind>
         <file>multimod_uart.obj</file>
         <name>multimod_uart.obj</name>
      </input_file>
      <input_file id="fl-17">
         <path>.\driverlib\</path>
         <kind>object</kind>
         <file>adc.obj</file>
         <name>adc.obj</name>
      </input_file>
      <input_file id="fl-18">
         <path>.\driverlib\</path>
         <kind>object</kind>
         <file>aes.obj</file>
         <name>aes.obj</name>
      </input_file>
      <input_file id="fl-19">
         <path>.\driverlib\</path>
         <kind>object</kind>
         <file>can.obj</file>
         <name>can.obj</name>
      </input_file>
      <input_file id="fl-1a">
         <path>.\driverlib\</path>
         <kind>object</kind>
         <file>comp.obj</file>
         <name>comp.obj</name>
      </input_file>
      <input_file id="fl-1b">
         <path>.\driverlib\</path>
         <kind>object</kind>
         <file>cpu.obj</file>
         <name>cpu.obj</name>
      </input_file>
      <input_file id="fl-1c">
         <path>.\driverlib\</path>
         <kind>object</kind>
         <file>crc.obj</file>
         <name>crc.obj</name>
      </input_file>
      <input_file id="fl-1d">
         <path>.\driverlib\</path>
         <kind>object</kind>
         <file>des.obj</file>
         <name>des.obj</name>
      </input_file>
      <input_file id="fl-1e">
         <path>.\driverlib\</path>
         <kind>object</kind>
         <file>eeprom.obj</file>
         <name>eeprom.obj</name>
      </input_file>
      <input_file id="fl-1f">
         <path>.\driverlib\</path>
         <kind>object</kind>
         <file>emac.obj</file>
         <name>emac.obj</name>
      </input_file>
      <input_file id="fl-20">
         <path>.\driverlib\</path>
         <kind>object</kind>
         <file>epi.obj</file>
         <name>epi.obj</name>
      </input_file>
      <input_file id="fl-21">
         <path>.\driverlib\</path>
         <kind>object</kind>
         <file>epi_workaround_ccs.obj</file>
         <name>epi_workaround_ccs.obj</name>
      </input_file>
      <input_file id="fl-22">
         <path>.\driverlib\</path>
         <kind>object</kind>
         <file>flash.obj</file>
         <name>flash.obj</name>
      </input_file>
      <input_file id="fl-23">
         <path>.\driverlib\</path>
         <kind>object</kind>
         <file>fpu.obj</file>
         <name>fpu.obj</name>
      </input_file>
      <input_file id="fl-24">
         <path>.\driverlib\</path>
         <kind>object</kind>
         <file>gpio.obj</file>
         <name>gpio.obj</name>
      </input_file>
      <input_file id="fl-25">
         <path>.\driverlib\</path>
         <kind>object</kind>
         <file>hibernate.obj</file>
         <name>hibernate.obj</name>
      </input_file>
      <input_file id="fl-26">
         <path>.\driverlib\</path>
         <kind>object</kind>
         <file>i2c.obj</file>
         <name>i2c.obj</name>
      </input_file>
      <input_file id="fl-27">
         <path>.\driverlib\</path>
         <kind>object</kind>
         <file>interrupt.obj</file>
         <name>interrupt.obj</name>
      </input_file>
      <input_file id="fl-28">
         <path>.\driverlib\</path>
         <kind>object</kind>
         <file>lcd.obj</file>
         <name>lcd.obj</name>
      </input_file>
      <input_file id="fl-29">
         <path>.\driverlib\</path>
         <kind>object</kind>
         <file>mpu.obj</file>
         <name>mpu.obj</name>
      </input_file>
      <input_file id="fl-2a">
         <path>.\driverlib\</path>
         <kind>object</kind>
         <file>onewire.obj</file>
         <name>onewire.obj</name>
      </input_file>
      <input_file id="fl-2b">
         <path>.\driverlib\</path>
         <kind>object</kind>
         <file>pwm.obj</file>
         <name>pwm.obj</name>
      </input_file>
      <input_file id="fl-2c">
         <path>.\driverlib\</path>
         <kind>object</kind>
         <file>qei.obj</file>
         <name>qei.obj</name>
      </input_file>
      <input_file id="fl-2d">
         <path>.\driverlib\</path>
         <kind>object</kind>
         <file>shamd5.obj</file>
         <name>shamd5.obj</name>
      </input_file>
      <input_file id="fl-2e">
         <path>.\driverlib\</path>
         <kind>object</kind>
         <file>ssi.obj</file>
         <name>ssi.obj</name>
      </input_file>
      <input_file id="fl-2f">
         <path>.\driverlib\</path>
         <kind>object</kind>
         <file>sw_crc.obj</file>
         <name>sw_crc.obj</name>
      </input_file>
      <input_file id="fl-30">
         <path>.\driverlib\</path>
         <kind>object</kind>
         <file>sysctl.obj</file>
         <name>sysctl.obj</name>
      </input_file>
      <input_file id="fl-31">
         <path>.\driverlib\</path>
         <kind>object</kind>
         <file>sysexc.obj</file>
         <name>sysexc.obj</name>
      </input_file>
      <input_file id="fl-32">
         <path>.\driverlib\</path>
         <kind>object</kind>
         <file>systick.obj</file>
         <name>systick.obj</name>
      </input_file>
      <input_file id="fl-33">
         <path>.\driverlib\</path>
         <kind>object</kind>
         <file>timer.obj</file>
         <name>timer.obj</name>
      </input_file>
      <input_file id="fl-34">
         <path>.\driverlib\</path>
         <kind>object</kind>
         <file>uart.obj</file>
         <name>uart.obj</name>
      </input_file>
      <input_file id="fl-35">
         <path>.\driverlib\</path>
         <kind>object</kind>
         <file>uartstdio.obj</file>
         <name>uartstdio.obj</name>
      </input_file>
      <input_file id="fl-36">
         <path>.\driverlib\</path>
         <kind>object</kind>
         <file>udma.obj</file>
         <name>udma.obj</name>
      </input_file>
      <input_file id="fl-37">
         <path>.\driverlib\</path>
         <kind>object</kind>
         <file>usb.obj</file>
         <name>usb.obj</name>
      </input_file>
      <input_file id="fl-38">
         <path>.\driverlib\</path>
         <kind>object</kind>
         <file>watchdog.obj</file>
         <name>watchdog.obj</name>
      </input_file>
      <input_file id="fl-40">
         <kind>object</kind>
         <file>&lt;internal&gt;</file>
         <name>&lt;internal&gt;</name>
      </input_file>
      <input_file id="fl-f6">
         <path>C:\ti\ccs1280\ccs\tools\compiler\ti-cgt-arm_20.2.7.LTS\lib\</path>
         <kind>archive</kind>
         <file>rtsv7M4_T_le_v4SPD16_eabi.lib</file>
         <name>fd_mul_t2.asm.obj</name>
      </input_file>
      <input_file id="fl-f7">
         <path>C:\ti\ccs1280\ccs\tools\compiler\ti-cgt-arm_20.2.7.LTS\lib\</path>
         <kind>archive</kind>
         <file>rtsv7M4_T_le_v4SPD16_eabi.lib</file>
         <name>fd_toi_t2.asm.obj</name>
      </input_file>
      <input_file id="fl-f8">
         <path>C:\ti\ccs1280\ccs\tools\compiler\ti-cgt-arm_20.2.7.LTS\lib\</path>
         <kind>archive</kind>
         <file>rtsv7M4_T_le_v4SPD16_eabi.lib</file>
         <name>i_tofd_t2.asm.obj</name>
      </input_file>
      <input_file id="fl-f9">
         <path>C:\ti\ccs1280\ccs\tools\compiler\ti-cgt-arm_20.2.7.LTS\lib\</path>
         <kind>archive</kind>
         <file>rtsv7M4_T_le_v4SPD16_eabi.lib</file>
         <name>memcpy_t2.asm.obj</name>
      </input_file>
      <input_file id="fl-fa">
         <path>C:\ti\ccs1280\ccs\tools\compiler\ti-cgt-arm_20.2.7.LTS\lib\</path>
         <kind>archive</kind>
         <file>rtsv7M4_T_le_v4SPD16_eabi.lib</file>
         <name>u_divt2.asm.obj</name>
      </input_file>
      <input_file id="fl-fb">
         <path>C:\ti\ccs1280\ccs\tools\compiler\ti-cgt-arm_20.2.7.LTS\lib\</path>
         <kind>archive</kind>
         <file>rtsv7M4_T_le_v4SPD16_eabi.lib</file>
         <name>copy_zero_init.c.obj</name>
      </input_file>
      <input_file id="fl-fc">
         <path>C:\ti\ccs1280\ccs\tools\compiler\ti-cgt-arm_20.2.7.LTS\lib\</path>
         <kind>archive</kind>
         <file>rtsv7M4_T_le_v4SPD16_eabi.lib</file>
         <name>copy_decompress_none.c.obj</name>
      </input_file>
      <input_file id="fl-fd">
         <path>C:\ti\ccs1280\ccs\tools\compiler\ti-cgt-arm_20.2.7.LTS\lib\</path>
         <kind>archive</kind>
         <file>rtsv7M4_T_le_v4SPD16_eabi.lib</file>
         <name>copy_decompress_lzss.c.obj</name>
      </input_file>
      <input_file id="fl-fe">
         <path>C:\ti\ccs1280\ccs\tools\compiler\ti-cgt-arm_20.2.7.LTS\lib\</path>
         <kind>archive</kind>
         <file>rtsv7M4_T_le_v4SPD16_eabi.lib</file>
         <name>rand.c.obj</name>
      </input_file>
      <input_file id="fl-ff">
         <path>C:\ti\ccs1280\ccs\tools\compiler\ti-cgt-arm_20.2.7.LTS\lib\</path>
         <kind>archive</kind>
         <file>rtsv7M4_T_le_v4SPD16_eabi.lib</file>
         <name>boot_cortex_m.c.obj</name>
      </input_file>
      <input_file id="fl-100">
         <path>C:\ti\ccs1280\ccs\tools\compiler\ti-cgt-arm_20.2.7.LTS\lib\</path>
         <kind>archive</kind>
         <file>rtsv7M4_T_le_v4SPD16_eabi.lib</file>
         <name>div0.asm.obj</name>
      </input_file>
      <input_file id="fl-101">
         <path>C:\ti\ccs1280\ccs\tools\compiler\ti-cgt-arm_20.2.7.LTS\lib\</path>
         <kind>archive</kind>
         <file>rtsv7M4_T_le_v4SPD16_eabi.lib</file>
         <name>memset_t2.asm.obj</name>
      </input_file>
      <input_file id="fl-102">
         <path>C:\ti\ccs1280\ccs\tools\compiler\ti-cgt-arm_20.2.7.LTS\lib\</path>
         <kind>archive</kind>
         <file>rtsv7M4_T_le_v4SPD16_eabi.lib</file>
         <name>autoinit.c.obj</name>
      </input_file>
      <input_file id="fl-103">
         <path>C:\ti\ccs1280\ccs\tools\compiler\ti-cgt-arm_20.2.7.LTS\lib\</path>
         <kind>archive</kind>
         <file>rtsv7M4_T_le_v4SPD16_eabi.lib</file>
         <name>pre_init.c.obj</name>
      </input_file>
      <input_file id="fl-104">
         <path>C:\ti\ccs1280\ccs\tools\compiler\ti-cgt-arm_20.2.7.LTS\lib\</path>
         <kind>archive</kind>
         <file>rtsv7M4_T_le_v4SPD16_eabi.lib</file>
         <name>cpy_tbl.c.obj</name>
      </input_file>
      <input_file id="fl-105">
         <path>C:\ti\ccs1280\ccs\tools\compiler\ti-cgt-arm_20.2.7.LTS\lib\</path>
         <kind>archive</kind>
         <file>rtsv7M4_T_le_v4SPD16_eabi.lib</file>
         <name>exit.c.obj</name>
      </input_file>
      <input_file id="fl-106">
         <path>C:\ti\ccs1280\ccs\tools\compiler\ti-cgt-arm_20.2.7.LTS\lib\</path>
         <kind>archive</kind>
         <file>rtsv7M4_T_le_v4SPD16_eabi.lib</file>
         <name>_lock.c.obj</name>
      </input_file>
      <input_file id="fl-107">
         <path>C:\ti\ccs1280\ccs\tools\compiler\ti-cgt-arm_20.2.7.LTS\lib\</path>
         <kind>archive</kind>
         <file>rtsv7M4_T_le_v4SPD16_eabi.lib</file>
         <name>args_main.c.obj</name>
      </input_file>
   </input_file_list>
   <object_component_list>
      <object_component id="oc-12">
         <name>.intvecs</name>
         <load_address>0x0</load_address>
         <run_address>0x0</run_address>
         <size>0x26c</size>
         <input_file_ref idref="fl-4"/>
      </object_component>
      <object_component id="oc-e7">
         <name>.text</name>
         <load_address>0x26c</load_address>
         <run_address>0x26c</run_address>
         <size>0xf80</size>
         <input_file_ref idref="fl-30"/>
      </object_component>
      <object_component id="oc-14a">
         <name>.text</name>
         <load_address>0x11ec</load_address>
         <run_address>0x11ec</run_address>
         <size>0xc14</size>
         <input_file_ref idref="fl-24"/>
      </object_component>
      <object_component id="oc-17a">
         <name>.text</name>
         <load_address>0x1e00</load_address>
         <run_address>0x1e00</run_address>
         <size>0x840</size>
         <input_file_ref idref="fl-17"/>
      </object_component>
      <object_component id="oc-c9">
         <name>.text</name>
         <load_address>0x2640</load_address>
         <run_address>0x2640</run_address>
         <size>0x740</size>
         <input_file_ref idref="fl-10"/>
      </object_component>
      <object_component id="oc-237">
         <name>.text</name>
         <load_address>0x2d80</load_address>
         <run_address>0x2d80</run_address>
         <size>0x6f8</size>
         <input_file_ref idref="fl-26"/>
      </object_component>
      <object_component id="oc-f3">
         <name>.text</name>
         <load_address>0x3478</load_address>
         <run_address>0x3478</run_address>
         <size>0x6ec</size>
         <input_file_ref idref="fl-7"/>
      </object_component>
      <object_component id="oc-f9">
         <name>.text</name>
         <load_address>0x3b64</load_address>
         <run_address>0x3b64</run_address>
         <size>0x6b4</size>
         <input_file_ref idref="fl-3"/>
      </object_component>
      <object_component id="oc-16c">
         <name>.text</name>
         <load_address>0x4218</load_address>
         <run_address>0x4218</run_address>
         <size>0x62e</size>
         <input_file_ref idref="fl-34"/>
      </object_component>
      <object_component id="oc-2c7">
         <name>.text:_nop</name>
         <load_address>0x4846</load_address>
         <run_address>0x4846</run_address>
         <size>0x2</size>
         <input_file_ref idref="fl-106"/>
      </object_component>
      <object_component id="oc-172">
         <name>.text</name>
         <load_address>0x4848</load_address>
         <run_address>0x4848</run_address>
         <size>0x4a8</size>
         <input_file_ref idref="fl-35"/>
      </object_component>
      <object_component id="oc-ed">
         <name>.text</name>
         <load_address>0x4cf0</load_address>
         <run_address>0x4cf0</run_address>
         <size>0x3c0</size>
         <input_file_ref idref="fl-27"/>
      </object_component>
      <object_component id="oc-22f">
         <name>.text</name>
         <load_address>0x50b0</load_address>
         <run_address>0x50b0</run_address>
         <size>0x362</size>
         <input_file_ref idref="fl-2e"/>
      </object_component>
      <object_component id="oc-316">
         <name>.text</name>
         <load_address>0x5412</load_address>
         <run_address>0x5412</run_address>
         <size>0x2</size>
         <input_file_ref idref="fl-100"/>
      </object_component>
      <object_component id="oc-158">
         <name>.text</name>
         <load_address>0x5414</load_address>
         <run_address>0x5414</run_address>
         <size>0x294</size>
         <input_file_ref idref="fl-13"/>
      </object_component>
      <object_component id="oc-150">
         <name>.text</name>
         <load_address>0x56a8</load_address>
         <run_address>0x56a8</run_address>
         <size>0x204</size>
         <input_file_ref idref="fl-15"/>
      </object_component>
      <object_component id="oc-1e6">
         <name>.text</name>
         <load_address>0x58ac</load_address>
         <run_address>0x58ac</run_address>
         <size>0x1b0</size>
         <input_file_ref idref="fl-6"/>
      </object_component>
      <object_component id="oc-15e">
         <name>.text</name>
         <load_address>0x5a5c</load_address>
         <run_address>0x5a5c</run_address>
         <size>0x148</size>
         <input_file_ref idref="fl-e"/>
      </object_component>
      <object_component id="oc-cf">
         <name>.text</name>
         <load_address>0x5ba4</load_address>
         <run_address>0x5ba4</run_address>
         <size>0x140</size>
         <input_file_ref idref="fl-f"/>
      </object_component>
      <object_component id="oc-e1">
         <name>.text</name>
         <load_address>0x5ce4</load_address>
         <run_address>0x5ce4</run_address>
         <size>0xf0</size>
         <input_file_ref idref="fl-14"/>
      </object_component>
      <object_component id="oc-1e0">
         <name>.text</name>
         <load_address>0x5dd4</load_address>
         <run_address>0x5dd4</run_address>
         <size>0xb0</size>
         <input_file_ref idref="fl-9"/>
      </object_component>
      <object_component id="oc-3b">
         <name>.text</name>
         <load_address>0x5e84</load_address>
         <run_address>0x5e84</run_address>
         <size>0x9c</size>
         <input_file_ref idref="fl-f9"/>
      </object_component>
      <object_component id="oc-1b2">
         <name>.text</name>
         <load_address>0x5f20</load_address>
         <run_address>0x5f20</run_address>
         <size>0x88</size>
         <input_file_ref idref="fl-32"/>
      </object_component>
      <object_component id="oc-8f">
         <name>.text</name>
         <load_address>0x5fa8</load_address>
         <run_address>0x5fa8</run_address>
         <size>0x7a</size>
         <input_file_ref idref="fl-101"/>
      </object_component>
      <object_component id="oc-15">
         <name>.text:decompress:lzss:__TI_decompress_lzss</name>
         <load_address>0x6022</load_address>
         <run_address>0x6022</run_address>
         <size>0x68</size>
         <input_file_ref idref="fl-fd"/>
      </object_component>
      <object_component id="oc-1b8">
         <name>.text</name>
         <load_address>0x608c</load_address>
         <run_address>0x608c</run_address>
         <size>0x60</size>
         <input_file_ref idref="fl-8"/>
      </object_component>
      <object_component id="oc-d5">
         <name>.text</name>
         <load_address>0x60ec</load_address>
         <run_address>0x60ec</run_address>
         <size>0x54</size>
         <input_file_ref idref="fl-16"/>
      </object_component>
      <object_component id="oc-9b">
         <name>.text</name>
         <load_address>0x6140</load_address>
         <run_address>0x6140</run_address>
         <size>0x50</size>
         <input_file_ref idref="fl-2"/>
      </object_component>
      <object_component id="oc-db">
         <name>.text</name>
         <load_address>0x6190</load_address>
         <run_address>0x6190</run_address>
         <size>0x4c</size>
         <input_file_ref idref="fl-12"/>
      </object_component>
      <object_component id="oc-10c">
         <name>.text:__TI_auto_init_nobinit_nopinit:__TI_auto_init_nobinit_nopinit</name>
         <load_address>0x61dc</load_address>
         <run_address>0x61dc</run_address>
         <size>0x44</size>
         <input_file_ref idref="fl-102"/>
      </object_component>
      <object_component id="oc-261">
         <name>.text</name>
         <load_address>0x6220</load_address>
         <run_address>0x6220</run_address>
         <size>0x40</size>
         <input_file_ref idref="fl-fa"/>
      </object_component>
      <object_component id="oc-185">
         <name>.text</name>
         <load_address>0x6260</load_address>
         <run_address>0x6260</run_address>
         <size>0x3e</size>
         <input_file_ref idref="fl-1b"/>
      </object_component>
      <object_component id="oc-59">
         <name>.text:_c_int00_noargs:_c_int00_noargs</name>
         <load_address>0x62a0</load_address>
         <run_address>0x62a0</run_address>
         <size>0x34</size>
         <input_file_ref idref="fl-ff"/>
      </object_component>
      <object_component id="oc-1ec">
         <name>.text:rand</name>
         <load_address>0x62d4</load_address>
         <run_address>0x62d4</run_address>
         <size>0x34</size>
         <input_file_ref idref="fl-fe"/>
      </object_component>
      <object_component id="oc-1c7">
         <name>.text</name>
         <load_address>0x6308</load_address>
         <run_address>0x6308</run_address>
         <size>0xe</size>
         <input_file_ref idref="fl-5"/>
      </object_component>
      <object_component id="oc-1b">
         <name>.text:decompress:none:__TI_decompress_none</name>
         <load_address>0x6316</load_address>
         <run_address>0x6316</run_address>
         <size>0xe</size>
         <input_file_ref idref="fl-fc"/>
      </object_component>
      <object_component id="oc-4d">
         <name>.text:decompress:ZI:__TI_zero_init</name>
         <load_address>0x6324</load_address>
         <run_address>0x6324</run_address>
         <size>0xc</size>
         <input_file_ref idref="fl-fb"/>
      </object_component>
      <object_component id="oc-27">
         <name>.text</name>
         <load_address>0x6330</load_address>
         <run_address>0x6330</run_address>
         <size>0xc</size>
         <input_file_ref idref="fl-4"/>
      </object_component>
      <object_component id="oc-156">
         <name>.text:SysCtlDelay</name>
         <load_address>0x633c</load_address>
         <run_address>0x633c</run_address>
         <size>0x6</size>
         <input_file_ref idref="fl-30"/>
      </object_component>
      <object_component id="oc-95">
         <name>.text:_system_pre_init</name>
         <load_address>0x6342</load_address>
         <run_address>0x6342</run_address>
         <size>0x4</size>
         <input_file_ref idref="fl-103"/>
      </object_component>
      <object_component id="oc-100">
         <name>.text:abort:abort</name>
         <load_address>0x6346</load_address>
         <run_address>0x6346</run_address>
         <size>0x4</size>
         <input_file_ref idref="fl-105"/>
      </object_component>
      <object_component id="oc-191">
         <name>.const:g_pppui32XTALtoVCO</name>
         <load_address>0x634c</load_address>
         <run_address>0x634c</run_address>
         <size>0x1b0</size>
         <input_file_ref idref="fl-30"/>
      </object_component>
      <object_component id="oc-227">
         <name>.const:g_ppui32GPIOIntMapSnowflake</name>
         <load_address>0x64fc</load_address>
         <run_address>0x64fc</run_address>
         <size>0xd8</size>
         <input_file_ref idref="fl-24"/>
      </object_component>
      <object_component id="oc-224">
         <name>.const:g_ppui32GPIOIntMapBlizzard</name>
         <load_address>0x65d4</load_address>
         <run_address>0x65d4</run_address>
         <size>0xc0</size>
         <input_file_ref idref="fl-24"/>
      </object_component>
      <object_component id="oc-1a1">
         <name>.const:g_pui32Regs</name>
         <load_address>0x6694</load_address>
         <run_address>0x6694</run_address>
         <size>0x9c</size>
         <input_file_ref idref="fl-27"/>
      </object_component>
      <object_component id="oc-22a">
         <name>.const:g_pui32GPIOBaseAddrs</name>
         <load_address>0x6730</load_address>
         <run_address>0x6730</run_address>
         <size>0x90</size>
         <input_file_ref idref="fl-24"/>
      </object_component>
      <object_component id="oc-1fa">
         <name>.const:PIECES</name>
         <load_address>0x67c0</load_address>
         <run_address>0x67c0</run_address>
         <size>0x70</size>
         <input_file_ref idref="fl-3"/>
      </object_component>
      <object_component id="oc-18b">
         <name>.const:g_pui32Xtals</name>
         <load_address>0x6830</load_address>
         <run_address>0x6830</run_address>
         <size>0x6c</size>
         <input_file_ref idref="fl-30"/>
      </object_component>
      <object_component id="oc-2fb">
         <name>.const:g_ppui32I2CIntMapSnowflake</name>
         <load_address>0x689c</load_address>
         <run_address>0x689c</run_address>
         <size>0x50</size>
         <input_file_ref idref="fl-26"/>
      </object_component>
      <object_component id="oc-250">
         <name>.const:g_ppui32UARTIntMap</name>
         <load_address>0x68ec</load_address>
         <run_address>0x68ec</run_address>
         <size>0x40</size>
         <input_file_ref idref="fl-34"/>
      </object_component>
      <object_component id="oc-253">
         <name>.const:g_ppui32UARTIntMapSnowflake</name>
         <load_address>0x692c</load_address>
         <run_address>0x692c</run_address>
         <size>0x40</size>
         <input_file_ref idref="fl-34"/>
      </object_component>
      <object_component id="oc-2f8">
         <name>.const:g_ppui32I2CIntMap</name>
         <load_address>0x696c</load_address>
         <run_address>0x696c</run_address>
         <size>0x30</size>
         <input_file_ref idref="fl-26"/>
      </object_component>
      <object_component id="oc-182">
         <name>.const:g_sXTALtoMEMTIM</name>
         <load_address>0x699c</load_address>
         <run_address>0x699c</run_address>
         <size>0x30</size>
         <input_file_ref idref="fl-30"/>
      </object_component>
      <object_component id="oc-2ee">
         <name>.const:g_ppui32SSIIntMap</name>
         <load_address>0x69cc</load_address>
         <run_address>0x69cc</run_address>
         <size>0x20</size>
         <input_file_ref idref="fl-2e"/>
      </object_component>
      <object_component id="oc-2f1">
         <name>.const:g_ppui32SSIIntMapSnowflake</name>
         <load_address>0x69ec</load_address>
         <run_address>0x69ec</run_address>
         <size>0x20</size>
         <input_file_ref idref="fl-2e"/>
      </object_component>
      <object_component id="oc-19e">
         <name>.const:g_pui32Priority</name>
         <load_address>0x6a0c</load_address>
         <run_address>0x6a0c</run_address>
         <size>0x20</size>
         <input_file_ref idref="fl-27"/>
      </object_component>
      <object_component id="oc-1a7">
         <name>.const:g_pui32Dii16Regs</name>
         <load_address>0x6a2c</load_address>
         <run_address>0x6a2c</run_address>
         <size>0x14</size>
         <input_file_ref idref="fl-27"/>
      </object_component>
      <object_component id="oc-1a4">
         <name>.const:g_pui32EnRegs</name>
         <load_address>0x6a40</load_address>
         <run_address>0x6a40</run_address>
         <size>0x14</size>
         <input_file_ref idref="fl-27"/>
      </object_component>
      <object_component id="oc-1aa">
         <name>.const:g_pui32PendRegs</name>
         <load_address>0x6a54</load_address>
         <run_address>0x6a54</run_address>
         <size>0x14</size>
         <input_file_ref idref="fl-27"/>
      </object_component>
      <object_component id="oc-1ad">
         <name>.const:g_pui32UnpendRegs</name>
         <load_address>0x6a68</load_address>
         <run_address>0x6a68</run_address>
         <size>0x14</size>
         <input_file_ref idref="fl-27"/>
      </object_component>
      <object_component id="oc-31c">
         <name>.const:.string</name>
         <load_address>0x6a7c</load_address>
         <run_address>0x6a7c</run_address>
         <size>0x12</size>
         <input_file_ref idref="fl-35"/>
      </object_component>
      <object_component id="oc-1fd">
         <name>.const:$P$T0$1</name>
         <load_address>0x6a8e</load_address>
         <run_address>0x6a8e</run_address>
         <size>0x10</size>
         <input_file_ref idref="fl-3"/>
      </object_component>
      <object_component id="oc-164">
         <name>.const:.string:$P$T0$1</name>
         <load_address>0x6a9e</load_address>
         <run_address>0x6a9e</run_address>
         <size>0x2</size>
         <input_file_ref idref="fl-f"/>
      </object_component>
      <object_component id="oc-25e">
         <name>.const:g_ui32UARTBase</name>
         <load_address>0x6aa0</load_address>
         <run_address>0x6aa0</run_address>
         <size>0xc</size>
         <input_file_ref idref="fl-35"/>
      </object_component>
      <object_component id="oc-258">
         <name>.const:g_ui32UARTPeriph</name>
         <load_address>0x6aac</load_address>
         <run_address>0x6aac</run_address>
         <size>0xc</size>
         <input_file_ref idref="fl-35"/>
      </object_component>
      <object_component id="oc-18e">
         <name>.const:g_pui32VCOFrequencies</name>
         <load_address>0x6ab8</load_address>
         <run_address>0x6ab8</run_address>
         <size>0x8</size>
         <input_file_ref idref="fl-30"/>
      </object_component>
      <object_component id="oc-266">
         <name>.const</name>
         <load_address>0x6ac0</load_address>
         <run_address>0x6ac0</run_address>
         <size>0x4</size>
         <input_file_ref idref="fl-35"/>
      </object_component>
      <object_component id="oc-23f">
         <name>.const:.string:$P$T0$1</name>
         <load_address>0x6ac4</load_address>
         <run_address>0x6ac4</run_address>
         <size>0x3</size>
         <input_file_ref idref="fl-e"/>
      </object_component>
      <object_component id="oc-242">
         <name>.const:.string:$P$T1$2</name>
         <load_address>0x6ac7</load_address>
         <run_address>0x6ac7</run_address>
         <size>0x3</size>
         <input_file_ref idref="fl-e"/>
      </object_component>
      <object_component id="oc-245">
         <name>.const:.string:$P$T2$3</name>
         <load_address>0x6aca</load_address>
         <run_address>0x6aca</run_address>
         <size>0x3</size>
         <input_file_ref idref="fl-e"/>
      </object_component>
      <object_component id="oc-167">
         <name>.const:.string:$P$T1$2</name>
         <load_address>0x6acd</load_address>
         <run_address>0x6acd</run_address>
         <size>0x2</size>
         <input_file_ref idref="fl-f"/>
      </object_component>
      <object_component id="oc-37b">
         <name>.cinit..data.load</name>
         <load_address>0x6ad0</load_address>
         <run_address>0x6ad0</run_address>
         <size>0x13</size>
      </object_component>
      <object_component id="oc-378">
         <name>__TI_handler_table</name>
         <load_address>0x6ae4</load_address>
         <run_address>0x6ae4</run_address>
         <size>0xc</size>
      </object_component>
      <object_component id="oc-37c">
         <name>.cinit..bss.load</name>
         <load_address>0x6af0</load_address>
         <run_address>0x6af0</run_address>
         <size>0x8</size>
      </object_component>
      <object_component id="oc-37a">
         <name>.cinit..vtable.load</name>
         <load_address>0x6af8</load_address>
         <run_address>0x6af8</run_address>
         <size>0x8</size>
      </object_component>
      <object_component id="oc-379">
         <name>__TI_cinit_table</name>
         <load_address>0x6b00</load_address>
         <run_address>0x6b00</run_address>
         <size>0x18</size>
      </object_component>
      <object_component id="oc-19b">
         <name>.vtable</name>
         <uninitialized>true</uninitialized>
         <run_address>0x20000000</run_address>
         <size>0x26c</size>
         <input_file_ref idref="fl-27"/>
      </object_component>
      <object_component id="oc-200">
         <name>.data</name>
         <load_address>0x20002008</load_address>
         <run_address>0x20002008</run_address>
         <size>0x4</size>
         <input_file_ref idref="fl-3"/>
      </object_component>
      <object_component id="oc-1d4">
         <name>.data</name>
         <load_address>0x20002000</load_address>
         <run_address>0x20002000</run_address>
         <size>0x4</size>
         <input_file_ref idref="fl-7"/>
      </object_component>
      <object_component id="oc-25b">
         <name>.data</name>
         <load_address>0x20001ff8</load_address>
         <run_address>0x20001ff8</run_address>
         <size>0x5</size>
         <input_file_ref idref="fl-35"/>
      </object_component>
      <object_component id="oc-2b4">
         <name>.data</name>
         <load_address>0x20002004</load_address>
         <run_address>0x20002004</run_address>
         <size>0x4</size>
         <input_file_ref idref="fl-fe"/>
      </object_component>
      <object_component id="oc-208">
         <name>.data:$O1$$</name>
         <load_address>0x20001ff0</load_address>
         <run_address>0x20001ff0</run_address>
         <size>0x8</size>
         <input_file_ref idref="fl-106"/>
      </object_component>
      <object_component id="oc-1f7">
         <name>.bss:gameState</name>
         <uninitialized>true</uninitialized>
         <run_address>0x20001cc4</run_address>
         <size>0xb0</size>
         <input_file_ref idref="fl-3"/>
      </object_component>
      <object_component id="oc-2b0">
         <name>.bss:FIFOs</name>
         <uninitialized>true</uninitialized>
         <run_address>0x20001a6c</run_address>
         <size>0x150</size>
         <input_file_ref idref="fl-6"/>
      </object_component>
      <object_component id="oc-1cc">
         <name>.bss:threadControlBlocks</name>
         <uninitialized>true</uninitialized>
         <run_address>0x20001bbc</run_address>
         <size>0x108</size>
         <input_file_ref idref="fl-7"/>
      </object_component>
      <object_component id="oc-1d7">
         <name>.bss:threadStacks</name>
         <uninitialized>true</uninitialized>
         <run_address>0x2000026c</run_address>
         <size>0x1800</size>
         <input_file_ref idref="fl-7"/>
      </object_component>
      <object_component id="oc-1c4">
         <name>.bss:pthreadControlBlocks</name>
         <uninitialized>true</uninitialized>
         <run_address>0x20001d74</run_address>
         <size>0x48</size>
         <input_file_ref idref="fl-7"/>
      </object_component>
      <object_component id="oc-1c1">
         <name>.bss</name>
         <uninitialized>true</uninitialized>
         <run_address>0x20001dbc</run_address>
         <size>0x8</size>
         <input_file_ref idref="fl-7"/>
      </object_component>
      <object_component id="oc-270">
         <name>.bss:g_pui8OversampleFactor</name>
         <uninitialized>true</uninitialized>
         <run_address>0x20001dc4</run_address>
         <size>0x8</size>
         <input_file_ref idref="fl-17"/>
      </object_component>
      <object_component id="oc-1cf">
         <name>.common:IBit_State</name>
         <uninitialized>true</uninitialized>
         <run_address>0x20001dd0</run_address>
         <size>0x4</size>
      </object_component>
      <object_component id="oc-1f3">
         <name>.common:sem_I2CA</name>
         <uninitialized>true</uninitialized>
         <run_address>0x20001ddc</run_address>
         <size>0x4</size>
      </object_component>
      <object_component id="oc-1f4">
         <name>.common:sem_SPIA</name>
         <uninitialized>true</uninitialized>
         <run_address>0x20001de8</run_address>
         <size>0x4</size>
      </object_component>
      <object_component id="oc-1f5">
         <name>.common:sem_PCA9555_Debounce</name>
         <uninitialized>true</uninitialized>
         <run_address>0x20001de4</run_address>
         <size>0x4</size>
      </object_component>
      <object_component id="oc-1f6">
         <name>.common:sem_Joystick_Debounce</name>
         <uninitialized>true</uninitialized>
         <run_address>0x20001de0</run_address>
         <size>0x4</size>
      </object_component>
      <object_component id="oc-1f2">
         <name>.common:sem_GameState</name>
         <uninitialized>true</uninitialized>
         <run_address>0x20001dd8</run_address>
         <size>0x4</size>
      </object_component>
      <object_component id="oc-1bd">
         <name>.common:SystemTime</name>
         <uninitialized>true</uninitialized>
         <run_address>0x20001dd4</run_address>
         <size>0x4</size>
      </object_component>
      <object_component id="oc-1c0">
         <name>.common:CurrentlyRunningThread</name>
         <uninitialized>true</uninitialized>
         <run_address>0x20001dcc</run_address>
         <size>0x4</size>
      </object_component>
      <object_component id="oc-24">
         <name>.stack</name>
         <uninitialized>true</uninitialized>
         <run_address>0x20001df0</run_address>
         <size>0x4</size>
         <input_file_ref idref="fl-ff"/>
      </object_component>
      <object_component id="oc-37e">
         <name>.stack</name>
         <uninitialized>true</uninitialized>
         <run_address>0x20001df0</run_address>
         <size>0x0</size>
      </object_component>
      <object_component id="oc-b7">
         <name>.debug_info</name>
         <load_address>0x0</load_address>
         <run_address>0x0</run_address>
         <size>0x596</size>
         <input_file_ref idref="fl-2"/>
      </object_component>
      <object_component id="oc-9d">
         <name>.debug_info</name>
         <load_address>0x596</load_address>
         <run_address>0x596</run_address>
         <size>0x27a</size>
         <input_file_ref idref="fl-2"/>
      </object_component>
      <object_component id="oc-1db">
         <name>.debug_info</name>
         <load_address>0x810</load_address>
         <run_address>0x810</run_address>
         <size>0x7e</size>
         <input_file_ref idref="fl-2"/>
      </object_component>
      <object_component id="oc-70">
         <name>.debug_info</name>
         <load_address>0x88e</load_address>
         <run_address>0x88e</run_address>
         <size>0x26b</size>
         <input_file_ref idref="fl-2"/>
      </object_component>
      <object_component id="oc-2ba">
         <name>.debug_info</name>
         <load_address>0xaf9</load_address>
         <run_address>0xaf9</run_address>
         <size>0xb3</size>
         <input_file_ref idref="fl-2"/>
      </object_component>
      <object_component id="oc-b2">
         <name>.debug_info</name>
         <load_address>0xbac</load_address>
         <run_address>0xbac</run_address>
         <size>0x8b</size>
         <input_file_ref idref="fl-2"/>
      </object_component>
      <object_component id="oc-ad">
         <name>.debug_info</name>
         <load_address>0xc37</load_address>
         <run_address>0xc37</run_address>
         <size>0x2a4</size>
         <input_file_ref idref="fl-2"/>
      </object_component>
      <object_component id="oc-195">
         <name>.debug_info</name>
         <load_address>0xedb</load_address>
         <run_address>0xedb</run_address>
         <size>0xef</size>
         <input_file_ref idref="fl-2"/>
      </object_component>
      <object_component id="oc-75">
         <name>.debug_info</name>
         <load_address>0xfca</load_address>
         <run_address>0xfca</run_address>
         <size>0xbb</size>
         <input_file_ref idref="fl-2"/>
      </object_component>
      <object_component id="oc-140">
         <name>.debug_info</name>
         <load_address>0x1085</load_address>
         <run_address>0x1085</run_address>
         <size>0x2c</size>
         <input_file_ref idref="fl-2"/>
      </object_component>
      <object_component id="oc-145">
         <name>.debug_info</name>
         <load_address>0x10b1</load_address>
         <run_address>0x10b1</run_address>
         <size>0x1a2</size>
         <input_file_ref idref="fl-2"/>
      </object_component>
      <object_component id="oc-26b">
         <name>.debug_info</name>
         <load_address>0x1253</load_address>
         <run_address>0x1253</run_address>
         <size>0x2c</size>
         <input_file_ref idref="fl-2"/>
      </object_component>
      <object_component id="oc-1d0">
         <name>.debug_info</name>
         <load_address>0x127f</load_address>
         <run_address>0x127f</run_address>
         <size>0x74b</size>
         <input_file_ref idref="fl-3"/>
      </object_component>
      <object_component id="oc-1fb">
         <name>.debug_info</name>
         <load_address>0x19ca</load_address>
         <run_address>0x19ca</run_address>
         <size>0xb2</size>
         <input_file_ref idref="fl-3"/>
      </object_component>
      <object_component id="oc-1f8">
         <name>.debug_info</name>
         <load_address>0x1a7c</load_address>
         <run_address>0x1a7c</run_address>
         <size>0xb8</size>
         <input_file_ref idref="fl-3"/>
      </object_component>
      <object_component id="oc-201">
         <name>.debug_info</name>
         <load_address>0x1b34</load_address>
         <run_address>0x1b34</run_address>
         <size>0xb9</size>
         <input_file_ref idref="fl-3"/>
      </object_component>
      <object_component id="oc-1fe">
         <name>.debug_info</name>
         <load_address>0x1bed</load_address>
         <run_address>0x1bed</run_address>
         <size>0xb4</size>
         <input_file_ref idref="fl-3"/>
      </object_component>
      <object_component id="oc-fa">
         <name>.debug_info</name>
         <load_address>0x1ca1</load_address>
         <run_address>0x1ca1</run_address>
         <size>0xe4c</size>
         <input_file_ref idref="fl-3"/>
      </object_component>
      <object_component id="oc-2a4">
         <name>.debug_info</name>
         <load_address>0x2aed</load_address>
         <run_address>0x2aed</run_address>
         <size>0x35</size>
         <input_file_ref idref="fl-3"/>
      </object_component>
      <object_component id="oc-2f">
         <name>.debug_info</name>
         <load_address>0x2b22</load_address>
         <run_address>0x2b22</run_address>
         <size>0x291</size>
         <input_file_ref idref="fl-4"/>
      </object_component>
      <object_component id="oc-13">
         <name>.debug_info</name>
         <load_address>0x2db3</load_address>
         <run_address>0x2db3</run_address>
         <size>0xd0</size>
         <input_file_ref idref="fl-4"/>
      </object_component>
      <object_component id="oc-28">
         <name>.debug_info</name>
         <load_address>0x2e83</load_address>
         <run_address>0x2e83</run_address>
         <size>0x24c</size>
         <input_file_ref idref="fl-4"/>
      </object_component>
      <object_component id="oc-36">
         <name>.debug_info</name>
         <load_address>0x30cf</load_address>
         <run_address>0x30cf</run_address>
         <size>0x84</size>
         <input_file_ref idref="fl-4"/>
      </object_component>
      <object_component id="oc-1c8">
         <name>.debug_info</name>
         <load_address>0x3153</load_address>
         <run_address>0x3153</run_address>
         <size>0x130</size>
         <input_file_ref idref="fl-5"/>
      </object_component>
      <object_component id="oc-329">
         <name>.debug_info</name>
         <load_address>0x3283</load_address>
         <run_address>0x3283</run_address>
         <size>0x330</size>
         <input_file_ref idref="fl-6"/>
      </object_component>
      <object_component id="oc-2b1">
         <name>.debug_info</name>
         <load_address>0x35b3</load_address>
         <run_address>0x35b3</run_address>
         <size>0xbe</size>
         <input_file_ref idref="fl-6"/>
      </object_component>
      <object_component id="oc-1e7">
         <name>.debug_info</name>
         <load_address>0x3671</load_address>
         <run_address>0x3671</run_address>
         <size>0x3ad</size>
         <input_file_ref idref="fl-6"/>
      </object_component>
      <object_component id="oc-34a">
         <name>.debug_info</name>
         <load_address>0x3a1e</load_address>
         <run_address>0x3a1e</run_address>
         <size>0xb2</size>
         <input_file_ref idref="fl-6"/>
      </object_component>
      <object_component id="oc-1be">
         <name>.debug_info</name>
         <load_address>0x3ad0</load_address>
         <run_address>0x3ad0</run_address>
         <size>0x561</size>
         <input_file_ref idref="fl-7"/>
      </object_component>
      <object_component id="oc-1cd">
         <name>.debug_info</name>
         <load_address>0x4031</load_address>
         <run_address>0x4031</run_address>
         <size>0xe0</size>
         <input_file_ref idref="fl-7"/>
      </object_component>
      <object_component id="oc-1d8">
         <name>.debug_info</name>
         <load_address>0x4111</load_address>
         <run_address>0x4111</run_address>
         <size>0xd2</size>
         <input_file_ref idref="fl-7"/>
      </object_component>
      <object_component id="oc-1c5">
         <name>.debug_info</name>
         <load_address>0x41e3</load_address>
         <run_address>0x41e3</run_address>
         <size>0xe2</size>
         <input_file_ref idref="fl-7"/>
      </object_component>
      <object_component id="oc-1c2">
         <name>.debug_info</name>
         <load_address>0x42c5</load_address>
         <run_address>0x42c5</run_address>
         <size>0x108</size>
         <input_file_ref idref="fl-7"/>
      </object_component>
      <object_component id="oc-1d5">
         <name>.debug_info</name>
         <load_address>0x43cd</load_address>
         <run_address>0x43cd</run_address>
         <size>0xd4</size>
         <input_file_ref idref="fl-7"/>
      </object_component>
      <object_component id="oc-f4">
         <name>.debug_info</name>
         <load_address>0x44a1</load_address>
         <run_address>0x44a1</run_address>
         <size>0xde0</size>
         <input_file_ref idref="fl-7"/>
      </object_component>
      <object_component id="oc-1b9">
         <name>.debug_info</name>
         <load_address>0x5281</load_address>
         <run_address>0x5281</run_address>
         <size>0x12c</size>
         <input_file_ref idref="fl-8"/>
      </object_component>
      <object_component id="oc-1d2">
         <name>.debug_info</name>
         <load_address>0x53ad</load_address>
         <run_address>0x53ad</run_address>
         <size>0x352</size>
         <input_file_ref idref="fl-9"/>
      </object_component>
      <object_component id="oc-1e1">
         <name>.debug_info</name>
         <load_address>0x56ff</load_address>
         <run_address>0x56ff</run_address>
         <size>0x3c3</size>
         <input_file_ref idref="fl-9"/>
      </object_component>
      <object_component id="oc-249">
         <name>.debug_info</name>
         <load_address>0x5ac2</load_address>
         <run_address>0x5ac2</run_address>
         <size>0x352</size>
         <input_file_ref idref="fl-e"/>
      </object_component>
      <object_component id="oc-240">
         <name>.debug_info</name>
         <load_address>0x5e14</load_address>
         <run_address>0x5e14</run_address>
         <size>0xd1</size>
         <input_file_ref idref="fl-e"/>
      </object_component>
      <object_component id="oc-243">
         <name>.debug_info</name>
         <load_address>0x5ee5</load_address>
         <run_address>0x5ee5</run_address>
         <size>0xd1</size>
         <input_file_ref idref="fl-e"/>
      </object_component>
      <object_component id="oc-246">
         <name>.debug_info</name>
         <load_address>0x5fb6</load_address>
         <run_address>0x5fb6</run_address>
         <size>0xd1</size>
         <input_file_ref idref="fl-e"/>
      </object_component>
      <object_component id="oc-15f">
         <name>.debug_info</name>
         <load_address>0x6087</load_address>
         <run_address>0x6087</run_address>
         <size>0x6a8</size>
         <input_file_ref idref="fl-e"/>
      </object_component>
      <object_component id="oc-16b">
         <name>.debug_info</name>
         <load_address>0x672f</load_address>
         <run_address>0x672f</run_address>
         <size>0x4b6</size>
         <input_file_ref idref="fl-f"/>
      </object_component>
      <object_component id="oc-165">
         <name>.debug_info</name>
         <load_address>0x6be5</load_address>
         <run_address>0x6be5</run_address>
         <size>0xd2</size>
         <input_file_ref idref="fl-f"/>
      </object_component>
      <object_component id="oc-168">
         <name>.debug_info</name>
         <load_address>0x6cb7</load_address>
         <run_address>0x6cb7</run_address>
         <size>0xd2</size>
         <input_file_ref idref="fl-f"/>
      </object_component>
      <object_component id="oc-d0">
         <name>.debug_info</name>
         <load_address>0x6d89</load_address>
         <run_address>0x6d89</run_address>
         <size>0x733</size>
         <input_file_ref idref="fl-f"/>
      </object_component>
      <object_component id="oc-ca">
         <name>.debug_info</name>
         <load_address>0x74bc</load_address>
         <run_address>0x74bc</run_address>
         <size>0x174d</size>
         <input_file_ref idref="fl-10"/>
      </object_component>
      <object_component id="oc-dc">
         <name>.debug_info</name>
         <load_address>0x8c09</load_address>
         <run_address>0x8c09</run_address>
         <size>0x28e</size>
         <input_file_ref idref="fl-12"/>
      </object_component>
      <object_component id="oc-23e">
         <name>.debug_info</name>
         <load_address>0x8e97</load_address>
         <run_address>0x8e97</run_address>
         <size>0x4f2</size>
         <input_file_ref idref="fl-13"/>
      </object_component>
      <object_component id="oc-159">
         <name>.debug_info</name>
         <load_address>0x9389</load_address>
         <run_address>0x9389</run_address>
         <size>0x9f4</size>
         <input_file_ref idref="fl-13"/>
      </object_component>
      <object_component id="oc-181">
         <name>.debug_info</name>
         <load_address>0x9d7d</load_address>
         <run_address>0x9d7d</run_address>
         <size>0x5be</size>
         <input_file_ref idref="fl-14"/>
      </object_component>
      <object_component id="oc-e2">
         <name>.debug_info</name>
         <load_address>0xa33b</load_address>
         <run_address>0xa33b</run_address>
         <size>0x651</size>
         <input_file_ref idref="fl-14"/>
      </object_component>
      <object_component id="oc-236">
         <name>.debug_info</name>
         <load_address>0xa98c</load_address>
         <run_address>0xa98c</run_address>
         <size>0x47a</size>
         <input_file_ref idref="fl-15"/>
      </object_component>
      <object_component id="oc-151">
         <name>.debug_info</name>
         <load_address>0xae06</load_address>
         <run_address>0xae06</run_address>
         <size>0x7c9</size>
         <input_file_ref idref="fl-15"/>
      </object_component>
      <object_component id="oc-d9">
         <name>.debug_info</name>
         <load_address>0xb5cf</load_address>
         <run_address>0xb5cf</run_address>
         <size>0x2a4</size>
         <input_file_ref idref="fl-16"/>
      </object_component>
      <object_component id="oc-274">
         <name>.debug_info</name>
         <load_address>0xb873</load_address>
         <run_address>0xb873</run_address>
         <size>0x317</size>
         <input_file_ref idref="fl-17"/>
      </object_component>
      <object_component id="oc-271">
         <name>.debug_info</name>
         <load_address>0xbb8a</load_address>
         <run_address>0xbb8a</run_address>
         <size>0xd8</size>
         <input_file_ref idref="fl-17"/>
      </object_component>
      <object_component id="oc-17b">
         <name>.debug_info</name>
         <load_address>0xbc62</load_address>
         <run_address>0xbc62</run_address>
         <size>0x2b2c</size>
         <input_file_ref idref="fl-17"/>
      </object_component>
      <object_component id="oc-189">
         <name>.debug_info</name>
         <load_address>0xe78e</load_address>
         <run_address>0xe78e</run_address>
         <size>0x31d</size>
         <input_file_ref idref="fl-1b"/>
      </object_component>
      <object_component id="oc-22e">
         <name>.debug_info</name>
         <load_address>0xeaab</load_address>
         <run_address>0xeaab</run_address>
         <size>0x341</size>
         <input_file_ref idref="fl-24"/>
      </object_component>
      <object_component id="oc-225">
         <name>.debug_info</name>
         <load_address>0xedec</load_address>
         <run_address>0xedec</run_address>
         <size>0xe1</size>
         <input_file_ref idref="fl-24"/>
      </object_component>
      <object_component id="oc-228">
         <name>.debug_info</name>
         <load_address>0xeecd</load_address>
         <run_address>0xeecd</run_address>
         <size>0xe3</size>
         <input_file_ref idref="fl-24"/>
      </object_component>
      <object_component id="oc-22b">
         <name>.debug_info</name>
         <load_address>0xefb0</load_address>
         <run_address>0xefb0</run_address>
         <size>0xd5</size>
         <input_file_ref idref="fl-24"/>
      </object_component>
      <object_component id="oc-14e">
         <name>.debug_info</name>
         <load_address>0xf085</load_address>
         <run_address>0xf085</run_address>
         <size>0x31ca</size>
         <input_file_ref idref="fl-24"/>
      </object_component>
      <object_component id="oc-2ff">
         <name>.debug_info</name>
         <load_address>0x1224f</load_address>
         <run_address>0x1224f</run_address>
         <size>0x332</size>
         <input_file_ref idref="fl-26"/>
      </object_component>
      <object_component id="oc-2f9">
         <name>.debug_info</name>
         <load_address>0x12581</load_address>
         <run_address>0x12581</run_address>
         <size>0xce</size>
         <input_file_ref idref="fl-26"/>
      </object_component>
      <object_component id="oc-2fc">
         <name>.debug_info</name>
         <load_address>0x1264f</load_address>
         <run_address>0x1264f</run_address>
         <size>0xe0</size>
         <input_file_ref idref="fl-26"/>
      </object_component>
      <object_component id="oc-23a">
         <name>.debug_info</name>
         <load_address>0x1272f</load_address>
         <run_address>0x1272f</run_address>
         <size>0x2b3a</size>
         <input_file_ref idref="fl-26"/>
      </object_component>
      <object_component id="oc-1b1">
         <name>.debug_info</name>
         <load_address>0x15269</load_address>
         <run_address>0x15269</run_address>
         <size>0x31e</size>
         <input_file_ref idref="fl-27"/>
      </object_component>
      <object_component id="oc-19f">
         <name>.debug_info</name>
         <load_address>0x15587</load_address>
         <run_address>0x15587</run_address>
         <size>0xd0</size>
         <input_file_ref idref="fl-27"/>
      </object_component>
      <object_component id="oc-1a2">
         <name>.debug_info</name>
         <load_address>0x15657</load_address>
         <run_address>0x15657</run_address>
         <size>0xc8</size>
         <input_file_ref idref="fl-27"/>
      </object_component>
      <object_component id="oc-1a5">
         <name>.debug_info</name>
         <load_address>0x1571f</load_address>
         <run_address>0x1571f</run_address>
         <size>0xcc</size>
         <input_file_ref idref="fl-27"/>
      </object_component>
      <object_component id="oc-1a8">
         <name>.debug_info</name>
         <load_address>0x157eb</load_address>
         <run_address>0x157eb</run_address>
         <size>0xd2</size>
         <input_file_ref idref="fl-27"/>
      </object_component>
      <object_component id="oc-1ab">
         <name>.debug_info</name>
         <load_address>0x158bd</load_address>
         <run_address>0x158bd</run_address>
         <size>0xd0</size>
         <input_file_ref idref="fl-27"/>
      </object_component>
      <object_component id="oc-1ae">
         <name>.debug_info</name>
         <load_address>0x1598d</load_address>
         <run_address>0x1598d</run_address>
         <size>0xd4</size>
         <input_file_ref idref="fl-27"/>
      </object_component>
      <object_component id="oc-19c">
         <name>.debug_info</name>
         <load_address>0x15a61</load_address>
         <run_address>0x15a61</run_address>
         <size>0xd1</size>
         <input_file_ref idref="fl-27"/>
      </object_component>
      <object_component id="oc-ee">
         <name>.debug_info</name>
         <load_address>0x15b32</load_address>
         <run_address>0x15b32</run_address>
         <size>0xcd1</size>
         <input_file_ref idref="fl-27"/>
      </object_component>
      <object_component id="oc-2f5">
         <name>.debug_info</name>
         <load_address>0x16803</load_address>
         <run_address>0x16803</run_address>
         <size>0x322</size>
         <input_file_ref idref="fl-2e"/>
      </object_component>
      <object_component id="oc-2ef">
         <name>.debug_info</name>
         <load_address>0x16b25</load_address>
         <run_address>0x16b25</run_address>
         <size>0xce</size>
         <input_file_ref idref="fl-2e"/>
      </object_component>
      <object_component id="oc-2f2">
         <name>.debug_info</name>
         <load_address>0x16bf3</load_address>
         <run_address>0x16bf3</run_address>
         <size>0xe0</size>
         <input_file_ref idref="fl-2e"/>
      </object_component>
      <object_component id="oc-232">
         <name>.debug_info</name>
         <load_address>0x16cd3</load_address>
         <run_address>0x16cd3</run_address>
         <size>0x1649</size>
         <input_file_ref idref="fl-2e"/>
      </object_component>
      <object_component id="oc-19a">
         <name>.debug_info</name>
         <load_address>0x1831c</load_address>
         <run_address>0x1831c</run_address>
         <size>0x3a3</size>
         <input_file_ref idref="fl-30"/>
      </object_component>
      <object_component id="oc-18c">
         <name>.debug_info</name>
         <load_address>0x186bf</load_address>
         <run_address>0x186bf</run_address>
         <size>0xc7</size>
         <input_file_ref idref="fl-30"/>
      </object_component>
      <object_component id="oc-192">
         <name>.debug_info</name>
         <load_address>0x18786</load_address>
         <run_address>0x18786</run_address>
         <size>0xd3</size>
         <input_file_ref idref="fl-30"/>
      </object_component>
      <object_component id="oc-183">
         <name>.debug_info</name>
         <load_address>0x18859</load_address>
         <run_address>0x18859</run_address>
         <size>0xcd</size>
         <input_file_ref idref="fl-30"/>
      </object_component>
      <object_component id="oc-18f">
         <name>.debug_info</name>
         <load_address>0x18926</load_address>
         <run_address>0x18926</run_address>
         <size>0xda</size>
         <input_file_ref idref="fl-30"/>
      </object_component>
      <object_component id="oc-e9">
         <name>.debug_info</name>
         <load_address>0x18a00</load_address>
         <run_address>0x18a00</run_address>
         <size>0x2b17</size>
         <input_file_ref idref="fl-30"/>
      </object_component>
      <object_component id="oc-282">
         <name>.debug_info</name>
         <load_address>0x1b517</load_address>
         <run_address>0x1b517</run_address>
         <size>0x51</size>
         <input_file_ref idref="fl-30"/>
      </object_component>
      <object_component id="oc-297">
         <name>.debug_info</name>
         <load_address>0x1b568</load_address>
         <run_address>0x1b568</run_address>
         <size>0x2ad</size>
         <input_file_ref idref="fl-32"/>
      </object_component>
      <object_component id="oc-1b3">
         <name>.debug_info</name>
         <load_address>0x1b815</load_address>
         <run_address>0x1b815</run_address>
         <size>0x526</size>
         <input_file_ref idref="fl-32"/>
      </object_component>
      <object_component id="oc-257">
         <name>.debug_info</name>
         <load_address>0x1bd3b</load_address>
         <run_address>0x1bd3b</run_address>
         <size>0x323</size>
         <input_file_ref idref="fl-34"/>
      </object_component>
      <object_component id="oc-251">
         <name>.debug_info</name>
         <load_address>0x1c05e</load_address>
         <run_address>0x1c05e</run_address>
         <size>0xd1</size>
         <input_file_ref idref="fl-34"/>
      </object_component>
      <object_component id="oc-254">
         <name>.debug_info</name>
         <load_address>0x1c12f</load_address>
         <run_address>0x1c12f</run_address>
         <size>0xe3</size>
         <input_file_ref idref="fl-34"/>
      </object_component>
      <object_component id="oc-16d">
         <name>.debug_info</name>
         <load_address>0x1c212</load_address>
         <run_address>0x1c212</run_address>
         <size>0x26e3</size>
         <input_file_ref idref="fl-34"/>
      </object_component>
      <object_component id="oc-26a">
         <name>.debug_info</name>
         <load_address>0x1e8f5</load_address>
         <run_address>0x1e8f5</run_address>
         <size>0x3cf</size>
         <input_file_ref idref="fl-35"/>
      </object_component>
      <object_component id="oc-25c">
         <name>.debug_info</name>
         <load_address>0x1ecc4</load_address>
         <run_address>0x1ecc4</run_address>
         <size>0xc6</size>
         <input_file_ref idref="fl-35"/>
      </object_component>
      <object_component id="oc-267">
         <name>.debug_info</name>
         <load_address>0x1ed8a</load_address>
         <run_address>0x1ed8a</run_address>
         <size>0xc0</size>
         <input_file_ref idref="fl-35"/>
      </object_component>
      <object_component id="oc-25f">
         <name>.debug_info</name>
         <load_address>0x1ee4a</load_address>
         <run_address>0x1ee4a</run_address>
         <size>0xce</size>
         <input_file_ref idref="fl-35"/>
      </object_component>
      <object_component id="oc-259">
         <name>.debug_info</name>
         <load_address>0x1ef18</load_address>
         <run_address>0x1ef18</run_address>
         <size>0xd2</size>
         <input_file_ref idref="fl-35"/>
      </object_component>
      <object_component id="oc-176">
         <name>.debug_info</name>
         <load_address>0x1efea</load_address>
         <run_address>0x1efea</run_address>
         <size>0x7e7</size>
         <input_file_ref idref="fl-35"/>
      </object_component>
      <object_component id="oc-3d">
         <name>.debug_info</name>
         <load_address>0x1f7d1</load_address>
         <run_address>0x1f7d1</run_address>
         <size>0x119</size>
         <input_file_ref idref="fl-f9"/>
      </object_component>
      <object_component id="oc-262">
         <name>.debug_info</name>
         <load_address>0x1f8ea</load_address>
         <run_address>0x1f8ea</run_address>
         <size>0x142</size>
         <input_file_ref idref="fl-fa"/>
      </object_component>
      <object_component id="oc-8e">
         <name>.debug_info</name>
         <load_address>0x1fa2c</load_address>
         <run_address>0x1fa2c</run_address>
         <size>0x2d4</size>
         <input_file_ref idref="fl-fb"/>
      </object_component>
      <object_component id="oc-4f">
         <name>.debug_info</name>
         <load_address>0x1fd00</load_address>
         <run_address>0x1fd00</run_address>
         <size>0x1b5</size>
         <input_file_ref idref="fl-fb"/>
      </object_component>
      <object_component id="oc-89">
         <name>.debug_info</name>
         <load_address>0x1feb5</load_address>
         <run_address>0x1feb5</run_address>
         <size>0x46</size>
         <input_file_ref idref="fl-fb"/>
      </object_component>
      <object_component id="oc-c0">
         <name>.debug_info</name>
         <load_address>0x1fefb</load_address>
         <run_address>0x1fefb</run_address>
         <size>0x2c</size>
         <input_file_ref idref="fl-fb"/>
      </object_component>
      <object_component id="oc-46">
         <name>.debug_info</name>
         <load_address>0x1ff27</load_address>
         <run_address>0x1ff27</run_address>
         <size>0x2a8</size>
         <input_file_ref idref="fl-fc"/>
      </object_component>
      <object_component id="oc-1d">
         <name>.debug_info</name>
         <load_address>0x201cf</load_address>
         <run_address>0x201cf</run_address>
         <size>0x1ea</size>
         <input_file_ref idref="fl-fc"/>
      </object_component>
      <object_component id="oc-41">
         <name>.debug_info</name>
         <load_address>0x203b9</load_address>
         <run_address>0x203b9</run_address>
         <size>0x46</size>
         <input_file_ref idref="fl-fc"/>
      </object_component>
      <object_component id="oc-81">
         <name>.debug_info</name>
         <load_address>0x203ff</load_address>
         <run_address>0x203ff</run_address>
         <size>0x2c</size>
         <input_file_ref idref="fl-fc"/>
      </object_component>
      <object_component id="oc-7f">
         <name>.debug_info</name>
         <load_address>0x2042b</load_address>
         <run_address>0x2042b</run_address>
         <size>0x29e</size>
         <input_file_ref idref="fl-fd"/>
      </object_component>
      <object_component id="oc-17">
         <name>.debug_info</name>
         <load_address>0x206c9</load_address>
         <run_address>0x206c9</run_address>
         <size>0x250</size>
         <input_file_ref idref="fl-fd"/>
      </object_component>
      <object_component id="oc-31">
         <name>.debug_info</name>
         <load_address>0x20919</load_address>
         <run_address>0x20919</run_address>
         <size>0x60</size>
         <input_file_ref idref="fl-fd"/>
      </object_component>
      <object_component id="oc-b9">
         <name>.debug_info</name>
         <load_address>0x20979</load_address>
         <run_address>0x20979</run_address>
         <size>0x46</size>
         <input_file_ref idref="fl-fd"/>
      </object_component>
      <object_component id="oc-7a">
         <name>.debug_info</name>
         <load_address>0x209bf</load_address>
         <run_address>0x209bf</run_address>
         <size>0x39</size>
         <input_file_ref idref="fl-fd"/>
      </object_component>
      <object_component id="oc-2b5">
         <name>.debug_info</name>
         <load_address>0x209f8</load_address>
         <run_address>0x209f8</run_address>
         <size>0xfb</size>
         <input_file_ref idref="fl-fe"/>
      </object_component>
      <object_component id="oc-1ee">
         <name>.debug_info</name>
         <load_address>0x20af3</load_address>
         <run_address>0x20af3</run_address>
         <size>0x13d</size>
         <input_file_ref idref="fl-fe"/>
      </object_component>
      <object_component id="oc-25">
         <name>.debug_info</name>
         <load_address>0x20c30</load_address>
         <run_address>0x20c30</run_address>
         <size>0x10b</size>
         <input_file_ref idref="fl-ff"/>
      </object_component>
      <object_component id="oc-5d">
         <name>.debug_info</name>
         <load_address>0x20d3b</load_address>
         <run_address>0x20d3b</run_address>
         <size>0x1a9</size>
         <input_file_ref idref="fl-ff"/>
      </object_component>
      <object_component id="oc-319">
         <name>.debug_info</name>
         <load_address>0x20ee4</load_address>
         <run_address>0x20ee4</run_address>
         <size>0x115</size>
         <input_file_ref idref="fl-100"/>
      </object_component>
      <object_component id="oc-91">
         <name>.debug_info</name>
         <load_address>0x20ff9</load_address>
         <run_address>0x20ff9</run_address>
         <size>0x147</size>
         <input_file_ref idref="fl-101"/>
      </object_component>
      <object_component id="oc-20f">
         <name>.debug_info</name>
         <load_address>0x21140</load_address>
         <run_address>0x21140</run_address>
         <size>0x4b3</size>
         <input_file_ref idref="fl-102"/>
      </object_component>
      <object_component id="oc-10d">
         <name>.debug_info</name>
         <load_address>0x215f3</load_address>
         <run_address>0x215f3</run_address>
         <size>0x1a6</size>
         <input_file_ref idref="fl-102"/>
      </object_component>
      <object_component id="oc-2d5">
         <name>.debug_info</name>
         <load_address>0x21799</load_address>
         <run_address>0x21799</run_address>
         <size>0x39</size>
         <input_file_ref idref="fl-102"/>
      </object_component>
      <object_component id="oc-32f">
         <name>.debug_info</name>
         <load_address>0x217d2</load_address>
         <run_address>0x217d2</run_address>
         <size>0x39</size>
         <input_file_ref idref="fl-102"/>
      </object_component>
      <object_component id="oc-2da">
         <name>.debug_info</name>
         <load_address>0x2180b</load_address>
         <run_address>0x2180b</run_address>
         <size>0x39</size>
         <input_file_ref idref="fl-102"/>
      </object_component>
      <object_component id="oc-2df">
         <name>.debug_info</name>
         <load_address>0x21844</load_address>
         <run_address>0x21844</run_address>
         <size>0xcd</size>
         <input_file_ref idref="fl-102"/>
      </object_component>
      <object_component id="oc-96">
         <name>.debug_info</name>
         <load_address>0x21911</load_address>
         <run_address>0x21911</run_address>
         <size>0x153</size>
         <input_file_ref idref="fl-103"/>
      </object_component>
      <object_component id="oc-101">
         <name>.debug_info</name>
         <load_address>0x21a64</load_address>
         <run_address>0x21a64</run_address>
         <size>0x122</size>
         <input_file_ref idref="fl-105"/>
      </object_component>
      <object_component id="oc-2cf">
         <name>.debug_info</name>
         <load_address>0x21b86</load_address>
         <run_address>0x21b86</run_address>
         <size>0x2c9</size>
         <input_file_ref idref="fl-106"/>
      </object_component>
      <object_component id="oc-209">
         <name>.debug_info</name>
         <load_address>0x21e4f</load_address>
         <run_address>0x21e4f</run_address>
         <size>0x11e</size>
         <input_file_ref idref="fl-106"/>
      </object_component>
      <object_component id="oc-2cb">
         <name>.debug_info</name>
         <load_address>0x21f6d</load_address>
         <run_address>0x21f6d</run_address>
         <size>0x12e</size>
         <input_file_ref idref="fl-106"/>
      </object_component>
      <object_component id="oc-37f">
         <name>.debug_info</name>
         <load_address>0x2209b</load_address>
         <run_address>0x2209b</run_address>
         <size>0x83</size>
      </object_component>
      <object_component id="oc-13f">
         <name>.debug_line</name>
         <load_address>0x0</load_address>
         <run_address>0x0</run_address>
         <size>0x19b</size>
         <input_file_ref idref="fl-2"/>
      </object_component>
      <object_component id="oc-a0">
         <name>.debug_line</name>
         <load_address>0x19b</load_address>
         <run_address>0x19b</run_address>
         <size>0x8c</size>
         <input_file_ref idref="fl-2"/>
      </object_component>
      <object_component id="oc-1de">
         <name>.debug_line</name>
         <load_address>0x227</load_address>
         <run_address>0x227</run_address>
         <size>0x40</size>
         <input_file_ref idref="fl-2"/>
      </object_component>
      <object_component id="oc-73">
         <name>.debug_line</name>
         <load_address>0x267</load_address>
         <run_address>0x267</run_address>
         <size>0x6f</size>
         <input_file_ref idref="fl-2"/>
      </object_component>
      <object_component id="oc-2bd">
         <name>.debug_line</name>
         <load_address>0x2d6</load_address>
         <run_address>0x2d6</run_address>
         <size>0x32</size>
         <input_file_ref idref="fl-2"/>
      </object_component>
      <object_component id="oc-b5">
         <name>.debug_line</name>
         <load_address>0x308</load_address>
         <run_address>0x308</run_address>
         <size>0x20</size>
         <input_file_ref idref="fl-2"/>
      </object_component>
      <object_component id="oc-b0">
         <name>.debug_line</name>
         <load_address>0x328</load_address>
         <run_address>0x328</run_address>
         <size>0x73</size>
         <input_file_ref idref="fl-2"/>
      </object_component>
      <object_component id="oc-198">
         <name>.debug_line</name>
         <load_address>0x39b</load_address>
         <run_address>0x39b</run_address>
         <size>0x6f</size>
         <input_file_ref idref="fl-2"/>
      </object_component>
      <object_component id="oc-78">
         <name>.debug_line</name>
         <load_address>0x40a</load_address>
         <run_address>0x40a</run_address>
         <size>0x70</size>
         <input_file_ref idref="fl-2"/>
      </object_component>
      <object_component id="oc-143">
         <name>.debug_line</name>
         <load_address>0x47a</load_address>
         <run_address>0x47a</run_address>
         <size>0x41</size>
         <input_file_ref idref="fl-2"/>
      </object_component>
      <object_component id="oc-148">
         <name>.debug_line</name>
         <load_address>0x4bb</load_address>
         <run_address>0x4bb</run_address>
         <size>0x41</size>
         <input_file_ref idref="fl-2"/>
      </object_component>
      <object_component id="oc-26e">
         <name>.debug_line</name>
         <load_address>0x4fc</load_address>
         <run_address>0x4fc</run_address>
         <size>0x6b</size>
         <input_file_ref idref="fl-2"/>
      </object_component>
      <object_component id="oc-2a3">
         <name>.debug_line</name>
         <load_address>0x567</load_address>
         <run_address>0x567</run_address>
         <size>0x1b2</size>
         <input_file_ref idref="fl-3"/>
      </object_component>
      <object_component id="oc-2c0">
         <name>.debug_line</name>
         <load_address>0x719</load_address>
         <run_address>0x719</run_address>
         <size>0x32</size>
         <input_file_ref idref="fl-3"/>
      </object_component>
      <object_component id="oc-2b9">
         <name>.debug_line</name>
         <load_address>0x74b</load_address>
         <run_address>0x74b</run_address>
         <size>0x30</size>
         <input_file_ref idref="fl-3"/>
      </object_component>
      <object_component id="oc-2c4">
         <name>.debug_line</name>
         <load_address>0x77b</load_address>
         <run_address>0x77b</run_address>
         <size>0x30</size>
         <input_file_ref idref="fl-3"/>
      </object_component>
      <object_component id="oc-2c2">
         <name>.debug_line</name>
         <load_address>0x7ab</load_address>
         <run_address>0x7ab</run_address>
         <size>0x30</size>
         <input_file_ref idref="fl-3"/>
      </object_component>
      <object_component id="oc-fe">
         <name>.debug_line</name>
         <load_address>0x7db</load_address>
         <run_address>0x7db</run_address>
         <size>0x375</size>
         <input_file_ref idref="fl-3"/>
      </object_component>
      <object_component id="oc-2a7">
         <name>.debug_line</name>
         <load_address>0xb50</load_address>
         <run_address>0xb50</run_address>
         <size>0x72</size>
         <input_file_ref idref="fl-3"/>
      </object_component>
      <object_component id="oc-6f">
         <name>.debug_line</name>
         <load_address>0xbc2</load_address>
         <run_address>0xbc2</run_address>
         <size>0x41</size>
         <input_file_ref idref="fl-4"/>
      </object_component>
      <object_component id="oc-2e">
         <name>.debug_line</name>
         <load_address>0xc03</load_address>
         <run_address>0xc03</run_address>
         <size>0x41</size>
         <input_file_ref idref="fl-4"/>
      </object_component>
      <object_component id="oc-2b">
         <name>.debug_line</name>
         <load_address>0xc44</load_address>
         <run_address>0xc44</run_address>
         <size>0xa1</size>
         <input_file_ref idref="fl-4"/>
[...]
         <object_component_ref idref="oc-e7"/>
      </symbol>
      <symbol id="sm-84f">
         <name>SysCtlDelay</name>
         <value>0x633d</value>
         <object_component_ref idref="oc-156"/>
      </symbol>
      <symbol id="sm-850">
         <name>SysCtlVoltageEventClear</name>
         <value>0x1089</value>
         <object_component_ref idref="oc-e7"/>
      </symbol>
      <symbol id="sm-851">
         <name>SysCtlLDOSleepSet</name>
         <value>0x775</value>
         <object_component_ref idref="oc-e7"/>
      </symbol>
      <symbol id="sm-852">
         <name>SysCtlMOSCConfigSet</name>
         <value>0x80b</value>
         <object_component_ref idref="oc-e7"/>
      </symbol>
      <symbol id="sm-853">
         <name>SysCtlPeripheralEnable</name>
         <value>0x509</value>
         <object_component_ref idref="oc-e7"/>
      </symbol>
      <symbol id="sm-854">
         <name>SysCtlIntEnable</name>
         <value>0x71d</value>
         <object_component_ref idref="oc-e7"/>
      </symbol>
      <symbol id="sm-855">
         <name>SysCtlNMIClear</name>
         <value>0x1171</value>
         <object_component_ref idref="oc-e7"/>
      </symbol>
      <symbol id="sm-856">
         <name>SysCtlPeripheralPowerOff</name>
         <value>0x445</value>
         <object_component_ref idref="oc-e7"/>
      </symbol>
      <symbol id="sm-857">
         <name>SysCtlSleepPowerSet</name>
         <value>0x7a1</value>
         <object_component_ref idref="oc-e7"/>
      </symbol>
      <symbol id="sm-858">
         <name>SysCtlDeepSleep</name>
         <value>0x7d5</value>
         <object_component_ref idref="oc-e7"/>
      </symbol>
      <symbol id="sm-859">
         <name>SysCtlLDODeepSleepSet</name>
         <value>0x78b</value>
         <object_component_ref idref="oc-e7"/>
      </symbol>
      <symbol id="sm-85a">
         <name>SysCtlPeripheralPowerOn</name>
         <value>0x409</value>
         <object_component_ref idref="oc-e7"/>
      </symbol>
      <symbol id="sm-85b">
         <name>SysCtlPeripheralDeepSleepDisable</name>
         <value>0x659</value>
         <object_component_ref idref="oc-e7"/>
      </symbol>
      <symbol id="sm-85c">
         <name>SysCtlPeripheralSleepDisable</name>
         <value>0x5cd</value>
         <object_component_ref idref="oc-e7"/>
      </symbol>
      <symbol id="sm-85d">
         <name>SysCtlVCOGet</name>
         <value>0x10a1</value>
         <object_component_ref idref="oc-e7"/>
      </symbol>
      <symbol id="sm-85e">
         <name>SysCtlResetBehaviorSet</name>
         <value>0x871</value>
         <object_component_ref idref="oc-e7"/>
      </symbol>
      <symbol id="sm-85f">
         <name>SysCtlReset</name>
         <value>0x7c5</value>
         <object_component_ref idref="oc-e7"/>
      </symbol>
      <symbol id="sm-860">
         <name>SysCtlGPIOAHBDisable</name>
         <value>0x1033</value>
         <object_component_ref idref="oc-e7"/>
      </symbol>
      <symbol id="sm-861">
         <name>SysCtlSRAMSizeGet</name>
         <value>0x32d</value>
         <object_component_ref idref="oc-e7"/>
      </symbol>
      <symbol id="sm-862">
         <name>SysCtlClockGet</name>
         <value>0xd99</value>
         <object_component_ref idref="oc-e7"/>
      </symbol>
      <symbol id="sm-863">
         <name>SysCtlPeripheralDisable</name>
         <value>0x545</value>
         <object_component_ref idref="oc-e7"/>
      </symbol>
      <symbol id="sm-864">
         <name>SysCtlPWMClockSet</name>
         <value>0xfe7</value>
         <object_component_ref idref="oc-e7"/>
      </symbol>
      <symbol id="sm-865">
         <name>SysCtlUSBPLLEnable</name>
         <value>0x104f</value>
         <object_component_ref idref="oc-e7"/>
      </symbol>
      <symbol id="sm-866">
         <name>SysCtlPeripheralSleepEnable</name>
         <value>0x589</value>
         <object_component_ref idref="oc-e7"/>
      </symbol>
      <symbol id="sm-867">
         <name>SysCtlIntUnregister</name>
         <value>0x70d</value>
         <object_component_ref idref="oc-e7"/>
      </symbol>
      <symbol id="sm-868">
         <name>SysCtlUSBPLLDisable</name>
         <value>0x105b</value>
         <object_component_ref idref="oc-e7"/>
      </symbol>
      <symbol id="sm-869">
         <name>SysCtlPeripheralReady</name>
         <value>0x3c9</value>
         <object_component_ref idref="oc-e7"/>
      </symbol>
      <symbol id="sm-86a">
         <name>SysCtlPIOSCCalibrate</name>
         <value>0x821</value>
         <object_component_ref idref="oc-e7"/>
      </symbol>
      <symbol id="sm-86b">
         <name>SysCtlResetCauseClear</name>
         <value>0x7f7</value>
         <object_component_ref idref="oc-e7"/>
      </symbol>
      <symbol id="sm-86c">
         <name>SysCtlLDOSleepGet</name>
         <value>0x785</value>
         <object_component_ref idref="oc-e7"/>
      </symbol>
      <symbol id="sm-86d">
         <name>SysCtlClockFreqSet</name>
         <value>0x8d1</value>
         <object_component_ref idref="oc-e7"/>
      </symbol>
      <symbol id="sm-86e">
         <name>SysCtlPeripheralReset</name>
         <value>0x481</value>
         <object_component_ref idref="oc-e7"/>
      </symbol>
      <symbol id="sm-888">
         <name>SysTickIntDisable</name>
         <value>0x5f71</value>
         <object_component_ref idref="oc-1b2"/>
      </symbol>
      <symbol id="sm-889">
         <name>SysTickEnable</name>
         <value>0x5f21</value>
         <object_component_ref idref="oc-1b2"/>
      </symbol>
      <symbol id="sm-88a">
         <name>SysTickPeriodGet</name>
         <value>0x5f8f</value>
         <object_component_ref idref="oc-1b2"/>
      </symbol>
      <symbol id="sm-88b">
         <name>SysTickIntRegister</name>
         <value>0x5f39</value>
         <object_component_ref idref="oc-1b2"/>
      </symbol>
      <symbol id="sm-88c">
         <name>SysTickIntEnable</name>
         <value>0x5f65</value>
         <object_component_ref idref="oc-1b2"/>
      </symbol>
      <symbol id="sm-88d">
         <name>SysTickValueGet</name>
         <value>0x5f97</value>
         <object_component_ref idref="oc-1b2"/>
      </symbol>
      <symbol id="sm-88e">
         <name>SysTickIntUnregister</name>
         <value>0x5f51</value>
         <object_component_ref idref="oc-1b2"/>
      </symbol>
      <symbol id="sm-88f">
         <name>SysTickPeriodSet</name>
         <value>0x5f7d</value>
         <object_component_ref idref="oc-1b2"/>
      </symbol>
      <symbol id="sm-890">
         <name>SysTickDisable</name>
         <value>0x5f2d</value>
         <object_component_ref idref="oc-1b2"/>
      </symbol>
      <symbol id="sm-904">
         <name>UARTClockSourceGet</name>
         <value>0x4787</value>
         <object_component_ref idref="oc-16c"/>
      </symbol>
      <symbol id="sm-905">
         <name>UARTCharPutNonBlocking</name>
         <value>0x45f9</value>
         <object_component_ref idref="oc-16c"/>
      </symbol>
      <symbol id="sm-906">
         <name>UARTDMAEnable</name>
         <value>0x4721</value>
         <object_component_ref idref="oc-16c"/>
      </symbol>
      <symbol id="sm-907">
         <name>UARTTxIntModeSet</name>
         <value>0x455d</value>
         <object_component_ref idref="oc-16c"/>
      </symbol>
      <symbol id="sm-908">
         <name>UARTFIFODisable</name>
         <value>0x440b</value>
         <object_component_ref idref="oc-16c"/>
      </symbol>
      <symbol id="sm-909">
         <name>UARTIntUnregister</name>
         <value>0x46a1</value>
         <object_component_ref idref="oc-16c"/>
      </symbol>
      <symbol id="sm-90a">
         <name>UARTRxErrorClear</name>
         <value>0x4763</value>
         <object_component_ref idref="oc-16c"/>
      </symbol>
      <symbol id="sm-90b">
         <name>UARTModemControlSet</name>
         <value>0x44ad</value>
         <object_component_ref idref="oc-16c"/>
      </symbol>
      <symbol id="sm-90c">
         <name>UARTFlowControlSet</name>
         <value>0x452f</value>
         <object_component_ref idref="oc-16c"/>
      </symbol>
      <symbol id="sm-90d">
         <name>UARTConfigSetExpClk</name>
         <value>0x42e5</value>
         <object_component_ref idref="oc-16c"/>
      </symbol>
      <symbol id="sm-90e">
         <name>UARTSmartCardDisable</name>
         <value>0x4497</value>
         <object_component_ref idref="oc-16c"/>
      </symbol>
      <symbol id="sm-90f">
         <name>UARTDisable</name>
         <value>0x43cb</value>
         <object_component_ref idref="oc-16c"/>
      </symbol>
      <symbol id="sm-910">
         <name>UART9BitDisable</name>
         <value>0x47ad</value>
         <object_component_ref idref="oc-16c"/>
      </symbol>
      <symbol id="sm-911">
         <name>UARTFIFOLevelGet</name>
         <value>0x42bd</value>
         <object_component_ref idref="oc-16c"/>
      </symbol>
      <symbol id="sm-912">
         <name>UARTBusy</name>
         <value>0x4665</value>
         <object_component_ref idref="oc-16c"/>
      </symbol>
      <symbol id="sm-913">
         <name>UARTDisableSIR</name>
         <value>0x444f</value>
         <object_component_ref idref="oc-16c"/>
      </symbol>
      <symbol id="sm-914">
         <name>UARTLoopbackEnable</name>
         <value>0x4831</value>
         <object_component_ref idref="oc-16c"/>
      </symbol>
      <symbol id="sm-915">
         <name>UARTIntEnable</name>
         <value>0x46c1</value>
         <object_component_ref idref="oc-16c"/>
      </symbol>
      <symbol id="sm-916">
         <name>UARTCharsAvail</name>
         <value>0x458b</value>
         <object_component_ref idref="oc-16c"/>
      </symbol>
      <symbol id="sm-917">
         <name>UARTCharGetNonBlocking</name>
         <value>0x45c7</value>
         <object_component_ref idref="oc-16c"/>
      </symbol>
      <symbol id="sm-918">
         <name>UARTClockSourceSet</name>
         <value>0x4773</value>
         <object_component_ref idref="oc-16c"/>
      </symbol>
      <symbol id="sm-919">
         <name>UARTTxIntModeGet</name>
         <value>0x4579</value>
         <object_component_ref idref="oc-16c"/>
      </symbol>
      <symbol id="sm-91a">
         <name>UARTModemStatusGet</name>
         <value>0x451b</value>
         <object_component_ref idref="oc-16c"/>
      </symbol>
      <symbol id="sm-91b">
         <name>UARTIntDisable</name>
         <value>0x46d9</value>
         <object_component_ref idref="oc-16c"/>
      </symbol>
      <symbol id="sm-91c">
         <name>UARTCharPut</name>
         <value>0x461d</value>
         <object_component_ref idref="oc-16c"/>
      </symbol>
      <symbol id="sm-91d">
         <name>UARTParityModeSet</name>
         <value>0x4277</value>
         <object_component_ref idref="oc-16c"/>
      </symbol>
      <symbol id="sm-91e">
         <name>UARTRxErrorGet</name>
         <value>0x4751</value>
         <object_component_ref idref="oc-16c"/>
      </symbol>
      <symbol id="sm-91f">
         <name>UARTConfigGetExpClk</name>
         <value>0x435b</value>
         <object_component_ref idref="oc-16c"/>
      </symbol>
      <symbol id="sm-920">
         <name>UARTEnableSIR</name>
         <value>0x4421</value>
         <object_component_ref idref="oc-16c"/>
      </symbol>
      <symbol id="sm-921">
         <name>UARTEnable</name>
         <value>0x43a7</value>
         <object_component_ref idref="oc-16c"/>
      </symbol>
      <symbol id="sm-922">
         <name>UART9BitAddrSend</name>
         <value>0x47e9</value>
         <object_component_ref idref="oc-16c"/>
      </symbol>
      <symbol id="sm-923">
         <name>UARTModemControlGet</name>
         <value>0x4509</value>
         <object_component_ref idref="oc-16c"/>
      </symbol>
      <symbol id="sm-924">
         <name>UARTSmartCardEnable</name>
         <value>0x4465</value>
         <object_component_ref idref="oc-16c"/>
      </symbol>
      <symbol id="sm-925">
         <name>UARTFlowControlGet</name>
         <value>0x454b</value>
         <object_component_ref idref="oc-16c"/>
      </symbol>
      <symbol id="sm-926">
         <name>UARTFIFOEnable</name>
         <value>0x43f5</value>
         <object_component_ref idref="oc-16c"/>
      </symbol>
      <symbol id="sm-927">
         <name>UARTIntClear</name>
         <value>0x470f</value>
         <object_component_ref idref="oc-16c"/>
      </symbol>
      <symbol id="sm-928">
         <name>UARTIntStatus</name>
         <value>0x46f1</value>
         <object_component_ref idref="oc-16c"/>
      </symbol>
      <symbol id="sm-929">
         <name>UARTDMADisable</name>
         <value>0x4739</value>
         <object_component_ref idref="oc-16c"/>
      </symbol>
      <symbol id="sm-92a">
         <name>UART9BitEnable</name>
         <value>0x4797</value>
         <object_component_ref idref="oc-16c"/>
      </symbol>
      <symbol id="sm-92b">
         <name>UARTSpaceAvail</name>
         <value>0x45a9</value>
         <object_component_ref idref="oc-16c"/>
      </symbol>
      <symbol id="sm-92c">
         <name>UARTCharGet</name>
         <value>0x45e3</value>
         <object_component_ref idref="oc-16c"/>
      </symbol>
      <symbol id="sm-92d">
         <name>UARTFIFOLevelSet</name>
         <value>0x42a5</value>
         <object_component_ref idref="oc-16c"/>
      </symbol>
      <symbol id="sm-92e">
         <name>UARTModemControlClear</name>
         <value>0x44e5</value>
         <object_component_ref idref="oc-16c"/>
      </symbol>
      <symbol id="sm-92f">
         <name>UARTParityModeGet</name>
         <value>0x4293</value>
         <object_component_ref idref="oc-16c"/>
      </symbol>
      <symbol id="sm-930">
         <name>UARTIntRegister</name>
         <value>0x4683</value>
         <object_component_ref idref="oc-16c"/>
      </symbol>
      <symbol id="sm-931">
         <name>UARTBreakCtl</name>
         <value>0x463b</value>
         <object_component_ref idref="oc-16c"/>
      </symbol>
      <symbol id="sm-932">
         <name>UART9BitAddrSet</name>
         <value>0x47c3</value>
         <object_component_ref idref="oc-16c"/>
      </symbol>
      <symbol id="sm-9a2">
         <name>UARTgetc</name>
         <value>0x4999</value>
         <object_component_ref idref="oc-172"/>
      </symbol>
      <symbol id="sm-9a3">
         <name>UARTgets</name>
         <value>0x48df</value>
         <object_component_ref idref="oc-172"/>
      </symbol>
      <symbol id="sm-9a4">
         <name>UARTStdioConfig</name>
         <value>0x4849</value>
         <object_component_ref idref="oc-172"/>
      </symbol>
      <symbol id="sm-9a5">
         <name>UARTwrite</name>
         <value>0x488f</value>
         <object_component_ref idref="oc-172"/>
      </symbol>
      <symbol id="sm-9a6">
         <name>UARTprintf</name>
         <value>0x4cbb</value>
         <object_component_ref idref="oc-172"/>
      </symbol>
      <symbol id="sm-9a7">
         <name>UARTvprintf</name>
         <value>0x49c1</value>
         <object_component_ref idref="oc-172"/>
      </symbol>
      <symbol id="sm-9c8">
         <name>memcpy</name>
         <value>0x5e85</value>
         <object_component_ref idref="oc-3b"/>
      </symbol>
      <symbol id="sm-9c9">
         <name>__aeabi_memcpy</name>
         <value>0x5e85</value>
         <object_component_ref idref="oc-3b"/>
      </symbol>
      <symbol id="sm-9ca">
         <name>__aeabi_memcpy8</name>
         <value>0x5e85</value>
         <object_component_ref idref="oc-3b"/>
      </symbol>
      <symbol id="sm-9cb">
         <name>__aeabi_memcpy4</name>
         <value>0x5e85</value>
         <object_component_ref idref="oc-3b"/>
      </symbol>
      <symbol id="sm-9da">
         <name>__aeabi_uidivmod</name>
         <value>0x6221</value>
         <object_component_ref idref="oc-261"/>
      </symbol>
      <symbol id="sm-9db">
         <name>__aeabi_uidiv</name>
         <value>0x6221</value>
         <object_component_ref idref="oc-261"/>
      </symbol>
      <symbol id="sm-9f2">
         <name>__TI_zero_init</name>
         <value>0x6325</value>
         <object_component_ref idref="oc-4d"/>
      </symbol>
      <symbol id="sm-a09">
         <name>__TI_decompress_none</name>
         <value>0x6317</value>
         <object_component_ref idref="oc-1b"/>
      </symbol>
      <symbol id="sm-a2c">
         <name>__TI_decompress_lzss</name>
         <value>0x6023</value>
         <object_component_ref idref="oc-15"/>
      </symbol>
      <symbol id="sm-a42">
         <name>rand</name>
         <value>0x62d5</value>
         <object_component_ref idref="oc-1ec"/>
      </symbol>
      <symbol id="sm-a55">
         <name>__stack</name>
         <value>0x20001df0</value>
         <object_component_ref idref="oc-24"/>
      </symbol>
      <symbol id="sm-a56">
         <name>_c_int00_noargs</name>
         <value>0x62a1</value>
         <object_component_ref idref="oc-59"/>
      </symbol>
      <symbol id="sm-a60">
         <name>__aeabi_idiv0</name>
         <value>0x5413</value>
         <object_component_ref idref="oc-316"/>
      </symbol>
      <symbol id="sm-a61">
         <name>__aeabi_ldiv0</name>
         <value>0x5413</value>
         <object_component_ref idref="oc-316"/>
      </symbol>
      <symbol id="sm-a70">
         <name>__aeabi_memset</name>
         <value>0x5fab</value>
         <object_component_ref idref="oc-8f"/>
      </symbol>
      <symbol id="sm-a71">
         <name>memset</name>
         <value>0x5fb1</value>
         <object_component_ref idref="oc-8f"/>
      </symbol>
      <symbol id="sm-a72">
         <name>__aeabi_memset8</name>
         <value>0x5fab</value>
         <object_component_ref idref="oc-8f"/>
      </symbol>
      <symbol id="sm-a73">
         <name>__aeabi_memset4</name>
         <value>0x5fab</value>
         <object_component_ref idref="oc-8f"/>
      </symbol>
      <symbol id="sm-a74">
         <name>__aeabi_memclr8</name>
         <value>0x5fa9</value>
         <object_component_ref idref="oc-8f"/>
      </symbol>
      <symbol id="sm-a75">
         <name>__aeabi_memclr4</name>
         <value>0x5fa9</value>
         <object_component_ref idref="oc-8f"/>
      </symbol>
      <symbol id="sm-a76">
         <name>__aeabi_memclr</name>
         <value>0x5fa9</value>
         <object_component_ref idref="oc-8f"/>
      </symbol>
      <symbol id="sm-a9e">
         <name>__TI_auto_init_nobinit_nopinit</name>
         <value>0x61dd</value>
         <object_component_ref idref="oc-10c"/>
      </symbol>
      <symbol id="sm-aa8">
         <name>_system_pre_init</name>
         <value>0x6343</value>
         <object_component_ref idref="oc-95"/>
      </symbol>
      <symbol id="sm-ab4">
         <name>C$$EXIT</name>
         <value>0x6347</value>
         <object_component_ref idref="oc-100"/>
      </symbol>
      <symbol id="sm-ab5">
         <name>abort</name>
         <value>0x6347</value>
         <object_component_ref idref="oc-100"/>
      </symbol>
      <symbol id="sm-aca">
         <name>_nop</name>
         <value>0x4847</value>
         <object_component_ref idref="oc-2c7"/>
      </symbol>
      <symbol id="sm-acb">
         <name>_lock</name>
         <value>0x20001ff0</value>
         <object_component_ref idref="oc-208"/>
      </symbol>
      <symbol id="sm-acc">
         <name>_unlock</name>
         <value>0x20001ff4</value>
         <object_component_ref idref="oc-208"/>
      </symbol>
      <symbol id="sm-ace">
         <name>__TI_static_base__</name>
         <value>0x0</value>
      </symbol>
      <symbol id="sm-ad1">
         <name>__mpu_init</name>
         <value>0x0</value>
      </symbol>
      <symbol id="sm-ad2">
         <name>_system_post_cinit</name>
         <value>0x0</value>
      </symbol>
   </symbol_table>
   <title>Link successful</title>
</link_info>
