******************************************************************************
                  TI ARM Linker PC v20.2.7                     
******************************************************************************
>> Linked Tue Dec  3 11:21:01 2024

OUTPUT FILE NAME:   <Tetris.out>
ENTRY POINT SYMBOL: "_c_int00_noargs"  address: 000062a1


MEMORY CONFIGURATION

         name            origin    length      used     unused   attr    fill
----------------------  --------  ---------  --------  --------  ----  --------
  FLASH                 00000000   00040000  00006b15  000394eb  R  X
  SRAM                  20000000   00008000  00002008  00005ff8  RW X


SEGMENT ALLOCATION MAP

run origin  load origin   length   init length attrs members
----------  ----------- ---------- ----------- ----- -------
00000000    00000000    00006b18   00006b18    r-x
  00000000    00000000    0000026c   0000026c    r-- .intvecs
  0000026c    0000026c    000060de   000060de    r-x .text
  0000634c    0000634c    00000783   00000783    r-- .const
  00006ad0    00006ad0    00000048   00000048    r-- .cinit
20000000    20000000    0000200c   00000000    rw-
  20000000    20000000    0000026c   00000000    rw- .vtable
  2000026c    2000026c    00001b80   00000000    rw- .bss
  20001df0    20001df0    00000200   00000000    rw- .stack
  20001ff0    20001ff0    0000001c   00000000    rw- .data


SECTION ALLOCATION MAP

 output                                  attributes/
section   page    origin      length       input sections
--------  ----  ----------  ----------   ----------------
.intvecs   0    00000000    0000026c     
                  00000000    0000026c     tm4c123gh6pm_startup_ccs.obj (.intvecs)

.text      0    0000026c    000060de     
                  0000026c    00000f80     sysctl.obj (.text)
                  000011ec    00000c14     gpio.obj (.text)
                  00001e00    00000840     adc.obj (.text)
                  00002640    00000740     multimod_ST7789.obj (.text)
                  00002d80    000006f8     i2c.obj (.text)
                  00003478    000006ec     G8RTOS_Scheduler.obj (.text)
                  00003b64    000006b4     threads.obj (.text)
                  00004218    0000062e     uart.obj (.text)
                  00004846    00000002     rtsv7M4_T_le_v4SPD16_eabi.lib : _lock.c.obj (.text:_nop)
                  00004848    000004a8     uartstdio.obj (.text)
                  00004cf0    000003c0     interrupt.obj (.text)
                  000050b0    00000362     ssi.obj (.text)
                  00005412    00000002     rtsv7M4_T_le_v4SPD16_eabi.lib : div0.asm.obj (.text)
                  00005414    00000294     multimod_i2c.obj (.text)
                  000056a8    00000204     multimod_spi.obj (.text)
                  000058ac    000001b0     G8RTOS_IPC.obj (.text)
                  00005a5c    00000148     multimod_PCA9555.obj (.text)
                  00005ba4    00000140     multimod_PCA9956b.obj (.text)
                  00005ce4    000000f0     multimod_joystick.obj (.text)
                  00005dd4    000000b0     G8RTOS_Semaphores.obj (.text)
                  00005e84    0000009c     rtsv7M4_T_le_v4SPD16_eabi.lib : memcpy_t2.asm.obj (.text)
                  00005f20    00000088     systick.obj (.text)
                  00005fa8    0000007a     rtsv7M4_T_le_v4SPD16_eabi.lib : memset_t2.asm.obj (.text)
                  00006022    00000068                                   : copy_decompress_lzss.c.obj (.text:decompress:lzss:__TI_decompress_lzss)
                  0000608a    00000002     --HOLE-- [fill = 0]
                  0000608c    00000060     G8RTOS_SchedulerASM.obj (.text)
                  000060ec    00000054     multimod_uart.obj (.text)
                  00006140    00000050     main.obj (.text)
                  00006190    0000004c     multimod_buttons.obj (.text)
                  000061dc    00000044     rtsv7M4_T_le_v4SPD16_eabi.lib : autoinit.c.obj (.text:__TI_auto_init_nobinit_nopinit:__TI_auto_init_nobinit_nopinit)
                  00006220    00000040                                   : u_divt2.asm.obj (.text)
                  00006260    0000003e     cpu.obj (.text)
                  0000629e    00000002     --HOLE-- [fill = 0]
                  000062a0    00000034     rtsv7M4_T_le_v4SPD16_eabi.lib : boot_cortex_m.c.obj (.text:_c_int00_noargs:_c_int00_noargs)
                  000062d4    00000034                                   : rand.c.obj (.text:rand)
                  00006308    0000000e     G8RTOS_CriticalSection.obj (.text)
                  00006316    0000000e     rtsv7M4_T_le_v4SPD16_eabi.lib : copy_decompress_none.c.obj (.text:decompress:none:__TI_decompress_none)
                  00006324    0000000c                                   : copy_zero_init.c.obj (.text:decompress:ZI:__TI_zero_init)
                  00006330    0000000c     tm4c123gh6pm_startup_ccs.obj (.text)
                  0000633c    00000006     sysctl.obj (.text:SysCtlDelay)
                  00006342    00000004     rtsv7M4_T_le_v4SPD16_eabi.lib : pre_init.c.obj (.text:_system_pre_init)
                  00006346    00000004                                   : exit.c.obj (.text:abort:abort)

.const     0    0000634c    00000783     
                  0000634c    000001b0     sysctl.obj (.const:g_pppui32XTALtoVCO)
                  000064fc    000000d8     gpio.obj (.const:g_ppui32GPIOIntMapSnowflake)
                  000065d4    000000c0     gpio.obj (.const:g_ppui32GPIOIntMapBlizzard)
                  00006694    0000009c     interrupt.obj (.const:g_pui32Regs)
                  00006730    00000090     gpio.obj (.const:g_pui32GPIOBaseAddrs)
                  000067c0    00000070     threads.obj (.const:PIECES)
                  00006830    0000006c     sysctl.obj (.const:g_pui32Xtals)
                  0000689c    00000050     i2c.obj (.const:g_ppui32I2CIntMapSnowflake)
                  000068ec    00000040     uart.obj (.const:g_ppui32UARTIntMap)
                  0000692c    00000040     uart.obj (.const:g_ppui32UARTIntMapSnowflake)
                  0000696c    00000030     i2c.obj (.const:g_ppui32I2CIntMap)
                  0000699c    00000030     sysctl.obj (.const:g_sXTALtoMEMTIM)
                  000069cc    00000020     ssi.obj (.const:g_ppui32SSIIntMap)
                  000069ec    00000020     ssi.obj (.const:g_ppui32SSIIntMapSnowflake)
                  00006a0c    00000020     interrupt.obj (.const:g_pui32Priority)
                  00006a2c    00000014     interrupt.obj (.const:g_pui32Dii16Regs)
                  00006a40    00000014     interrupt.obj (.const:g_pui32EnRegs)
                  00006a54    00000014     interrupt.obj (.const:g_pui32PendRegs)
                  00006a68    00000014     interrupt.obj (.const:g_pui32UnpendRegs)
                  00006a7c    00000012     uartstdio.obj (.const:.string)
                  00006a8e    00000010     threads.obj (.const:$P$T0$1)
                  00006a9e    00000002     multimod_PCA9956b.obj (.const:.string:$P$T0$1)
                  00006aa0    0000000c     uartstdio.obj (.const:g_ui32UARTBase)
                  00006aac    0000000c     uartstdio.obj (.const:g_ui32UARTPeriph)
                  00006ab8    00000008     sysctl.obj (.const:g_pui32VCOFrequencies)
                  00006ac0    00000004     uartstdio.obj (.const)
                  00006ac4    00000003     multimod_PCA9555.obj (.const:.string:$P$T0$1)
                  00006ac7    00000003     multimod_PCA9555.obj (.const:.string:$P$T1$2)
                  00006aca    00000003     multimod_PCA9555.obj (.const:.string:$P$T2$3)
                  00006acd    00000002     multimod_PCA9956b.obj (.const:.string:$P$T1$2)

.cinit     0    00006ad0    00000048     
                  00006ad0    00000013     (.cinit..data.load) [load image, compression = lzss]
                  00006ae3    00000001     --HOLE-- [fill = 0]
                  00006ae4    0000000c     (__TI_handler_table)
                  00006af0    00000008     (.cinit..bss.load) [load image, compression = zero_init]
                  00006af8    00000008     (.cinit..vtable.load) [load image, compression = zero_init]
                  00006b00    00000018     (__TI_cinit_table)

.init_array 
*          0    00000000    00000000     UNINITIALIZED

.vtable    0    20000000    0000026c     UNINITIALIZED
                  20000000    0000026c     interrupt.obj (.vtable)

.bss       0    2000026c    00001b80     UNINITIALIZED
                  2000026c    00001800     G8RTOS_Scheduler.obj (.bss:threadStacks)
                  20001a6c    00000150     G8RTOS_IPC.obj (.bss:FIFOs)
                  20001bbc    00000108     G8RTOS_Scheduler.obj (.bss:threadControlBlocks)
                  20001cc4    000000b0     threads.obj (.bss:gameState)
                  20001d74    00000048     G8RTOS_Scheduler.obj (.bss:pthreadControlBlocks)
                  20001dbc    00000008     G8RTOS_Scheduler.obj (.bss)
                  20001dc4    00000008     adc.obj (.bss:g_pui8OversampleFactor)
                  20001dcc    00000004     (.common:CurrentlyRunningThread)
                  20001dd0    00000004     (.common:IBit_State)
                  20001dd4    00000004     (.common:SystemTime)
                  20001dd8    00000004     (.common:sem_GameState)
                  20001ddc    00000004     (.common:sem_I2CA)
                  20001de0    00000004     (.common:sem_Joystick_Debounce)
                  20001de4    00000004     (.common:sem_PCA9555_Debounce)
                  20001de8    00000004     (.common:sem_SPIA)

.data      0    20001ff0    0000001c     UNINITIALIZED
                  20001ff0    00000008     rtsv7M4_T_le_v4SPD16_eabi.lib : _lock.c.obj (.data:$O1$$)
                  20001ff8    00000005     uartstdio.obj (.data)
                  20001ffd    00000003     --HOLE--
                  20002000    00000004     G8RTOS_Scheduler.obj (.data)
                  20002004    00000004     rtsv7M4_T_le_v4SPD16_eabi.lib : rand.c.obj (.data)
                  20002008    00000004     threads.obj (.data)

.stack     0    20001df0    00000200     UNINITIALIZED
                  20001df0    00000004     rtsv7M4_T_le_v4SPD16_eabi.lib : boot_cortex_m.c.obj (.stack)
                  20001df4    000001fc     --HOLE--

__llvm_prf_cnts 
*          0    20000000    00000000     UNINITIALIZED

MODULE SUMMARY

       Module                         code    ro data   rw data
       ------                         ----    -------   -------
    .\
       threads.obj                    1716    128       180    
       tm4c123gh6pm_startup_ccs.obj   12      620       0      
       main.obj                       80      0         24     
    +--+------------------------------+-------+---------+---------+
       Total:                         1808    748       204    
                                                               
    .\G8RTOS\src\
       G8RTOS_Scheduler.obj           1772    0         6500   
       G8RTOS_IPC.obj                 432     0         336    
       G8RTOS_Semaphores.obj          176     0         0      
       G8RTOS_SchedulerASM.obj        96      0         0      
       G8RTOS_CriticalSection.obj     14      0         0      
    +--+------------------------------+-------+---------+---------+
       Total:                         2490    0         6836   
                                                               
    .\MultimodDrivers\src\
       multimod_ST7789.obj            1856    0         0      
       multimod_i2c.obj               660     0         0      
       multimod_spi.obj               516     0         0      
       multimod_PCA9555.obj           328     9         0      
       multimod_PCA9956b.obj          320     4         0      
       multimod_joystick.obj          240     0         0      
       multimod_uart.obj              84      0         0      
       multimod_buttons.obj           76      0         0      
    +--+------------------------------+-------+---------+---------+
       Total:                         4080    13        0      
                                                               
    .\driverlib\
       sysctl.obj                     3974    596       0      
       gpio.obj                       3092    552       0      
       adc.obj                        2112    0         8      
       i2c.obj                        1784    128       0      
       interrupt.obj                  960     268       620    
       uart.obj                       1582    128       0      
       uartstdio.obj                  1192    46        5      
       ssi.obj                        866     64        0      
       systick.obj                    136     0         0      
       cpu.obj                        62      0         0      
    +--+------------------------------+-------+---------+---------+
       Total:                         15760   1782      633    
                                                               
    C:\ti\ccs1280\ccs\tools\compiler\ti-cgt-arm_20.2.7.LTS\lib\rtsv7M4_T_le_v4SPD16_eabi.lib
       memcpy_t2.asm.obj              156     0         0      
       memset_t2.asm.obj              122     0         0      
       copy_decompress_lzss.c.obj     104     0         0      
       autoinit.c.obj                 68      0         0      
       u_divt2.asm.obj                64      0         0      
       rand.c.obj                     52      0         4      
       boot_cortex_m.c.obj            52      0         0      
       copy_decompress_none.c.obj     14      0         0      
       copy_zero_init.c.obj           12      0         0      
       _lock.c.obj                    2       0         8      
       exit.c.obj                     4       0         0      
       pre_init.c.obj                 4       0         0      
       div0.asm.obj                   2       0         0      
    +--+------------------------------+-------+---------+---------+
       Total:                         656     0         12     
                                                               
       Stack:                         0       0         512    
       Linker Generated:              0       71        0      
    +--+------------------------------+-------+---------+---------+
       Grand Total:                   24794   2614      8197   


LINKER GENERATED COPY TABLES

__TI_cinit_table @ 00006b00 records: 3, size/record: 8, table size: 24
	.data: load addr=00006ad0, load size=00000013 bytes, run addr=20001ff0, run size=0000001c bytes, compression=lzss
	.bss: load addr=00006af0, load size=00000008 bytes, run addr=2000026c, run size=00001b80 bytes, compression=zero_init
	.vtable: load addr=00006af8, load size=00000008 bytes, run addr=20000000, run size=0000026c bytes, compression=zero_init


LINKER GENERATED HANDLER TABLE

__TI_handler_table @ 00006ae4 records: 3, size/record: 4, table size: 12
	index: 0, handler: __TI_zero_init
	index: 1, handler: __TI_decompress_lzss
	index: 2, handler: __TI_decompress_none


GLOBAL SYMBOLS: SORTED ALPHABETICALLY BY Name 

address   name                              
-------   ----                              
000025b1  ADCBusy                           
000025f9  ADCClockConfigGet                 
000025cf  ADCClockConfigSet                 
000023cb  ADCComparatorConfigure            
000024a5  ADCComparatorIntClear             
00002451  ADCComparatorIntDisable           
0000246f  ADCComparatorIntEnable            
00002491  ADCComparatorIntStatus            
000023e7  ADCComparatorRegionSet            
0000240b  ADCComparatorReset                
00002399  ADCHardwareOversampleConfigure    
00001f3b  ADCIntClear                       
00002519  ADCIntClearEx                     
00001ea1  ADCIntDisable                     
000024b7  ADCIntDisableEx                   
00001ebd  ADCIntEnable                      
000024cf  ADCIntEnableEx                    
00001e5b  ADCIntRegister                    
00001ee3  ADCIntStatus                      
000024e7  ADCIntStatusEx                    
00001e83  ADCIntUnregister                  
0000256b  ADCPhaseDelayGet                  
00002559  ADCPhaseDelaySet                  
000021ad  ADCProcessorTrigger               
00002547  ADCReferenceGet                   
0000252b  ADCReferenceSet                   
00001f85  ADCSequenceConfigure              
00002595  ADCSequenceDMADisable             
00002579  ADCSequenceDMAEnable              
0000216b  ADCSequenceDataGet                
00001f6b  ADCSequenceDisable                
00001f51  ADCSequenceEnable                 
0000210f  ADCSequenceOverflow               
00002127  ADCSequenceOverflowClear          
00002021  ADCSequenceStepConfigure          
0000213d  ADCSequenceUnderflow              
00002155  ADCSequenceUnderflowClear         
000021d1  ADCSoftwareOversampleConfigure    
00002305  ADCSoftwareOversampleDataGet      
00002223  ADCSoftwareOversampleStepConfigure
000041d1  Button_Handler                    
00006347  C$$EXIT                           
00006295  CPUbasepriGet                     
00006287  CPUbasepriSet                     
00006261  CPUcpsid                          
00006277  CPUcpsie                          
0000626d  CPUprimask                        
00006283  CPUwfi                            
20001dcc  CurrentlyRunningThread            
00006311  EndCriticalSection                
00003655  G8RTOS_AddThread                  
0000385d  G8RTOS_Add_APeriodicEvent         
000038dd  G8RTOS_Add_PeriodicEvent          
00003b2d  G8RTOS_GetNumberOfThreads         
00003b25  G8RTOS_GetThreadID                
00003553  G8RTOS_Init                       
000058ad  G8RTOS_InitFIFO                   
00005dd5  G8RTOS_InitSemaphore              
00003a85  G8RTOS_KillSelf                   
000039bd  G8RTOS_KillThread                 
000035a7  G8RTOS_Launch                     
00005915  G8RTOS_ReadFIFO                   
000035cb  G8RTOS_Scheduler                  
00005e33  G8RTOS_SignalSemaphore            
00006095  G8RTOS_Start                      
00005df3  G8RTOS_WaitSemaphore              
0000599f  G8RTOS_WriteFIFO                  
00001db1  GPIOADCTriggerDisable             
00001d93  GPIOADCTriggerEnable              
00001d75  GPIODMATriggerDisable             
00001d57  GPIODMATriggerEnable              
000012a7  GPIODirModeGet                    
0000124b  GPIODirModeSet                    
00001861  GPIOIntClear                      
00001825  GPIOIntDisable                    
00001801  GPIOIntEnable                     
00001875  GPIOIntRegister                   
000018ad  GPIOIntRegisterPin                
0000183f  GPIOIntStatus                     
00001397  GPIOIntTypeGet                    
000012f3  GPIOIntTypeSet                    
00001893  GPIOIntUnregister                 
000018db  GPIOIntUnregisterPin              
0000168f  GPIOPadConfigGet                  
00001421  GPIOPadConfigSet                  
00001cf9  GPIOPinConfigure                  
000018ff  GPIOPinRead                       
00001937  GPIOPinTypeADC                    
0000195b  GPIOPinTypeCAN                    
0000197f  GPIOPinTypeComparator             
000019a3  GPIOPinTypeComparatorOutput       
000019c7  GPIOPinTypeDIVSCLK                
000019eb  GPIOPinTypeEPI                    
00001a0f  GPIOPinTypeEthernetLED            
00001a33  GPIOPinTypeEthernetMII            
00001a57  GPIOPinTypeGPIOInput              
00001a7b  GPIOPinTypeGPIOOutput             
00001aa5  GPIOPinTypeGPIOOutputOD           
00001ac9  GPIOPinTypeHibernateRTCCLK        
00001aed  GPIOPinTypeI2C                    
00001b11  GPIOPinTypeI2CSCL                 
00001b35  GPIOPinTypeLCD                    
00001b59  GPIOPinTypeOneWire                
00001b7d  GPIOPinTypePWM                    
00001ba1  GPIOPinTypeQEI                    
00001bc5  GPIOPinTypeSSI                    
00001be9  GPIOPinTypeTimer                  
00001c0d  GPIOPinTypeTrace                  
00001c31  GPIOPinTypeUART                   
00001c55  GPIOPinTypeUSBAnalog              
00001c79  GPIOPinTypeUSBDigital             
00001c9d  GPIOPinTypeWakeHigh               
00001cc3  GPIOPinTypeWakeLow                
00001ce9  GPIOPinWakeStatus                 
00001917  GPIOPinWrite                      
00001dcf  GPIOUnlockPin                     
00003377  I2CFIFODataGet                    
00003391  I2CFIFODataGetNonBlocking         
0000332d  I2CFIFODataPut                    
0000334f  I2CFIFODataPutNonBlocking         
0000331d  I2CFIFOStatus                     
00002f11  I2CIntRegister                    
00002f2f  I2CIntUnregister                  
00003453  I2CLoopbackEnable                 
000033cd  I2CMasterBurstCountGet            
000033b7  I2CMasterBurstLengthSet           
00003175  I2CMasterBusBusy                  
0000315d  I2CMasterBusy                     
0000318d  I2CMasterControl                  
000031e1  I2CMasterDataGet                  
000031cb  I2CMasterDataPut                  
00002edd  I2CMasterDisable                  
00002ea9  I2CMasterEnable                   
0000319f  I2CMasterErr                      
000033db  I2CMasterGlitchFilterConfigSet    
00002ddf  I2CMasterInitExpClk               
000030d7  I2CMasterIntClear                 
000030f5  I2CMasterIntClearEx               
00002fa3  I2CMasterIntDisable               
00002fb3  I2CMasterIntDisableEx             
00002f49  I2CMasterIntEnable                
00002f59  I2CMasterIntEnableEx              
00002ffd  I2CMasterIntStatus                
00003041  I2CMasterIntStatusEx              
0000314f  I2CMasterLineStateGet             
0000312d  I2CMasterSlaveAddrSet             
000031ef  I2CMasterTimeoutSet               
000032dd  I2CRxFIFOConfigSet                
00003305  I2CRxFIFOFlush                    
00003201  I2CSlaveACKOverride               
00003233  I2CSlaveACKValueSet               
00002e6b  I2CSlaveAddressSet                
0000328d  I2CSlaveDataGet                   
00003275  I2CSlaveDataPut                   
00002ef3  I2CSlaveDisable                   
00002ebf  I2CSlaveEnable                    
00003441  I2CSlaveFIFODisable               
00003429  I2CSlaveFIFOEnable                
00002e51  I2CSlaveInit                      
00003107  I2CSlaveIntClear                  
00003119  I2CSlaveIntClearEx                
00002fcb  I2CSlaveIntDisable                
00002fe3  I2CSlaveIntDisableEx              
00002f71  I2CSlaveIntEnable                 
00002f89  I2CSlaveIntEnableEx               
0000306d  I2CSlaveIntStatus                 
000030b5  I2CSlaveIntStatusEx               
00003265  I2CSlaveStatus                    
0000329d  I2CTxFIFOConfigSet                
000032c5  I2CTxFIFOFlush                    
00005415  I2C_Init                          
000055c7  I2C_ReadMultiple                  
000054db  I2C_ReadSingle                    
00005515  I2C_WriteMultiple                 
0000549f  I2C_WriteSingle                   
20001dd0  IBit_State                        
00004009  Idle_Thread                       
00004eb1  IntDisable                        
00004e3f  IntEnable                         
00004f23  IntIsEnabled                      
00004d03  IntMasterDisable                  
00004cf3  IntMasterEnable                   
00005019  IntPendClear                      
00004fa9  IntPendSet                        
00004e1b  IntPriorityGet                    
00004d93  IntPriorityGroupingGet            
00004d79  IntPriorityGroupingSet            
00005073  IntPriorityMaskGet                
00005067  IntPriorityMaskSet                
00004dcb  IntPrioritySet                    
00004d13  IntRegister                       
0000507b  IntTrigger                        
00004d65  IntUnregister                     
00005d53  JOYSTICK_GetPress                 
00005d67  JOYSTICK_GetX                     
00005d89  JOYSTICK_GetXY                    
00005d77  JOYSTICK_GetY                     
00005ce5  JOYSTICK_Init                     
00005d2f  JOYSTICK_IntEnable                
000061bb  MultimodButtons_Get               
00006191  MultimodButtons_Init              
00005a5d  PCA9555_GetInput                  
00005b5b  PCA9555_ReadReg                   
00005b17  PCA9555_SetOutput                 
00005a8f  PCA9555_SetPinDir                 
00005ad3  PCA9555_SetPinPol                 
00005c67  PCA9556b_SetLED                   
00005c59  PCA9956b_DisableOutput            
00005c4b  PCA9956b_EnableOutput             
00005cbb  PCA9956b_GetChipID                
00005ba5  PCA9956b_Init                     
00005bf7  PCA9956b_SetAllMax                
00005c21  PCA9956b_SetAllOff                
000060b9  PendSV_Handler                    
0000400b  Read_Buttons                      
000041a5  Read_Joystick                     
00006331  ResetISR                          
000056a9  SPI_Init                          
00005811  SPI_ReadMultiple                  
00005789  SPI_ReadSingle                    
000057b1  SPI_WriteMultiple                 
0000576b  SPI_WriteSingle                   
00005369  SSIAdvDataPutFrameEnd             
0000538f  SSIAdvDataPutFrameEndNonBlocking  
000053d1  SSIAdvFrameHoldDisable            
000053bb  SSIAdvFrameHoldEnable             
00005337  SSIAdvModeSet                     
000052f5  SSIBusy                           
00005327  SSIClockSourceGet                 
00005313  SSIClockSourceSet                 
0000510f  SSIConfigSetExpClk                
000052dd  SSIDMADisable                     
000052c5  SSIDMAEnable                      
00005287  SSIDataGet                        
000052a3  SSIDataGetNonBlocking             
0000524d  SSIDataPut                        
00005267  SSIDataPutNonBlocking             
0000519f  SSIDisable                        
00005189  SSIEnable                         
0000523b  SSIIntClear                       
00005205  SSIIntDisable                     
000051ed  SSIIntEnable                      
000051b5  SSIIntRegister                    
0000521d  SSIIntStatus                      
000051d3  SSIIntUnregister                  
000053fd  SSILoopbackDisable                
000053e7  SSILoopbackEnable                 
0000264f  ST7789_Deselect                   
00002815  ST7789_DrawHLine                  
00002bb7  ST7789_DrawLine                   
00002b49  ST7789_DrawPixel                  
00002c87  ST7789_DrawRectangle              
0000277f  ST7789_DrawVLine                  
00002b9b  ST7789_Fill                       
00002a67  ST7789_Init                       
000028c9  ST7789_Line                       
000026a5  ST7789_ReadRegister               
00002641  ST7789_Select                     
0000266b  ST7789_SetCommand                 
0000265d  ST7789_SetData                    
000026b3  ST7789_SetWindow                  
00002679  ST7789_WriteCommand               
00002693  ST7789_WriteData                  
00006309  StartCriticalSection              
000011a9  SysCtlAltClkConfig                
000008d1  SysCtlClockFreqSet                
00000d99  SysCtlClockGet                    
0000118d  SysCtlClockOutConfig              
00000bc9  SysCtlClockSet                    
000007d5  SysCtlDeepSleep                   
00000f5d  SysCtlDeepSleepClockConfigSet     
00000f3f  SysCtlDeepSleepClockSet           
000007b5  SysCtlDeepSleepPowerSet           
0000633d  SysCtlDelay                       
00000363  SysCtlFlashSectorSizeGet          
00000337  SysCtlFlashSizeGet                
00001033  SysCtlGPIOAHBDisable              
00001017  SysCtlGPIOAHBEnable               
00000749  SysCtlIntClear                    
00000731  SysCtlIntDisable                  
0000071d  SysCtlIntEnable                   
000006f5  SysCtlIntRegister                 
00000759  SysCtlIntStatus                   
0000070d  SysCtlIntUnregister               
0000079b  SysCtlLDODeepSleepGet             
0000078b  SysCtlLDODeepSleepSet             
00000785  SysCtlLDOSleepGet                 
00000775  SysCtlLDOSleepSet                 
0000080b  SysCtlMOSCConfigSet               
00001171  SysCtlNMIClear                    
0000115d  SysCtlNMIStatus                   
00000821  SysCtlPIOSCCalibrate              
00001001  SysCtlPWMClockGet                 
00000fe7  SysCtlPWMClockSet                 
000006a1  SysCtlPeripheralClockGating       
00000659  SysCtlPeripheralDeepSleepDisable  
00000609  SysCtlPeripheralDeepSleepEnable   
00000545  SysCtlPeripheralDisable           
00000509  SysCtlPeripheralEnable            
00000445  SysCtlPeripheralPowerOff          
00000409  SysCtlPeripheralPowerOn           
00000389  SysCtlPeripheralPresent           
000003c9  SysCtlPeripheralReady             
00000481  SysCtlPeripheralReset             
000005cd  SysCtlPeripheralSleepDisable      
00000589  SysCtlPeripheralSleepEnable       
000007c5  SysCtlReset                       
00000881  SysCtlResetBehaviorGet            
00000871  SysCtlResetBehaviorSet            
000007f7  SysCtlResetCauseClear             
000007f1  SysCtlResetCauseGet               
0000032d  SysCtlSRAMSizeGet                 
000007cd  SysCtlSleep                       
000007a1  SysCtlSleepPowerSet               
0000105b  SysCtlUSBPLLDisable               
0000104f  SysCtlUSBPLLEnable                
000010a1  SysCtlVCOGet                      
00001089  SysCtlVoltageEventClear           
0000106d  SysCtlVoltageEventConfig          
0000107d  SysCtlVoltageEventStatus          
00005f2d  SysTickDisable                    
00005f21  SysTickEnable                     
00005f71  SysTickIntDisable                 
00005f65  SysTickIntEnable                  
00005f39  SysTickIntRegister                
00005f51  SysTickIntUnregister              
00005f8f  SysTickPeriodGet                  
00005f7d  SysTickPeriodSet                  
00005f97  SysTickValueGet                   
000034a3  SysTick_Handler                   
20001dd4  SystemTime                        
000041bd  Tetris_Display_Thread             
00004037  Tetris_Game_Thread                
00004071  Tetris_Joystick_Thread            
00003b65  Threads_Init                      
000047e9  UART9BitAddrSend                  
000047c3  UART9BitAddrSet                   
000047ad  UART9BitDisable                   
00004797  UART9BitEnable                    
0000463b  UARTBreakCtl                      
00004665  UARTBusy                          
000045e3  UARTCharGet                       
000045c7  UARTCharGetNonBlocking            
0000461d  UARTCharPut                       
000045f9  UARTCharPutNonBlocking            
0000458b  UARTCharsAvail                    
00004787  UARTClockSourceGet                
00004773  UARTClockSourceSet                
0000435b  UARTConfigGetExpClk               
000042e5  UARTConfigSetExpClk               
00004739  UARTDMADisable                    
00004721  UARTDMAEnable                     
000043cb  UARTDisable                       
0000444f  UARTDisableSIR                    
000043a7  UARTEnable                        
00004421  UARTEnableSIR                     
0000440b  UARTFIFODisable                   
000043f5  UARTFIFOEnable                    
000042bd  UARTFIFOLevelGet                  
000042a5  UARTFIFOLevelSet                  
0000454b  UARTFlowControlGet                
0000452f  UARTFlowControlSet                
0000470f  UARTIntClear                      
000046d9  UARTIntDisable                    
000046c1  UARTIntEnable                     
00004683  UARTIntRegister                   
000046f1  UARTIntStatus                     
000046a1  UARTIntUnregister                 
00004831  UARTLoopbackEnable                
000044e5  UARTModemControlClear             
00004509  UARTModemControlGet               
000044ad  UARTModemControlSet               
0000451b  UARTModemStatusGet                
00004293  UARTParityModeGet                 
00004277  UARTParityModeSet                 
00004763  UARTRxErrorClear                  
00004751  UARTRxErrorGet                    
00004497  UARTSmartCardDisable              
00004465  UARTSmartCardEnable               
000045a9  UARTSpaceAvail                    
00004849  UARTStdioConfig                   
00004579  UARTTxIntModeGet                  
0000455d  UARTTxIntModeSet                  
00006133  UART_BeagleBone_Init              
000060ed  UART_Init                         
00004999  UARTgetc                          
000048df  UARTgets                          
00004cbb  UARTprintf                        
000049c1  UARTvprintf                       
0000488f  UARTwrite                         
20001ff0  __STACK_END                       
00000200  __STACK_SIZE                      
20001ff0  __STACK_TOP                       
00006b00  __TI_CINIT_Base                   
00006b18  __TI_CINIT_Limit                  
00006ae4  __TI_Handler_Table_Base           
00006af0  __TI_Handler_Table_Limit          
000061dd  __TI_auto_init_nobinit_nopinit    
00006023  __TI_decompress_lzss              
00006317  __TI_decompress_none              
ffffffff  __TI_pprof_out_hndl               
ffffffff  __TI_prof_data_size               
ffffffff  __TI_prof_data_start              
00000000  __TI_static_base__                
00006325  __TI_zero_init                    
00005413  __aeabi_idiv0                     
00005413  __aeabi_ldiv0                     
00005fa9  __aeabi_memclr                    
00005fa9  __aeabi_memclr4                   
00005fa9  __aeabi_memclr8                   
00005e85  __aeabi_memcpy                    
00005e85  __aeabi_memcpy4                   
00005e85  __aeabi_memcpy8                   
00005fab  __aeabi_memset                    
00005fab  __aeabi_memset4                   
00005fab  __aeabi_memset8                   
00006221  __aeabi_uidiv                     
00006221  __aeabi_uidivmod                  
ffffffff  __binit__                         
ffffffff  __c_args__                        
UNDEFED   __mpu_init                        
20001df0  __stack                           
20000000  __start___llvm_prf_cnts           
20000000  __stop___llvm_prf_cnts            
000062a1  _c_int00_noargs                   
20001ff0  _lock                             
00004847  _nop                              
UNDEFED   _system_post_cinit                
00006343  _system_pre_init                  
20001ff4  _unlock                           
00006347  abort                             
ffffffff  binit                             
00002a49  delay_ms                          
20002008  dropSpeed                         
20000000  g_pfnRAMVectors                   
00000000  g_pfnVectors                      
0000615d  main                              
00005e85  memcpy                            
00005fb1  memset                            
000062d5  rand                              
20001dd8  sem_GameState                     
20001ddc  sem_I2CA                          
20001de0  sem_Joystick_Debounce             
20001de4  sem_PCA9555_Debounce              
20001de8  sem_SPIA                          
00003af5  sleep                             


GLOBAL SYMBOLS: SORTED BY Symbol Address 

address   name                              
-------   ----                              
00000000  __TI_static_base__                
00000000  g_pfnVectors                      
00000200  __STACK_SIZE                      
0000032d  SysCtlSRAMSizeGet                 
00000337  SysCtlFlashSizeGet                
00000363  SysCtlFlashSectorSizeGet          
00000389  SysCtlPeripheralPresent           
000003c9  SysCtlPeripheralReady             
00000409  SysCtlPeripheralPowerOn           
00000445  SysCtlPeripheralPowerOff          
00000481  SysCtlPeripheralReset             
00000509  SysCtlPeripheralEnable            
00000545  SysCtlPeripheralDisable           
00000589  SysCtlPeripheralSleepEnable       
000005cd  SysCtlPeripheralSleepDisable      
00000609  SysCtlPeripheralDeepSleepEnable   
00000659  SysCtlPeripheralDeepSleepDisable  
000006a1  SysCtlPeripheralClockGating       
000006f5  SysCtlIntRegister                 
0000070d  SysCtlIntUnregister               
0000071d  SysCtlIntEnable                   
00000731  SysCtlIntDisable                  
00000749  SysCtlIntClear                    
00000759  SysCtlIntStatus                   
00000775  SysCtlLDOSleepSet                 
00000785  SysCtlLDOSleepGet                 
0000078b  SysCtlLDODeepSleepSet             
0000079b  SysCtlLDODeepSleepGet             
000007a1  SysCtlSleepPowerSet               
000007b5  SysCtlDeepSleepPowerSet           
000007c5  SysCtlReset                       
000007cd  SysCtlSleep                       
000007d5  SysCtlDeepSleep                   
000007f1  SysCtlResetCauseGet               
000007f7  SysCtlResetCauseClear             
0000080b  SysCtlMOSCConfigSet               
00000821  SysCtlPIOSCCalibrate              
00000871  SysCtlResetBehaviorSet            
00000881  SysCtlResetBehaviorGet            
000008d1  SysCtlClockFreqSet                
00000bc9  SysCtlClockSet                    
00000d99  SysCtlClockGet                    
00000f3f  SysCtlDeepSleepClockSet           
00000f5d  SysCtlDeepSleepClockConfigSet     
00000fe7  SysCtlPWMClockSet                 
00001001  SysCtlPWMClockGet                 
00001017  SysCtlGPIOAHBEnable               
00001033  SysCtlGPIOAHBDisable              
0000104f  SysCtlUSBPLLEnable                
0000105b  SysCtlUSBPLLDisable               
0000106d  SysCtlVoltageEventConfig          
0000107d  SysCtlVoltageEventStatus          
00001089  SysCtlVoltageEventClear           
000010a1  SysCtlVCOGet                      
0000115d  SysCtlNMIStatus                   
00001171  SysCtlNMIClear                    
0000118d  SysCtlClockOutConfig              
000011a9  SysCtlAltClkConfig                
0000124b  GPIODirModeSet                    
000012a7  GPIODirModeGet                    
000012f3  GPIOIntTypeSet                    
00001397  GPIOIntTypeGet                    
00001421  GPIOPadConfigSet                  
0000168f  GPIOPadConfigGet                  
00001801  GPIOIntEnable                     
00001825  GPIOIntDisable                    
0000183f  GPIOIntStatus                     
00001861  GPIOIntClear                      
00001875  GPIOIntRegister                   
00001893  GPIOIntUnregister                 
000018ad  GPIOIntRegisterPin                
000018db  GPIOIntUnregisterPin              
000018ff  GPIOPinRead                       
00001917  GPIOPinWrite                      
00001937  GPIOPinTypeADC                    
0000195b  GPIOPinTypeCAN                    
0000197f  GPIOPinTypeComparator             
000019a3  GPIOPinTypeComparatorOutput       
000019c7  GPIOPinTypeDIVSCLK                
000019eb  GPIOPinTypeEPI                    
00001a0f  GPIOPinTypeEthernetLED            
00001a33  GPIOPinTypeEthernetMII            
00001a57  GPIOPinTypeGPIOInput              
00001a7b  GPIOPinTypeGPIOOutput             
00001aa5  GPIOPinTypeGPIOOutputOD           
00001ac9  GPIOPinTypeHibernateRTCCLK        
00001aed  GPIOPinTypeI2C                    
00001b11  GPIOPinTypeI2CSCL                 
00001b35  GPIOPinTypeLCD                    
00001b59  GPIOPinTypeOneWire                
00001b7d  GPIOPinTypePWM                    
00001ba1  GPIOPinTypeQEI                    
00001bc5  GPIOPinTypeSSI                    
00001be9  GPIOPinTypeTimer                  
00001c0d  GPIOPinTypeTrace                  
00001c31  GPIOPinTypeUART                   
00001c55  GPIOPinTypeUSBAnalog              
00001c79  GPIOPinTypeUSBDigital             
00001c9d  GPIOPinTypeWakeHigh               
00001cc3  GPIOPinTypeWakeLow                
00001ce9  GPIOPinWakeStatus                 
00001cf9  GPIOPinConfigure                  
00001d57  GPIODMATriggerEnable              
00001d75  GPIODMATriggerDisable             
00001d93  GPIOADCTriggerEnable              
00001db1  GPIOADCTriggerDisable             
00001dcf  GPIOUnlockPin                     
00001e5b  ADCIntRegister                    
00001e83  ADCIntUnregister                  
00001ea1  ADCIntDisable                     
00001ebd  ADCIntEnable                      
00001ee3  ADCIntStatus                      
00001f3b  ADCIntClear                       
00001f51  ADCSequenceEnable                 
00001f6b  ADCSequenceDisable                
00001f85  ADCSequenceConfigure              
00002021  ADCSequenceStepConfigure          
0000210f  ADCSequenceOverflow               
00002127  ADCSequenceOverflowClear          
0000213d  ADCSequenceUnderflow              
00002155  ADCSequenceUnderflowClear         
0000216b  ADCSequenceDataGet                
000021ad  ADCProcessorTrigger               
000021d1  ADCSoftwareOversampleConfigure    
00002223  ADCSoftwareOversampleStepConfigure
00002305  ADCSoftwareOversampleDataGet      
00002399  ADCHardwareOversampleConfigure    
000023cb  ADCComparatorConfigure            
000023e7  ADCComparatorRegionSet            
0000240b  ADCComparatorReset                
00002451  ADCComparatorIntDisable           
0000246f  ADCComparatorIntEnable            
00002491  ADCComparatorIntStatus            
000024a5  ADCComparatorIntClear             
000024b7  ADCIntDisableEx                   
000024cf  ADCIntEnableEx                    
000024e7  ADCIntStatusEx                    
00002519  ADCIntClearEx                     
0000252b  ADCReferenceSet                   
00002547  ADCReferenceGet                   
00002559  ADCPhaseDelaySet                  
0000256b  ADCPhaseDelayGet                  
00002579  ADCSequenceDMAEnable              
00002595  ADCSequenceDMADisable             
000025b1  ADCBusy                           
000025cf  ADCClockConfigSet                 
000025f9  ADCClockConfigGet                 
00002641  ST7789_Select                     
0000264f  ST7789_Deselect                   
0000265d  ST7789_SetData                    
0000266b  ST7789_SetCommand                 
00002679  ST7789_WriteCommand               
00002693  ST7789_WriteData                  
000026a5  ST7789_ReadRegister               
000026b3  ST7789_SetWindow                  
0000277f  ST7789_DrawVLine                  
00002815  ST7789_DrawHLine                  
000028c9  ST7789_Line                       
00002a49  delay_ms                          
00002a67  ST7789_Init                       
00002b49  ST7789_DrawPixel                  
00002b9b  ST7789_Fill                       
00002bb7  ST7789_DrawLine                   
00002c87  ST7789_DrawRectangle              
00002ddf  I2CMasterInitExpClk               
00002e51  I2CSlaveInit                      
00002e6b  I2CSlaveAddressSet                
00002ea9  I2CMasterEnable                   
00002ebf  I2CSlaveEnable                    
00002edd  I2CMasterDisable                  
00002ef3  I2CSlaveDisable                   
00002f11  I2CIntRegister                    
00002f2f  I2CIntUnregister                  
00002f49  I2CMasterIntEnable                
00002f59  I2CMasterIntEnableEx              
00002f71  I2CSlaveIntEnable                 
00002f89  I2CSlaveIntEnableEx               
00002fa3  I2CMasterIntDisable               
00002fb3  I2CMasterIntDisableEx             
00002fcb  I2CSlaveIntDisable                
00002fe3  I2CSlaveIntDisableEx              
00002ffd  I2CMasterIntStatus                
00003041  I2CMasterIntStatusEx              
0000306d  I2CSlaveIntStatus                 
000030b5  I2CSlaveIntStatusEx               
000030d7  I2CMasterIntClear                 
000030f5  I2CMasterIntClearEx               
00003107  I2CSlaveIntClear                  
00003119  I2CSlaveIntClearEx                
0000312d  I2CMasterSlaveAddrSet             
0000314f  I2CMasterLineStateGet             
0000315d  I2CMasterBusy                     
00003175  I2CMasterBusBusy                  
0000318d  I2CMasterControl                  
0000319f  I2CMasterErr                      
000031cb  I2CMasterDataPut                  
000031e1  I2CMasterDataGet                  
000031ef  I2CMasterTimeoutSet               
00003201  I2CSlaveACKOverride               
00003233  I2CSlaveACKValueSet               
00003265  I2CSlaveStatus                    
00003275  I2CSlaveDataPut                   
0000328d  I2CSlaveDataGet                   
0000329d  I2CTxFIFOConfigSet                
000032c5  I2CTxFIFOFlush                    
000032dd  I2CRxFIFOConfigSet                
00003305  I2CRxFIFOFlush                    
0000331d  I2CFIFOStatus                     
0000332d  I2CFIFODataPut                    
0000334f  I2CFIFODataPutNonBlocking         
00003377  I2CFIFODataGet                    
00003391  I2CFIFODataGetNonBlocking         
000033b7  I2CMasterBurstLengthSet           
000033cd  I2CMasterBurstCountGet            
000033db  I2CMasterGlitchFilterConfigSet    
00003429  I2CSlaveFIFOEnable                
00003441  I2CSlaveFIFODisable               
00003453  I2CLoopbackEnable                 
000034a3  SysTick_Handler                   
00003553  G8RTOS_Init                       
000035a7  G8RTOS_Launch                     
000035cb  G8RTOS_Scheduler                  
00003655  G8RTOS_AddThread                  
0000385d  G8RTOS_Add_APeriodicEvent         
000038dd  G8RTOS_Add_PeriodicEvent          
000039bd  G8RTOS_KillThread                 
00003a85  G8RTOS_KillSelf                   
00003af5  sleep                             
00003b25  G8RTOS_GetThreadID                
00003b2d  G8RTOS_GetNumberOfThreads         
00003b65  Threads_Init                      
00004009  Idle_Thread                       
0000400b  Read_Buttons                      
00004037  Tetris_Game_Thread                
00004071  Tetris_Joystick_Thread            
000041a5  Read_Joystick                     
000041bd  Tetris_Display_Thread             
000041d1  Button_Handler                    
00004277  UARTParityModeSet                 
00004293  UARTParityModeGet                 
000042a5  UARTFIFOLevelSet                  
000042bd  UARTFIFOLevelGet                  
000042e5  UARTConfigSetExpClk               
0000435b  UARTConfigGetExpClk               
000043a7  UARTEnable                        
000043cb  UARTDisable                       
000043f5  UARTFIFOEnable                    
0000440b  UARTFIFODisable                   
00004421  UARTEnableSIR                     
0000444f  UARTDisableSIR                    
00004465  UARTSmartCardEnable               
00004497  UARTSmartCardDisable              
000044ad  UARTModemControlSet               
000044e5  UARTModemControlClear             
00004509  UARTModemControlGet               
0000451b  UARTModemStatusGet                
0000452f  UARTFlowControlSet                
0000454b  UARTFlowControlGet                
0000455d  UARTTxIntModeSet                  
00004579  UARTTxIntModeGet                  
0000458b  UARTCharsAvail                    
000045a9  UARTSpaceAvail                    
000045c7  UARTCharGetNonBlocking            
000045e3  UARTCharGet                       
000045f9  UARTCharPutNonBlocking            
0000461d  UARTCharPut                       
0000463b  UARTBreakCtl                      
00004665  UARTBusy                          
00004683  UARTIntRegister                   
000046a1  UARTIntUnregister                 
000046c1  UARTIntEnable                     
000046d9  UARTIntDisable                    
000046f1  UARTIntStatus                     
0000470f  UARTIntClear                      
00004721  UARTDMAEnable                     
00004739  UARTDMADisable                    
00004751  UARTRxErrorGet                    
00004763  UARTRxErrorClear                  
00004773  UARTClockSourceSet                
00004787  UARTClockSourceGet                
00004797  UART9BitEnable                    
000047ad  UART9BitDisable                   
000047c3  UART9BitAddrSet                   
000047e9  UART9BitAddrSend                  
00004831  UARTLoopbackEnable                
00004847  _nop                              
00004849  UARTStdioConfig                   
0000488f  UARTwrite                         
000048df  UARTgets                          
00004999  UARTgetc                          
000049c1  UARTvprintf                       
00004cbb  UARTprintf                        
00004cf3  IntMasterEnable                   
00004d03  IntMasterDisable                  
00004d13  IntRegister                       
00004d65  IntUnregister                     
00004d79  IntPriorityGroupingSet            
00004d93  IntPriorityGroupingGet            
00004dcb  IntPrioritySet                    
00004e1b  IntPriorityGet                    
00004e3f  IntEnable                         
00004eb1  IntDisable                        
00004f23  IntIsEnabled                      
00004fa9  IntPendSet                        
00005019  IntPendClear                      
00005067  IntPriorityMaskSet                
00005073  IntPriorityMaskGet                
0000507b  IntTrigger                        
0000510f  SSIConfigSetExpClk                
00005189  SSIEnable                         
0000519f  SSIDisable                        
000051b5  SSIIntRegister                    
000051d3  SSIIntUnregister                  
000051ed  SSIIntEnable                      
00005205  SSIIntDisable                     
0000521d  SSIIntStatus                      
0000523b  SSIIntClear                       
0000524d  SSIDataPut                        
00005267  SSIDataPutNonBlocking             
00005287  SSIDataGet                        
000052a3  SSIDataGetNonBlocking             
000052c5  SSIDMAEnable                      
000052dd  SSIDMADisable                     
000052f5  SSIBusy                           
00005313  SSIClockSourceSet                 
00005327  SSIClockSourceGet                 
00005337  SSIAdvModeSet                     
00005369  SSIAdvDataPutFrameEnd             
0000538f  SSIAdvDataPutFrameEndNonBlocking  
000053bb  SSIAdvFrameHoldEnable             
000053d1  SSIAdvFrameHoldDisable            
000053e7  SSILoopbackEnable                 
000053fd  SSILoopbackDisable                
00005413  __aeabi_idiv0                     
00005413  __aeabi_ldiv0                     
00005415  I2C_Init                          
0000549f  I2C_WriteSingle                   
000054db  I2C_ReadSingle                    
00005515  I2C_WriteMultiple                 
000055c7  I2C_ReadMultiple                  
000056a9  SPI_Init                          
0000576b  SPI_WriteSingle                   
00005789  SPI_ReadSingle                    
000057b1  SPI_WriteMultiple                 
00005811  SPI_ReadMultiple                  
000058ad  G8RTOS_InitFIFO                   
00005915  G8RTOS_ReadFIFO                   
0000599f  G8RTOS_WriteFIFO                  
00005a5d  PCA9555_GetInput                  
00005a8f  PCA9555_SetPinDir                 
00005ad3  PCA9555_SetPinPol                 
00005b17  PCA9555_SetOutput                 
00005b5b  PCA9555_ReadReg                   
00005ba5  PCA9956b_Init                     
00005bf7  PCA9956b_SetAllMax                
00005c21  PCA9956b_SetAllOff                
00005c4b  PCA9956b_EnableOutput             
00005c59  PCA9956b_DisableOutput            
00005c67  PCA9556b_SetLED                   
00005cbb  PCA9956b_GetChipID                
00005ce5  JOYSTICK_Init                     
00005d2f  JOYSTICK_IntEnable                
00005d53  JOYSTICK_GetPress                 
00005d67  JOYSTICK_GetX                     
00005d77  JOYSTICK_GetY                     
00005d89  JOYSTICK_GetXY                    
00005dd5  G8RTOS_InitSemaphore              
00005df3  G8RTOS_WaitSemaphore              
00005e33  G8RTOS_SignalSemaphore            
00005e85  __aeabi_memcpy                    
00005e85  __aeabi_memcpy4                   
00005e85  __aeabi_memcpy8                   
00005e85  memcpy                            
00005f21  SysTickEnable                     
00005f2d  SysTickDisable                    
00005f39  SysTickIntRegister                
00005f51  SysTickIntUnregister              
00005f65  SysTickIntEnable                  
00005f71  SysTickIntDisable                 
00005f7d  SysTickPeriodSet                  
00005f8f  SysTickPeriodGet                  
00005f97  SysTickValueGet                   
00005fa9  __aeabi_memclr                    
00005fa9  __aeabi_memclr4                   
00005fa9  __aeabi_memclr8                   
00005fab  __aeabi_memset                    
00005fab  __aeabi_memset4                   
00005fab  __aeabi_memset8                   
00005fb1  memset                            
00006023  __TI_decompress_lzss              
00006095  G8RTOS_Start                      
000060b9  PendSV_Handler                    
000060ed  UART_Init                         
00006133  UART_BeagleBone_Init              
0000615d  main                              
00006191  MultimodButtons_Init              
000061bb  MultimodButtons_Get               
000061dd  __TI_auto_init_nobinit_nopinit    
00006221  __aeabi_uidiv                     
00006221  __aeabi_uidivmod                  
00006261  CPUcpsid                          
0000626d  CPUprimask                        
00006277  CPUcpsie                          
00006283  CPUwfi                            
00006287  CPUbasepriSet                     
00006295  CPUbasepriGet                     
000062a1  _c_int00_noargs                   
000062d5  rand                              
00006309  StartCriticalSection              
00006311  EndCriticalSection                
00006317  __TI_decompress_none              
00006325  __TI_zero_init                    
00006331  ResetISR                          
0000633d  SysCtlDelay                       
00006343  _system_pre_init                  
00006347  C$$EXIT                           
00006347  abort                             
00006ae4  __TI_Handler_Table_Base           
00006af0  __TI_Handler_Table_Limit          
00006b00  __TI_CINIT_Base                   
00006b18  __TI_CINIT_Limit                  
20000000  __start___llvm_prf_cnts           
20000000  __stop___llvm_prf_cnts            
20000000  g_pfnRAMVectors                   
20001dcc  CurrentlyRunningThread            
20001dd0  IBit_State                        
20001dd4  SystemTime                        
20001dd8  sem_GameState                     
20001ddc  sem_I2CA                          
20001de0  sem_Joystick_Debounce             
20001de4  sem_PCA9555_Debounce              
20001de8  sem_SPIA                          
20001df0  __stack                           
20001ff0  __STACK_END                       
20001ff0  __STACK_TOP                       
20001ff0  _lock                             
20001ff4  _unlock                           
20002008  dropSpeed                         
ffffffff  __TI_pprof_out_hndl               
ffffffff  __TI_prof_data_size               
ffffffff  __TI_prof_data_start              
ffffffff  __binit__                         
ffffffff  __c_args__                        
ffffffff  binit                             
UNDEFED   __mpu_init                        
UNDEFED   _system_post_cinit                

[446 symbols]
