******************************************************************************
                  TI ARM Linker PC v20.2.7                     
******************************************************************************
>> Linked Thu Dec 12 02:22:43 2024

OUTPUT FILE NAME:   <Tetris.out>
ENTRY POINT SYMBOL: "_c_int00_noargs"  address: 00004f99


MEMORY CONFIGURATION

         name            origin    length      used     unused   attr    fill
----------------------  --------  ---------  --------  --------  ----  --------
  FLASH                 00000000   00040000  00005825  0003a7db  R  X
  SRAM                  20000000   00008000  0000202c  00005fd4  RW X


SEGMENT ALLOCATION MAP

run origin  load origin   length   init length attrs members
----------  ----------- ---------- ----------- ----- -------
00000000    00000000    00005828   00005828    r-x
  00000000    00000000    0000026c   0000026c    r-- .intvecs
  0000026c    0000026c    00004dd6   00004dd6    r-x .text
  00005044    00005044    00000793   00000793    r-- .const
  000057d8    000057d8    00000050   00000050    r-- .cinit
20000000    20000000    0000202c   00000000    rw-
  20000000    20000000    0000026c   00000000    rw- .vtable
  2000026c    2000026c    00001b94   00000000    rw- .bss
  20001e00    20001e00    00000200   00000000    rw- .stack
  20002000    20002000    0000002c   00000000    rw- .data


SECTION ALLOCATION MAP

 output                                  attributes/
section   page    origin      length       input sections
--------  ----  ----------  ----------   ----------------
.intvecs   0    00000000    0000026c     
                  00000000    0000026c     tm4c123gh6pm_startup_ccs.obj (.intvecs)

.text      0    0000026c    00004dd6     
                  0000026c    000013ac     threads.obj (.text)
                  00001618    00000aa0     sysctl.obj (.text)
                  000020b8    00000728     gpio.obj (.text)
                  000027e0    000004ec     G8RTOS_Scheduler.obj (.text)
                  00002ccc    00000448     adc.obj (.text)
                  00003114    00000434     multimod_ST7789.obj (.text)
                  00003548    00000354     i2c.obj (.text)
                  0000389c    00000334     uartstdio.obj (.text)
                  00003bd0    000002f8     uart.obj (.text)
                  00003ec8    000002a4     interrupt.obj (.text)
                  0000416c    00000214     multimod_i2c.obj (.text)
                  00004380    000001b4     multimod_spi.obj (.text)
                  00004534    000001a4     ssi.obj (.text)
                  000046d8    00000140     G8RTOS_IPC.obj (.text)
                  00004818    00000130     multimod_PCA9956b.obj (.text)
                  00004948    000000ec     multimod_joystick.obj (.text)
                  00004a34    000000c8     multimod_PCA9555.obj (.text)
                  00004afc    0000009c     rtsv7M4_T_le_v4SPD16_eabi.lib : memcpy_t2.asm.obj (.text)
                  00004b98    00000090     G8RTOS_Semaphores.obj (.text)
                  00004c28    00000080     systick.obj (.text)
                  00004ca8    0000007a     rtsv7M4_T_le_v4SPD16_eabi.lib : memset_t2.asm.obj (.text)
                  00004d22    00000068                                   : copy_decompress_lzss.c.obj (.text:decompress:lzss:__TI_decompress_lzss)
                  00004d8a    00000002                                   : _lock.c.obj (.text:_nop)
                  00004d8c    00000060     G8RTOS_SchedulerASM.obj (.text)
                  00004dec    00000058     multimod_uart.obj (.text)
                  00004e44    00000050     multimod_buttons.obj (.text)
                  00004e94    00000048     main.obj (.text)
                  00004edc    00000044     rtsv7M4_T_le_v4SPD16_eabi.lib : autoinit.c.obj (.text:__TI_auto_init_nobinit_nopinit:__TI_auto_init_nobinit_nopinit)
                  00004f20    00000040                                   : u_divt2.asm.obj (.text)
                  00004f60    00000036     cpu.obj (.text)
                  00004f96    00000002     rtsv7M4_T_le_v4SPD16_eabi.lib : div0.asm.obj (.text)
                  00004f98    00000034                                   : boot_cortex_m.c.obj (.text:_c_int00_noargs:_c_int00_noargs)
                  00004fcc    00000034                                   : rand.c.obj (.text:rand)
                  00005000    0000000e     G8RTOS_CriticalSection.obj (.text)
                  0000500e    0000000e     rtsv7M4_T_le_v4SPD16_eabi.lib : copy_decompress_none.c.obj (.text:decompress:none:__TI_decompress_none)
                  0000501c    0000000c                                   : copy_zero_init.c.obj (.text:decompress:ZI:__TI_zero_init)
                  00005028    0000000c     tm4c123gh6pm_startup_ccs.obj (.text)
                  00005034    00000006     sysctl.obj (.text:SysCtlDelay)
                  0000503a    00000004     rtsv7M4_T_le_v4SPD16_eabi.lib : pre_init.c.obj (.text:_system_pre_init)
                  0000503e    00000004                                   : exit.c.obj (.text:abort:abort)

.const     0    00005044    00000793     
                  00005044    000001b0     sysctl.obj (.const:g_pppui32XTALtoVCO)
                  000051f4    000000d8     gpio.obj (.const:g_ppui32GPIOIntMapSnowflake)
                  000052cc    000000c0     gpio.obj (.const:g_ppui32GPIOIntMapBlizzard)
                  0000538c    0000009c     interrupt.obj (.const:g_pui32Regs)
                  00005428    00000090     gpio.obj (.const:g_pui32GPIOBaseAddrs)
                  000054b8    00000070     threads.obj (.const:PIECES)
                  00005528    0000006c     sysctl.obj (.const:g_pui32Xtals)
                  00005594    00000050     i2c.obj (.const:g_ppui32I2CIntMapSnowflake)
                  000055e4    00000040     uart.obj (.const:g_ppui32UARTIntMap)
                  00005624    00000040     uart.obj (.const:g_ppui32UARTIntMapSnowflake)
                  00005664    00000030     i2c.obj (.const:g_ppui32I2CIntMap)
                  00005694    00000030     sysctl.obj (.const:g_sXTALtoMEMTIM)
                  000056c4    00000020     ssi.obj (.const:g_ppui32SSIIntMap)
                  000056e4    00000020     ssi.obj (.const:g_ppui32SSIIntMapSnowflake)
                  00005704    00000020     interrupt.obj (.const:g_pui32Priority)
                  00005724    00000014     interrupt.obj (.const:g_pui32Dii16Regs)
                  00005738    00000014     interrupt.obj (.const:g_pui32EnRegs)
                  0000574c    00000014     interrupt.obj (.const:g_pui32PendRegs)
                  00005760    00000014     interrupt.obj (.const:g_pui32UnpendRegs)
                  00005774    00000012     uartstdio.obj (.const:.string)
                  00005786    00000010     threads.obj (.const:$P$T0$1)
                  00005796    00000010     threads.obj (.const:$P$T1$2)
                  000057a6    00000002     multimod_PCA9956b.obj (.const:.string:$P$T0$1)
                  000057a8    0000000c     uartstdio.obj (.const:g_ui32UARTBase)
                  000057b4    0000000c     uartstdio.obj (.const:g_ui32UARTPeriph)
                  000057c0    00000008     sysctl.obj (.const:g_pui32VCOFrequencies)
                  000057c8    00000004     uartstdio.obj (.const)
                  000057cc    00000003     multimod_PCA9555.obj (.const:.string:$P$T0$1)
                  000057cf    00000003     multimod_PCA9555.obj (.const:.string:$P$T1$2)
                  000057d2    00000003     multimod_PCA9555.obj (.const:.string:$P$T2$3)
                  000057d5    00000002     multimod_PCA9956b.obj (.const:.string:$P$T1$2)

.cinit     0    000057d8    00000050     
                  000057d8    00000019     (.cinit..data.load) [load image, compression = lzss]
                  000057f1    00000003     --HOLE-- [fill = 0]
                  000057f4    0000000c     (__TI_handler_table)
                  00005800    00000008     (.cinit..bss.load) [load image, compression = zero_init]
                  00005808    00000008     (.cinit..vtable.load) [load image, compression = zero_init]
                  00005810    00000018     (__TI_cinit_table)

.init_array 
*          0    00000000    00000000     UNINITIALIZED

.vtable    0    20000000    0000026c     UNINITIALIZED
                  20000000    0000026c     interrupt.obj (.vtable)

.bss       0    2000026c    00001b94     UNINITIALIZED
                  2000026c    00001800     G8RTOS_Scheduler.obj (.bss:threadStacks)
                  20001a6c    00000150     G8RTOS_IPC.obj (.bss:FIFOs)
                  20001bbc    00000108     G8RTOS_Scheduler.obj (.bss:threadControlBlocks)
                  20001cc4    000000b4     threads.obj (.bss:gameState)
                  20001d78    00000048     G8RTOS_Scheduler.obj (.bss:pthreadControlBlocks)
                  20001dc0    00000010     threads.obj (.bss:currentPiece)
                  20001dd0    00000008     G8RTOS_Scheduler.obj (.bss)
                  20001dd8    00000008     adc.obj (.bss:g_pui8OversampleFactor)
                  20001de0    00000004     (.common:CurrentlyRunningThread)
                  20001de4    00000004     (.common:IBit_State)
                  20001de8    00000004     (.common:SystemTime)
                  20001dec    00000004     (.common:sem_GameState)
                  20001df0    00000004     (.common:sem_I2CA)
                  20001df4    00000004     (.common:sem_PCA9555_Debounce)
                  20001df8    00000004     (.common:sem_SPIA)
                  20001dfc    00000004     (.common:sem_UART)

.data      0    20002000    0000002c     UNINITIALIZED
                  20002000    00000011     threads.obj (.data)
                  20002011    00000003     --HOLE--
                  20002014    00000008     rtsv7M4_T_le_v4SPD16_eabi.lib : _lock.c.obj (.data:$O1$$)
                  2000201c    00000005     uartstdio.obj (.data)
                  20002021    00000003     --HOLE--
                  20002024    00000004     G8RTOS_Scheduler.obj (.data)
                  20002028    00000004     rtsv7M4_T_le_v4SPD16_eabi.lib : rand.c.obj (.data)

.stack     0    20001e00    00000200     UNINITIALIZED
                  20001e00    00000004     rtsv7M4_T_le_v4SPD16_eabi.lib : boot_cortex_m.c.obj (.stack)
                  20001e04    000001fc     --HOLE--

__llvm_prf_cnts 
*          0    20000000    00000000     UNINITIALIZED

MODULE SUMMARY

       Module                         code    ro data   rw data
       ------                         ----    -------   -------
    .\
       threads.obj                    5036    144       213    
       tm4c123gh6pm_startup_ccs.obj   12      620       0      
       main.obj                       72      0         24     
    +--+------------------------------+-------+---------+---------+
       Total:                         5120    764       237    
                                                               
    .\G8RTOS\src\
       G8RTOS_Scheduler.obj           1260    0         6500   
       G8RTOS_IPC.obj                 320     0         336    
       G8RTOS_Semaphores.obj          144     0         0      
       G8RTOS_SchedulerASM.obj        96      0         0      
       G8RTOS_CriticalSection.obj     14      0         0      
    +--+------------------------------+-------+---------+---------+
       Total:                         1834    0         6836   
                                                               
    .\MultimodDrivers\src\
       multimod_ST7789.obj            1076    0         0      
       multimod_i2c.obj               532     0         0      
       multimod_spi.obj               436     0         0      
       multimod_PCA9956b.obj          304     4         0      
       multimod_joystick.obj          236     0         0      
       multimod_PCA9555.obj           200     9         0      
       multimod_uart.obj              88      0         0      
       multimod_buttons.obj           80      0         0      
    +--+------------------------------+-------+---------+---------+
       Total:                         2952    13        0      
                                                               
    .\driverlib\
       sysctl.obj                     2726    596       0      
       gpio.obj                       1832    552       0      
       interrupt.obj                  676     268       620    
       adc.obj                        1096    0         8      
       i2c.obj                        852     128       0      
       uart.obj                       760     128       0      
       uartstdio.obj                  820     46        5      
       ssi.obj                        420     64        0      
       systick.obj                    128     0         0      
       cpu.obj                        54      0         0      
    +--+------------------------------+-------+---------+---------+
       Total:                         9364    1782      633    
                                                               
    C:\ti\ccs1280\ccs\tools\compiler\ti-cgt-arm_20.2.7.LTS\lib\rtsv7M4_T_le_v4SPD16_eabi.lib
       memcpy_t2.asm.obj              156     0         0      
       memset_t2.asm.obj              122     0         0      
       copy_decompress_lzss.c.obj     104     0         0      
       autoinit.c.obj                 68      0         0      
       u_divt2.asm.obj                64      0         0      
       rand.c.obj                     52      0         4      
       boot_cortex_m.c.obj            52      0         0      
       copy_decompress_none.c.obj     14      0         0      
       copy_zero_init.c.obj           12      0         0      
       _lock.c.obj                    2       0         8      
       exit.c.obj                     4       0         0      
       pre_init.c.obj                 4       0         0      
       div0.asm.obj                   2       0         0      
    +--+------------------------------+-------+---------+---------+
       Total:                         656     0         12     
                                                               
       Stack:                         0       0         512    
       Linker Generated:              0       77        0      
    +--+------------------------------+-------+---------+---------+
       Grand Total:                   19926   2636      8230   


LINKER GENERATED COPY TABLES

__TI_cinit_table @ 00005810 records: 3, size/record: 8, table size: 24
	.data: load addr=000057d8, load size=00000019 bytes, run addr=20002000, run size=0000002c bytes, compression=lzss
	.bss: load addr=00005800, load size=00000008 bytes, run addr=2000026c, run size=00001b94 bytes, compression=zero_init
	.vtable: load addr=00005808, load size=00000008 bytes, run addr=20000000, run size=0000026c bytes, compression=zero_init


LINKER GENERATED HANDLER TABLE

__TI_handler_table @ 000057f4 records: 3, size/record: 4, table size: 12
	index: 0, handler: __TI_zero_init
	index: 1, handler: __TI_decompress_lzss
	index: 2, handler: __TI_decompress_none


GLOBAL SYMBOLS: SORTED ALPHABETICALLY BY Name 

address   name                              
-------   ----                              
000030f7  ADCBusy                           
000030d9  ADCClockConfigGet                 
000030c1  ADCClockConfigSet                 
000030b7  ADCComparatorConfigure            
000030b3  ADCComparatorIntClear             
000030a3  ADCComparatorIntDisable           
00003093  ADCComparatorIntEnable            
0000308f  ADCComparatorIntStatus            
00003081  ADCComparatorRegionSet            
00003061  ADCComparatorReset                
00003045  ADCHardwareOversampleConfigure    
00003035  ADCIntClear                       
00003031  ADCIntClearEx                     
00003023  ADCIntDisable                     
00003019  ADCIntDisableEx                   
00003005  ADCIntEnable                      
00002ffd  ADCIntEnableEx                    
00002fe5  ADCIntRegister                    
00002fb7  ADCIntStatus                      
00002fa3  ADCIntStatusEx                    
00002f8f  ADCIntUnregister                  
00002f4b  ADCPhaseDelayGet                  
00002f47  ADCPhaseDelaySet                  
00002f2f  ADCProcessorTrigger               
00002f27  ADCReferenceGet                   
00002f1b  ADCReferenceSet                   
00002ecf  ADCSequenceConfigure              
00002ebf  ADCSequenceDMADisable             
00002eaf  ADCSequenceDMAEnable              
00002e91  ADCSequenceDataGet                
00002e83  ADCSequenceDisable                
00002e75  ADCSequenceEnable                 
00002e6b  ADCSequenceOverflow               
00002e61  ADCSequenceOverflowClear          
00002ddf  ADCSequenceStepConfigure          
00002dd5  ADCSequenceUnderflow              
00002dcb  ADCSequenceUnderflowClear         
00002da1  ADCSoftwareOversampleConfigure    
00002d53  ADCSoftwareOversampleDataGet      
00002ccd  ADCSoftwareOversampleStepConfigure
000015dd  Button_Handler                    
0000503f  C$$EXIT                           
00004f8d  CPUbasepriGet                     
00004f87  CPUbasepriSet                     
00004f7b  CPUcpsid                          
00004f6f  CPUcpsie                          
00004f65  CPUprimask                        
00004f61  CPUwfi                            
20001de0  CurrentlyRunningThread            
00005009  EndCriticalSection                
00002b45  G8RTOS_AddThread                  
00002acb  G8RTOS_Add_APeriodicEvent         
00002a1d  G8RTOS_Add_PeriodicEvent          
0000290b  G8RTOS_GetNumberOfThreads         
00002a15  G8RTOS_GetThreadID                
000029e9  G8RTOS_Init                       
000047b1  G8RTOS_InitFIFO                   
00004c03  G8RTOS_InitSemaphore              
00002993  G8RTOS_KillSelf                   
00002911  G8RTOS_KillThread                 
000028e7  G8RTOS_Launch                     
0000474d  G8RTOS_ReadFIFO                   
00002887  G8RTOS_Scheduler                  
00004bcf  G8RTOS_SignalSemaphore            
00004d95  G8RTOS_Start                      
00004b99  G8RTOS_WaitSemaphore              
000046d9  G8RTOS_WriteFIFO                  
000027b3  GPIOADCTriggerDisable             
000027a7  GPIOADCTriggerEnable              
00002799  GPIODMATriggerDisable             
0000278d  GPIODMATriggerEnable              
00002763  GPIODirModeGet                    
000020d7  GPIODirModeSet                    
0000275d  GPIOIntClear                      
0000274f  GPIOIntDisable                    
00002743  GPIOIntEnable                     
0000272b  GPIOIntRegister                   
0000270f  GPIOIntRegisterPin                
00002701  GPIOIntStatus                     
000026b5  GPIOIntTypeGet                    
00002655  GPIOIntTypeSet                    
00002641  GPIOIntUnregister                 
00002629  GPIOIntUnregisterPin              
00002527  GPIOPadConfigGet                  
00002107  GPIOPadConfigSet                  
000024e9  GPIOPinConfigure                  
000024e3  GPIOPinRead                       
000024cd  GPIOPinTypeADC                    
000024b7  GPIOPinTypeCAN                    
000024a1  GPIOPinTypeComparator             
0000248b  GPIOPinTypeComparatorOutput       
00002475  GPIOPinTypeDIVSCLK                
00002451  GPIOPinTypeEPI                    
0000243b  GPIOPinTypeEthernetLED            
00002425  GPIOPinTypeEthernetMII            
00002409  GPIOPinTypeGPIOInput              
000023ef  GPIOPinTypeGPIOOutput             
000023d5  GPIOPinTypeGPIOOutputOD           
000023bf  GPIOPinTypeHibernateRTCCLK        
000023a9  GPIOPinTypeI2C                    
00002393  GPIOPinTypeI2CSCL                 
0000237d  GPIOPinTypeLCD                    
00002367  GPIOPinTypeOneWire                
00002351  GPIOPinTypePWM                    
0000233b  GPIOPinTypeQEI                    
00002325  GPIOPinTypeSSI                    
0000230f  GPIOPinTypeTimer                  
000022f9  GPIOPinTypeTrace                  
000022e3  GPIOPinTypeUART                   
000022cd  GPIOPinTypeUSBAnalog              
000022b7  GPIOPinTypeUSBDigital             
0000229f  GPIOPinTypeWakeHigh               
00002287  GPIOPinTypeWakeLow                
000020d1  GPIOPinWakeStatus                 
000020cb  GPIOPinWrite                      
000020b9  GPIOUnlockPin                     
0000386f  I2CFIFODataGet                    
00003859  I2CFIFODataGetNonBlocking         
0000384b  I2CFIFODataPut                    
00003837  I2CFIFODataPutNonBlocking         
00003831  I2CFIFOStatus                     
00003819  I2CIntRegister                    
00003805  I2CIntUnregister                  
000037c3  I2CLoopbackEnable                 
000037bf  I2CMasterBurstCountGet            
000037bb  I2CMasterBurstLengthSet           
000037b3  I2CMasterBusBusy                  
000037ab  I2CMasterBusy                     
000037a7  I2CMasterControl                  
000037a3  I2CMasterDataGet                  
0000379f  I2CMasterDataPut                  
00003795  I2CMasterDisable                  
000036fb  I2CMasterEnable                   
0000377b  I2CMasterErr                      
00003749  I2CMasterGlitchFilterConfigSet    
00003705  I2CMasterInitExpClk               
000036f3  I2CMasterIntClear                 
000036ef  I2CMasterIntClearEx               
000036e9  I2CMasterIntDisable               
000036df  I2CMasterIntDisableEx             
000036d9  I2CMasterIntEnable                
000036d1  I2CMasterIntEnableEx              
000036bf  I2CMasterIntStatus                
000036b5  I2CMasterIntStatusEx              
000036b1  I2CMasterLineStateGet             
000036a9  I2CMasterSlaveAddrSet             
000036a5  I2CMasterTimeoutSet               
0000368d  I2CRxFIFOConfigSet                
0000367f  I2CRxFIFOFlush                    
0000365f  I2CSlaveACKOverride               
0000363f  I2CSlaveACKValueSet               
00003629  I2CSlaveAddressSet                
00003623  I2CSlaveDataGet                   
0000361d  I2CSlaveDataPut                   
0000360d  I2CSlaveDisable                   
000035dd  I2CSlaveEnable                    
00003605  I2CSlaveFIFODisable               
000035fb  I2CSlaveFIFOEnable                
000035ed  I2CSlaveInit                      
000035d5  I2CSlaveIntClear                  
000035cf  I2CSlaveIntClearEx                
000035c1  I2CSlaveIntDisable                
000035b3  I2CSlaveIntDisableEx              
000035a5  I2CSlaveIntEnable                 
00003599  I2CSlaveIntEnableEx               
00003583  I2CSlaveIntStatus                 
00003575  I2CSlaveIntStatusEx               
0000356f  I2CSlaveStatus                    
00003557  I2CTxFIFOConfigSet                
00003549  I2CTxFIFOFlush                    
000042d3  I2C_Init                          
0000424d  I2C_ReadMultiple                  
00004221  I2C_ReadSingle                    
0000419b  I2C_WriteMultiple                 
0000416d  I2C_WriteSingle                   
20001de4  IBit_State                        
000015db  Idle_Thread                       
000040d9  IntDisable                        
0000407f  IntEnable                         
00004027  IntIsEnabled                      
00004017  IntMasterDisable                  
00004007  IntMasterEnable                   
00003fcb  IntPendClear                      
00003f81  IntPendSet                        
00003f67  IntPriorityGet                    
00003f45  IntPriorityGroupingGet            
00003f33  IntPriorityGroupingSet            
00004f8d  IntPriorityMaskGet                
00004f87  IntPriorityMaskSet                
00003f07  IntPrioritySet                    
00003edd  IntRegister                       
00003ed5  IntTrigger                        
00003ecb  IntUnregister                     
00004a0d  JOYSTICK_GetPress                 
00004a01  JOYSTICK_GetX                     
000049bf  JOYSTICK_GetXY                    
000049f7  JOYSTICK_GetY                     
0000496f  JOYSTICK_Init                     
00004949  JOYSTICK_IntEnable                
00004e71  MultimodButtons_Get               
00004e45  MultimodButtons_Init              
00004ac3  PCA9555_GetInput                  
00004a9b  PCA9555_ReadReg                   
00004a79  PCA9555_SetOutput                 
00004a57  PCA9555_SetPinDir                 
00004a35  PCA9555_SetPinPol                 
000048f3  PCA9556b_SetLED                   
000048e9  PCA9956b_DisableOutput            
000048df  PCA9956b_EnableOutput             
000048c7  PCA9956b_GetChipID                
00004871  PCA9956b_Init                     
00004845  PCA9956b_SetAllMax                
00004819  PCA9956b_SetAllOff                
00004db9  PendSV_Handler                    
000015b1  Read_Buttons                      
00001591  Read_Joystick                     
00005029  ResetISR                          
00004445  SPI_Init                          
000043f7  SPI_ReadMultiple                  
000043d3  SPI_ReadSingle                    
00004395  SPI_WriteMultiple                 
00004381  SPI_WriteSingle                   
000046b3  SSIAdvDataPutFrameEnd             
0000469b  SSIAdvDataPutFrameEndNonBlocking  
00004691  SSIAdvFrameHoldDisable            
00004687  SSIAdvFrameHoldEnable             
0000467b  SSIAdvModeSet                     
00004673  SSIBusy                           
0000466d  SSIClockSourceGet                 
00004667  SSIClockSourceSet                 
00004629  SSIConfigSetExpClk                
0000461f  SSIDMADisable                     
00004617  SSIDMAEnable                      
0000460b  SSIDataGet                        
000045f9  SSIDataGetNonBlocking             
000045ef  SSIDataPut                        
000045df  SSIDataPutNonBlocking             
000045d5  SSIDisable                        
000045cb  SSIEnable                         
000045c7  SSIIntClear                       
000045bd  SSIIntDisable                     
000045b5  SSIIntEnable                      
0000459d  SSIIntRegister                    
00004593  SSIIntStatus                      
0000457f  SSIIntUnregister                  
0000453f  SSILoopbackDisable                
00004535  SSILoopbackEnable                 
000031e7  ST7789_Deselect                   
0000349b  ST7789_DrawHLine                  
000034ff  ST7789_DrawLine                   
000031f1  ST7789_DrawPixel                  
000032db  ST7789_DrawRectangle              
0000343d  ST7789_DrawVLine                  
0000333b  ST7789_Fill                       
0000334f  ST7789_Init                       
00003225  ST7789_Line                       
000031e1  ST7789_ReadRegister               
000031d7  ST7789_Select                     
00003137  ST7789_SetCommand                 
00003141  ST7789_SetData                    
00003161  ST7789_SetWindow                  
0000314b  ST7789_WriteCommand               
0000312f  ST7789_WriteData                  
00005001  StartCriticalSection              
00002061  SysCtlAltClkConfig                
00001e71  SysCtlClockFreqSet                
00001cb1  SysCtlClockGet                    
00001c89  SysCtlClockOutConfig              
00001ba5  SysCtlClockSet                    
00001b7d  SysCtlDeepSleep                   
00001b21  SysCtlDeepSleepClockConfigSet     
00001b15  SysCtlDeepSleepClockSet           
00001b0f  SysCtlDeepSleepPowerSet           
00005035  SysCtlDelay                       
00001ae9  SysCtlFlashSectorSizeGet          
00001ab9  SysCtlFlashSizeGet                
00001aa3  SysCtlGPIOAHBDisable              
00001a8d  SysCtlGPIOAHBEnable               
00001a79  SysCtlIntClear                    
00001a6b  SysCtlIntDisable                  
00001a5f  SysCtlIntEnable                   
00001a4d  SysCtlIntRegister                 
00001a3d  SysCtlIntStatus                   
00001a2d  SysCtlIntUnregister               
00001a25  SysCtlLDODeepSleepGet             
00001a1d  SysCtlLDODeepSleepSet             
00001a15  SysCtlLDOSleepGet                 
00001a0d  SysCtlLDOSleepSet                 
00001a05  SysCtlMOSCConfigSet               
000019ed  SysCtlNMIClear                    
000019e5  SysCtlNMIStatus                   
0000199d  SysCtlPIOSCCalibrate              
00001985  SysCtlPWMClockGet                 
00001977  SysCtlPWMClockSet                 
00001935  SysCtlPeripheralClockGating       
00001907  SysCtlPeripheralDeepSleepDisable  
000018d9  SysCtlPeripheralDeepSleepEnable   
000018ab  SysCtlPeripheralDisable           
0000187d  SysCtlPeripheralEnable            
0000184f  SysCtlPeripheralPowerOff          
00001821  SysCtlPeripheralPowerOn           
000017ef  SysCtlPeripheralPresent           
000017bd  SysCtlPeripheralReady             
0000174f  SysCtlPeripheralReset             
00001721  SysCtlPeripheralSleepDisable      
000016f3  SysCtlPeripheralSleepEnable       
000016eb  SysCtlReset                       
000016e3  SysCtlResetBehaviorGet            
000016db  SysCtlResetBehaviorSet            
000016cd  SysCtlResetCauseClear             
000016c5  SysCtlResetCauseGet               
000016b7  SysCtlSRAMSizeGet                 
00004f61  SysCtlSleep                       
000016af  SysCtlSleepPowerSet               
000016a1  SysCtlUSBPLLDisable               
00001693  SysCtlUSBPLLEnable                
00001631  SysCtlVCOGet                      
00001627  SysCtlVoltageEventClear           
0000161f  SysCtlVoltageEventConfig          
00001619  SysCtlVoltageEventStatus          
00004c97  SysTickDisable                    
00004c89  SysTickEnable                     
00004c7b  SysTickIntDisable                 
00004c6d  SysTickIntEnable                  
00004c55  SysTickIntRegister                
00004c43  SysTickIntUnregister              
00004c39  SysTickPeriodGet                  
00004c2f  SysTickPeriodSet                  
00004c29  SysTickValueGet                   
000027ff  SysTick_Handler                   
20001de8  SystemTime                        
000014f1  Tetris_Button_Thread              
0000127d  Tetris_Display_Thread             
00001225  Tetris_Game_Thread                
00001141  Tetris_Joystick_Thread            
0000026d  Threads_Init                      
00003e8b  UART9BitAddrSend                  
00003e81  UART9BitAddrSet                   
00003e73  UART9BitDisable                   
00003e65  UART9BitEnable                    
00003e51  UARTBreakCtl                      
00003e49  UARTBusy                          
00003e3f  UARTCharGet                       
00003e2f  UARTCharGetNonBlocking            
00003e25  UARTCharPut                       
00003e15  UARTCharPutNonBlocking            
00003e07  UARTCharsAvail                    
00003e01  UARTClockSourceGet                
00003dfb  UARTClockSourceSet                
00003dd3  UARTConfigGetExpClk               
00003d8f  UARTConfigSetExpClk               
00003d85  UARTDMADisable                    
00003d7d  UARTDMAEnable                     
00003d65  UARTDisable                       
00003d5b  UARTDisableSIR                    
00003d47  UARTEnable                        
00003d2f  UARTEnableSIR                     
00003d25  UARTFIFODisable                   
00003d1b  UARTFIFOEnable                    
00003d0b  UARTFIFOLevelGet                  
00003d05  UARTFIFOLevelSet                  
00003cfd  UARTFlowControlGet                
00003cf1  UARTFlowControlSet                
00003ced  UARTIntClear                      
00003ce3  UARTIntDisable                    
00003cdb  UARTIntEnable                     
00003cc3  UARTIntRegister                   
00003cb9  UARTIntStatus                     
00003ca5  UARTIntUnregister                 
00003c65  UARTLoopbackEnable                
00003c53  UARTModemControlClear             
00003c4b  UARTModemControlGet               
00003c3f  UARTModemControlSet               
00003c35  UARTModemStatusGet                
00003c2d  UARTParityModeGet                 
00003c21  UARTParityModeSet                 
00003c1b  UARTRxErrorClear                  
00003c13  UARTRxErrorGet                    
00003c09  UARTSmartCardDisable              
00003bf3  UARTSmartCardEnable               
00003be5  UARTSpaceAvail                    
00003b69  UARTStdioConfig                   
00003bdd  UARTTxIntModeGet                  
00003bd1  UARTTxIntModeSet                  
00004e35  UART_BeagleBone_Init              
00004ded  UART_Init                         
00003b5b  UARTgetc                          
00003ae3  UARTgets                          
00003ac9  UARTprintf                        
000038d1  UARTvprintf                       
0000389d  UARTwrite                         
20002000  __STACK_END                       
00000200  __STACK_SIZE                      
20002000  __STACK_TOP                       
00005810  __TI_CINIT_Base                   
00005828  __TI_CINIT_Limit                  
000057f4  __TI_Handler_Table_Base           
00005800  __TI_Handler_Table_Limit          
00004edd  __TI_auto_init_nobinit_nopinit    
00004d23  __TI_decompress_lzss              
0000500f  __TI_decompress_none              
ffffffff  __TI_pprof_out_hndl               
ffffffff  __TI_prof_data_size               
ffffffff  __TI_prof_data_start              
00000000  __TI_static_base__                
0000501d  __TI_zero_init                    
00004f97  __aeabi_idiv0                     
00004f97  __aeabi_ldiv0                     
00004ca9  __aeabi_memclr                    
00004ca9  __aeabi_memclr4                   
00004ca9  __aeabi_memclr8                   
00004afd  __aeabi_memcpy                    
00004afd  __aeabi_memcpy4                   
00004afd  __aeabi_memcpy8                   
00004cab  __aeabi_memset                    
00004cab  __aeabi_memset4                   
00004cab  __aeabi_memset8                   
00004f21  __aeabi_uidiv                     
00004f21  __aeabi_uidivmod                  
ffffffff  __binit__                         
ffffffff  __c_args__                        
UNDEFED   __mpu_init                        
20001e00  __stack                           
20000000  __start___llvm_prf_cnts           
20000000  __stop___llvm_prf_cnts            
00004f99  _c_int00_noargs                   
20002014  _lock                             
00004d8b  _nop                              
UNDEFED   _system_post_cinit                
0000503b  _system_pre_init                  
20002018  _unlock                           
0000503f  abort                             
ffffffff  binit                             
00003115  delay_ms                          
20002000  dropSpeed                         
20000000  g_pfnRAMVectors                   
00000000  g_pfnVectors                      
00004eb1  main                              
00004afd  memcpy                            
00004cb1  memset                            
00004fcd  rand                              
20001dec  sem_GameState                     
20001df0  sem_I2CA                          
20001df4  sem_PCA9555_Debounce              
20001df8  sem_SPIA                          
20001dfc  sem_UART                          
000027e1  sleep                             


GLOBAL SYMBOLS: SORTED BY Symbol Address 

address   name                              
-------   ----                              
00000000  __TI_static_base__                
00000000  g_pfnVectors                      
00000200  __STACK_SIZE                      
0000026d  Threads_Init                      
00001141  Tetris_Joystick_Thread            
00001225  Tetris_Game_Thread                
0000127d  Tetris_Display_Thread             
000014f1  Tetris_Button_Thread              
00001591  Read_Joystick                     
000015b1  Read_Buttons                      
000015db  Idle_Thread                       
000015dd  Button_Handler                    
00001619  SysCtlVoltageEventStatus          
0000161f  SysCtlVoltageEventConfig          
00001627  SysCtlVoltageEventClear           
00001631  SysCtlVCOGet                      
00001693  SysCtlUSBPLLEnable                
000016a1  SysCtlUSBPLLDisable               
000016af  SysCtlSleepPowerSet               
000016b7  SysCtlSRAMSizeGet                 
000016c5  SysCtlResetCauseGet               
000016cd  SysCtlResetCauseClear             
000016db  SysCtlResetBehaviorSet            
000016e3  SysCtlResetBehaviorGet            
000016eb  SysCtlReset                       
000016f3  SysCtlPeripheralSleepEnable       
00001721  SysCtlPeripheralSleepDisable      
0000174f  SysCtlPeripheralReset             
000017bd  SysCtlPeripheralReady             
000017ef  SysCtlPeripheralPresent           
00001821  SysCtlPeripheralPowerOn           
0000184f  SysCtlPeripheralPowerOff          
0000187d  SysCtlPeripheralEnable            
000018ab  SysCtlPeripheralDisable           
000018d9  SysCtlPeripheralDeepSleepEnable   
00001907  SysCtlPeripheralDeepSleepDisable  
00001935  SysCtlPeripheralClockGating       
00001977  SysCtlPWMClockSet                 
00001985  SysCtlPWMClockGet                 
0000199d  SysCtlPIOSCCalibrate              
000019e5  SysCtlNMIStatus                   
000019ed  SysCtlNMIClear                    
00001a05  SysCtlMOSCConfigSet               
00001a0d  SysCtlLDOSleepSet                 
00001a15  SysCtlLDOSleepGet                 
00001a1d  SysCtlLDODeepSleepSet             
00001a25  SysCtlLDODeepSleepGet             
00001a2d  SysCtlIntUnregister               
00001a3d  SysCtlIntStatus                   
00001a4d  SysCtlIntRegister                 
00001a5f  SysCtlIntEnable                   
00001a6b  SysCtlIntDisable                  
00001a79  SysCtlIntClear                    
00001a8d  SysCtlGPIOAHBEnable               
00001aa3  SysCtlGPIOAHBDisable              
00001ab9  SysCtlFlashSizeGet                
00001ae9  SysCtlFlashSectorSizeGet          
00001b0f  SysCtlDeepSleepPowerSet           
00001b15  SysCtlDeepSleepClockSet           
00001b21  SysCtlDeepSleepClockConfigSet     
00001b7d  SysCtlDeepSleep                   
00001ba5  SysCtlClockSet                    
00001c89  SysCtlClockOutConfig              
00001cb1  SysCtlClockGet                    
00001e71  SysCtlClockFreqSet                
00002061  SysCtlAltClkConfig                
000020b9  GPIOUnlockPin                     
000020cb  GPIOPinWrite                      
000020d1  GPIOPinWakeStatus                 
000020d7  GPIODirModeSet                    
00002107  GPIOPadConfigSet                  
00002287  GPIOPinTypeWakeLow                
0000229f  GPIOPinTypeWakeHigh               
000022b7  GPIOPinTypeUSBDigital             
000022cd  GPIOPinTypeUSBAnalog              
000022e3  GPIOPinTypeUART                   
000022f9  GPIOPinTypeTrace                  
0000230f  GPIOPinTypeTimer                  
00002325  GPIOPinTypeSSI                    
0000233b  GPIOPinTypeQEI                    
00002351  GPIOPinTypePWM                    
00002367  GPIOPinTypeOneWire                
0000237d  GPIOPinTypeLCD                    
00002393  GPIOPinTypeI2CSCL                 
000023a9  GPIOPinTypeI2C                    
000023bf  GPIOPinTypeHibernateRTCCLK        
000023d5  GPIOPinTypeGPIOOutputOD           
000023ef  GPIOPinTypeGPIOOutput             
00002409  GPIOPinTypeGPIOInput              
00002425  GPIOPinTypeEthernetMII            
0000243b  GPIOPinTypeEthernetLED            
00002451  GPIOPinTypeEPI                    
00002475  GPIOPinTypeDIVSCLK                
0000248b  GPIOPinTypeComparatorOutput       
000024a1  GPIOPinTypeComparator             
000024b7  GPIOPinTypeCAN                    
000024cd  GPIOPinTypeADC                    
000024e3  GPIOPinRead                       
000024e9  GPIOPinConfigure                  
00002527  GPIOPadConfigGet                  
00002629  GPIOIntUnregisterPin              
00002641  GPIOIntUnregister                 
00002655  GPIOIntTypeSet                    
000026b5  GPIOIntTypeGet                    
00002701  GPIOIntStatus                     
0000270f  GPIOIntRegisterPin                
0000272b  GPIOIntRegister                   
00002743  GPIOIntEnable                     
0000274f  GPIOIntDisable                    
0000275d  GPIOIntClear                      
00002763  GPIODirModeGet                    
0000278d  GPIODMATriggerEnable              
00002799  GPIODMATriggerDisable             
000027a7  GPIOADCTriggerEnable              
000027b3  GPIOADCTriggerDisable             
000027e1  sleep                             
000027ff  SysTick_Handler                   
00002887  G8RTOS_Scheduler                  
000028e7  G8RTOS_Launch                     
0000290b  G8RTOS_GetNumberOfThreads         
00002911  G8RTOS_KillThread                 
00002993  G8RTOS_KillSelf                   
000029e9  G8RTOS_Init                       
00002a15  G8RTOS_GetThreadID                
00002a1d  G8RTOS_Add_PeriodicEvent          
00002acb  G8RTOS_Add_APeriodicEvent         
00002b45  G8RTOS_AddThread                  
00002ccd  ADCSoftwareOversampleStepConfigure
00002d53  ADCSoftwareOversampleDataGet      
00002da1  ADCSoftwareOversampleConfigure    
00002dcb  ADCSequenceUnderflowClear         
00002dd5  ADCSequenceUnderflow              
00002ddf  ADCSequenceStepConfigure          
00002e61  ADCSequenceOverflowClear          
00002e6b  ADCSequenceOverflow               
00002e75  ADCSequenceEnable                 
00002e83  ADCSequenceDisable                
00002e91  ADCSequenceDataGet                
00002eaf  ADCSequenceDMAEnable              
00002ebf  ADCSequenceDMADisable             
00002ecf  ADCSequenceConfigure              
00002f1b  ADCReferenceSet                   
00002f27  ADCReferenceGet                   
00002f2f  ADCProcessorTrigger               
00002f47  ADCPhaseDelaySet                  
00002f4b  ADCPhaseDelayGet                  
00002f8f  ADCIntUnregister                  
00002fa3  ADCIntStatusEx                    
00002fb7  ADCIntStatus                      
00002fe5  ADCIntRegister                    
00002ffd  ADCIntEnableEx                    
00003005  ADCIntEnable                      
00003019  ADCIntDisableEx                   
00003023  ADCIntDisable                     
00003031  ADCIntClearEx                     
00003035  ADCIntClear                       
00003045  ADCHardwareOversampleConfigure    
00003061  ADCComparatorReset                
00003081  ADCComparatorRegionSet            
0000308f  ADCComparatorIntStatus            
00003093  ADCComparatorIntEnable            
000030a3  ADCComparatorIntDisable           
000030b3  ADCComparatorIntClear             
000030b7  ADCComparatorConfigure            
000030c1  ADCClockConfigSet                 
000030d9  ADCClockConfigGet                 
000030f7  ADCBusy                           
00003115  delay_ms                          
0000312f  ST7789_WriteData                  
00003137  ST7789_SetCommand                 
00003141  ST7789_SetData                    
0000314b  ST7789_WriteCommand               
00003161  ST7789_SetWindow                  
000031d7  ST7789_Select                     
000031e1  ST7789_ReadRegister               
000031e7  ST7789_Deselect                   
000031f1  ST7789_DrawPixel                  
00003225  ST7789_Line                       
000032db  ST7789_DrawRectangle              
0000333b  ST7789_Fill                       
0000334f  ST7789_Init                       
0000343d  ST7789_DrawVLine                  
0000349b  ST7789_DrawHLine                  
000034ff  ST7789_DrawLine                   
00003549  I2CTxFIFOFlush                    
00003557  I2CTxFIFOConfigSet                
0000356f  I2CSlaveStatus                    
00003575  I2CSlaveIntStatusEx               
00003583  I2CSlaveIntStatus                 
00003599  I2CSlaveIntEnableEx               
000035a5  I2CSlaveIntEnable                 
000035b3  I2CSlaveIntDisableEx              
000035c1  I2CSlaveIntDisable                
000035cf  I2CSlaveIntClearEx                
000035d5  I2CSlaveIntClear                  
000035dd  I2CSlaveEnable                    
000035ed  I2CSlaveInit                      
000035fb  I2CSlaveFIFOEnable                
00003605  I2CSlaveFIFODisable               
0000360d  I2CSlaveDisable                   
0000361d  I2CSlaveDataPut                   
00003623  I2CSlaveDataGet                   
00003629  I2CSlaveAddressSet                
0000363f  I2CSlaveACKValueSet               
0000365f  I2CSlaveACKOverride               
0000367f  I2CRxFIFOFlush                    
0000368d  I2CRxFIFOConfigSet                
000036a5  I2CMasterTimeoutSet               
000036a9  I2CMasterSlaveAddrSet             
000036b1  I2CMasterLineStateGet             
000036b5  I2CMasterIntStatusEx              
000036bf  I2CMasterIntStatus                
000036d1  I2CMasterIntEnableEx              
000036d9  I2CMasterIntEnable                
000036df  I2CMasterIntDisableEx             
000036e9  I2CMasterIntDisable               
000036ef  I2CMasterIntClearEx               
000036f3  I2CMasterIntClear                 
000036fb  I2CMasterEnable                   
00003705  I2CMasterInitExpClk               
00003749  I2CMasterGlitchFilterConfigSet    
0000377b  I2CMasterErr                      
00003795  I2CMasterDisable                  
0000379f  I2CMasterDataPut                  
000037a3  I2CMasterDataGet                  
000037a7  I2CMasterControl                  
000037ab  I2CMasterBusy                     
000037b3  I2CMasterBusBusy                  
000037bb  I2CMasterBurstLengthSet           
000037bf  I2CMasterBurstCountGet            
000037c3  I2CLoopbackEnable                 
00003805  I2CIntUnregister                  
00003819  I2CIntRegister                    
00003831  I2CFIFOStatus                     
00003837  I2CFIFODataPutNonBlocking         
0000384b  I2CFIFODataPut                    
00003859  I2CFIFODataGetNonBlocking         
0000386f  I2CFIFODataGet                    
0000389d  UARTwrite                         
000038d1  UARTvprintf                       
00003ac9  UARTprintf                        
00003ae3  UARTgets                          
00003b5b  UARTgetc                          
00003b69  UARTStdioConfig                   
00003bd1  UARTTxIntModeSet                  
00003bdd  UARTTxIntModeGet                  
00003be5  UARTSpaceAvail                    
00003bf3  UARTSmartCardEnable               
00003c09  UARTSmartCardDisable              
00003c13  UARTRxErrorGet                    
00003c1b  UARTRxErrorClear                  
00003c21  UARTParityModeSet                 
00003c2d  UARTParityModeGet                 
00003c35  UARTModemStatusGet                
00003c3f  UARTModemControlSet               
00003c4b  UARTModemControlGet               
00003c53  UARTModemControlClear             
00003c65  UARTLoopbackEnable                
00003ca5  UARTIntUnregister                 
00003cb9  UARTIntStatus                     
00003cc3  UARTIntRegister                   
00003cdb  UARTIntEnable                     
00003ce3  UARTIntDisable                    
00003ced  UARTIntClear                      
00003cf1  UARTFlowControlSet                
00003cfd  UARTFlowControlGet                
00003d05  UARTFIFOLevelSet                  
00003d0b  UARTFIFOLevelGet                  
00003d1b  UARTFIFOEnable                    
00003d25  UARTFIFODisable                   
00003d2f  UARTEnableSIR                     
00003d47  UARTEnable                        
00003d5b  UARTDisableSIR                    
00003d65  UARTDisable                       
00003d7d  UARTDMAEnable                     
00003d85  UARTDMADisable                    
00003d8f  UARTConfigSetExpClk               
00003dd3  UARTConfigGetExpClk               
00003dfb  UARTClockSourceSet                
00003e01  UARTClockSourceGet                
00003e07  UARTCharsAvail                    
00003e15  UARTCharPutNonBlocking            
00003e25  UARTCharPut                       
00003e2f  UARTCharGetNonBlocking            
00003e3f  UARTCharGet                       
00003e49  UARTBusy                          
00003e51  UARTBreakCtl                      
00003e65  UART9BitEnable                    
00003e73  UART9BitDisable                   
00003e81  UART9BitAddrSet                   
00003e8b  UART9BitAddrSend                  
00003ecb  IntUnregister                     
00003ed5  IntTrigger                        
00003edd  IntRegister                       
00003f07  IntPrioritySet                    
00003f33  IntPriorityGroupingSet            
00003f45  IntPriorityGroupingGet            
00003f67  IntPriorityGet                    
00003f81  IntPendSet                        
00003fcb  IntPendClear                      
00004007  IntMasterEnable                   
00004017  IntMasterDisable                  
00004027  IntIsEnabled                      
0000407f  IntEnable                         
000040d9  IntDisable                        
0000416d  I2C_WriteSingle                   
0000419b  I2C_WriteMultiple                 
00004221  I2C_ReadSingle                    
0000424d  I2C_ReadMultiple                  
000042d3  I2C_Init                          
00004381  SPI_WriteSingle                   
00004395  SPI_WriteMultiple                 
000043d3  SPI_ReadSingle                    
000043f7  SPI_ReadMultiple                  
00004445  SPI_Init                          
00004535  SSILoopbackEnable                 
0000453f  SSILoopbackDisable                
0000457f  SSIIntUnregister                  
00004593  SSIIntStatus                      
0000459d  SSIIntRegister                    
000045b5  SSIIntEnable                      
000045bd  SSIIntDisable                     
000045c7  SSIIntClear                       
000045cb  SSIEnable                         
000045d5  SSIDisable                        
000045df  SSIDataPutNonBlocking             
000045ef  SSIDataPut                        
000045f9  SSIDataGetNonBlocking             
0000460b  SSIDataGet                        
00004617  SSIDMAEnable                      
0000461f  SSIDMADisable                     
00004629  SSIConfigSetExpClk                
00004667  SSIClockSourceSet                 
0000466d  SSIClockSourceGet                 
00004673  SSIBusy                           
0000467b  SSIAdvModeSet                     
00004687  SSIAdvFrameHoldEnable             
00004691  SSIAdvFrameHoldDisable            
0000469b  SSIAdvDataPutFrameEndNonBlocking  
000046b3  SSIAdvDataPutFrameEnd             
000046d9  G8RTOS_WriteFIFO                  
0000474d  G8RTOS_ReadFIFO                   
000047b1  G8RTOS_InitFIFO                   
00004819  PCA9956b_SetAllOff                
00004845  PCA9956b_SetAllMax                
00004871  PCA9956b_Init                     
000048c7  PCA9956b_GetChipID                
000048df  PCA9956b_EnableOutput             
000048e9  PCA9956b_DisableOutput            
000048f3  PCA9556b_SetLED                   
00004949  JOYSTICK_IntEnable                
0000496f  JOYSTICK_Init                     
000049bf  JOYSTICK_GetXY                    
000049f7  JOYSTICK_GetY                     
00004a01  JOYSTICK_GetX                     
00004a0d  JOYSTICK_GetPress                 
00004a35  PCA9555_SetPinPol                 
00004a57  PCA9555_SetPinDir                 
00004a79  PCA9555_SetOutput                 
00004a9b  PCA9555_ReadReg                   
00004ac3  PCA9555_GetInput                  
00004afd  __aeabi_memcpy                    
00004afd  __aeabi_memcpy4                   
00004afd  __aeabi_memcpy8                   
00004afd  memcpy                            
00004b99  G8RTOS_WaitSemaphore              
00004bcf  G8RTOS_SignalSemaphore            
00004c03  G8RTOS_InitSemaphore              
00004c29  SysTickValueGet                   
00004c2f  SysTickPeriodSet                  
00004c39  SysTickPeriodGet                  
00004c43  SysTickIntUnregister              
00004c55  SysTickIntRegister                
00004c6d  SysTickIntEnable                  
00004c7b  SysTickIntDisable                 
00004c89  SysTickEnable                     
00004c97  SysTickDisable                    
00004ca9  __aeabi_memclr                    
00004ca9  __aeabi_memclr4                   
00004ca9  __aeabi_memclr8                   
00004cab  __aeabi_memset                    
00004cab  __aeabi_memset4                   
00004cab  __aeabi_memset8                   
00004cb1  memset                            
00004d23  __TI_decompress_lzss              
00004d8b  _nop                              
00004d95  G8RTOS_Start                      
00004db9  PendSV_Handler                    
00004ded  UART_Init                         
00004e35  UART_BeagleBone_Init              
00004e45  MultimodButtons_Init              
00004e71  MultimodButtons_Get               
00004eb1  main                              
00004edd  __TI_auto_init_nobinit_nopinit    
00004f21  __aeabi_uidiv                     
00004f21  __aeabi_uidivmod                  
00004f61  CPUwfi                            
00004f61  SysCtlSleep                       
00004f65  CPUprimask                        
00004f6f  CPUcpsie                          
00004f7b  CPUcpsid                          
00004f87  CPUbasepriSet                     
00004f87  IntPriorityMaskSet                
00004f8d  CPUbasepriGet                     
00004f8d  IntPriorityMaskGet                
00004f97  __aeabi_idiv0                     
00004f97  __aeabi_ldiv0                     
00004f99  _c_int00_noargs                   
00004fcd  rand                              
00005001  StartCriticalSection              
00005009  EndCriticalSection                
0000500f  __TI_decompress_none              
0000501d  __TI_zero_init                    
00005029  ResetISR                          
00005035  SysCtlDelay                       
0000503b  _system_pre_init                  
0000503f  C$$EXIT                           
0000503f  abort                             
000057f4  __TI_Handler_Table_Base           
00005800  __TI_Handler_Table_Limit          
00005810  __TI_CINIT_Base                   
00005828  __TI_CINIT_Limit                  
20000000  __start___llvm_prf_cnts           
20000000  __stop___llvm_prf_cnts            
20000000  g_pfnRAMVectors                   
20001de0  CurrentlyRunningThread            
20001de4  IBit_State                        
20001de8  SystemTime                        
20001dec  sem_GameState                     
20001df0  sem_I2CA                          
20001df4  sem_PCA9555_Debounce              
20001df8  sem_SPIA                          
20001dfc  sem_UART                          
20001e00  __stack                           
20002000  __STACK_END                       
20002000  __STACK_TOP                       
20002000  dropSpeed                         
20002014  _lock                             
20002018  _unlock                           
ffffffff  __TI_pprof_out_hndl               
ffffffff  __TI_prof_data_size               
ffffffff  __TI_prof_data_start              
ffffffff  __binit__                         
ffffffff  __c_args__                        
ffffffff  binit                             
UNDEFED   __mpu_init                        
UNDEFED   _system_post_cinit                

[447 symbols]
